Archive member included to satisfy reference by file (symbol)

c:/st/stm32cubeide_1.2.0/stm32cubeide/plugins/com.st.stm32cube.ide.mcu.externaltools.gnu-tools-for-stm32.7-2018-q2-update.win32_1.0.0.201904181610/tools/bin/../lib/gcc/arm-none-eabi/7.3.1/../../../../arm-none-eabi/lib/thumb/v7-m\libc_nano.a(lib_a-errno.o)
                              Core/Src/syscalls.o (__errno)
c:/st/stm32cubeide_1.2.0/stm32cubeide/plugins/com.st.stm32cube.ide.mcu.externaltools.gnu-tools-for-stm32.7-2018-q2-update.win32_1.0.0.201904181610/tools/bin/../lib/gcc/arm-none-eabi/7.3.1/../../../../arm-none-eabi/lib/thumb/v7-m\libc_nano.a(lib_a-exit.o)
                              c:/st/stm32cubeide_1.2.0/stm32cubeide/plugins/com.st.stm32cube.ide.mcu.externaltools.gnu-tools-for-stm32.7-2018-q2-update.win32_1.0.0.201904181610/tools/bin/../lib/gcc/arm-none-eabi/7.3.1/../../../../arm-none-eabi/lib/thumb/v7-m/crt0.o (exit)
c:/st/stm32cubeide_1.2.0/stm32cubeide/plugins/com.st.stm32cube.ide.mcu.externaltools.gnu-tools-for-stm32.7-2018-q2-update.win32_1.0.0.201904181610/tools/bin/../lib/gcc/arm-none-eabi/7.3.1/../../../../arm-none-eabi/lib/thumb/v7-m\libc_nano.a(lib_a-impure.o)
                              c:/st/stm32cubeide_1.2.0/stm32cubeide/plugins/com.st.stm32cube.ide.mcu.externaltools.gnu-tools-for-stm32.7-2018-q2-update.win32_1.0.0.201904181610/tools/bin/../lib/gcc/arm-none-eabi/7.3.1/../../../../arm-none-eabi/lib/thumb/v7-m\libc_nano.a(lib_a-exit.o) (_global_impure_ptr)
c:/st/stm32cubeide_1.2.0/stm32cubeide/plugins/com.st.stm32cube.ide.mcu.externaltools.gnu-tools-for-stm32.7-2018-q2-update.win32_1.0.0.201904181610/tools/bin/../lib/gcc/arm-none-eabi/7.3.1/../../../../arm-none-eabi/lib/thumb/v7-m\libc_nano.a(lib_a-init.o)
                              c:/st/stm32cubeide_1.2.0/stm32cubeide/plugins/com.st.stm32cube.ide.mcu.externaltools.gnu-tools-for-stm32.7-2018-q2-update.win32_1.0.0.201904181610/tools/bin/../lib/gcc/arm-none-eabi/7.3.1/../../../../arm-none-eabi/lib/thumb/v7-m/crt0.o (__libc_init_array)
c:/st/stm32cubeide_1.2.0/stm32cubeide/plugins/com.st.stm32cube.ide.mcu.externaltools.gnu-tools-for-stm32.7-2018-q2-update.win32_1.0.0.201904181610/tools/bin/../lib/gcc/arm-none-eabi/7.3.1/../../../../arm-none-eabi/lib/thumb/v7-m\libc_nano.a(lib_a-memset.o)
                              c:/st/stm32cubeide_1.2.0/stm32cubeide/plugins/com.st.stm32cube.ide.mcu.externaltools.gnu-tools-for-stm32.7-2018-q2-update.win32_1.0.0.201904181610/tools/bin/../lib/gcc/arm-none-eabi/7.3.1/../../../../arm-none-eabi/lib/thumb/v7-m/crt0.o (memset)
c:/st/stm32cubeide_1.2.0/stm32cubeide/plugins/com.st.stm32cube.ide.mcu.externaltools.gnu-tools-for-stm32.7-2018-q2-update.win32_1.0.0.201904181610/tools/bin/../lib/gcc/arm-none-eabi/7.3.1/../../../../arm-none-eabi/lib/thumb/v7-m\libc_nano.a(lib_a-strlen.o)
                              Core/Src/main.o (strlen)

Allocating common symbols
Common symbol       size              file

fre_clust           0x4               Core/Src/main.o
USERPath            0x4               FATFS/App/fatfs.o
fno                 0x18              Core/Src/main.o
fs                  0x230             Core/Src/main.o
uwTick              0x4               Drivers/STM32F1xx_HAL_Driver/Src/stm32f1xx_hal.o
br                  0x4               Core/Src/main.o
pFlash              0x20              Drivers/STM32F1xx_HAL_Driver/Src/stm32f1xx_hal_flash.o
free_space          0x4               Core/Src/main.o
huart1              0x40              Core/Src/main.o
buffer              0x80              Core/Src/main.o
retUSER             0x1               FATFS/App/fatfs.o
bw                  0x4               Core/Src/main.o
Timer2              0x1               Core/Src/stm32f1xx_it.o
pfs                 0x4               Core/Src/main.o
fresult             0x1               Core/Src/main.o
hspi1               0x58              Core/Src/main.o
total               0x4               Core/Src/main.o
Timer1              0x1               Core/Src/stm32f1xx_it.o
fil                 0x22c             Core/Src/main.o
USERFile            0x22c             FATFS/App/fatfs.o
USERFatFS           0x230             FATFS/App/fatfs.o

Discarded input sections

 .text          0x0000000000000000        0x0 c:/st/stm32cubeide_1.2.0/stm32cubeide/plugins/com.st.stm32cube.ide.mcu.externaltools.gnu-tools-for-stm32.7-2018-q2-update.win32_1.0.0.201904181610/tools/bin/../lib/gcc/arm-none-eabi/7.3.1/thumb/v7-m/crti.o
 .data          0x0000000000000000        0x0 c:/st/stm32cubeide_1.2.0/stm32cubeide/plugins/com.st.stm32cube.ide.mcu.externaltools.gnu-tools-for-stm32.7-2018-q2-update.win32_1.0.0.201904181610/tools/bin/../lib/gcc/arm-none-eabi/7.3.1/thumb/v7-m/crti.o
 .bss           0x0000000000000000        0x0 c:/st/stm32cubeide_1.2.0/stm32cubeide/plugins/com.st.stm32cube.ide.mcu.externaltools.gnu-tools-for-stm32.7-2018-q2-update.win32_1.0.0.201904181610/tools/bin/../lib/gcc/arm-none-eabi/7.3.1/thumb/v7-m/crti.o
[...]
Memory Configuration

Name             Origin             Length             Attributes
RAM              0x0000000020000000 0x0000000000005000 xrw
FLASH            0x0000000008000000 0x0000000000010000 xr
*default*        0x0000000000000000 0xffffffffffffffff

Linker script and memory map

LOAD c:/st/stm32cubeide_1.2.0/stm32cubeide/plugins/com.st.stm32cube.ide.mcu.externaltools.gnu-tools-for-stm32.7-2018-q2-update.win32_1.0.0.201904181610/tools/bin/../lib/gcc/arm-none-eabi/7.3.1/thumb/v7-m/crti.o
LOAD c:/st/stm32cubeide_1.2.0/stm32cubeide/plugins/com.st.stm32cube.ide.mcu.externaltools.gnu-tools-for-stm32.7-2018-q2-update.win32_1.0.0.201904181610/tools/bin/../lib/gcc/arm-none-eabi/7.3.1/thumb/v7-m/crtbegin.o
LOAD c:/st/stm32cubeide_1.2.0/stm32cubeide/plugins/com.st.stm32cube.ide.mcu.externaltools.gnu-tools-for-stm32.7-2018-q2-update.win32_1.0.0.201904181610/tools/bin/../lib/gcc/arm-none-eabi/7.3.1/../../../../arm-none-eabi/lib/thumb/v7-m/crt0.o
LOAD Core/Src/fatfs_sd.o
LOAD Core/Src/main.o
LOAD Core/Src/stm32f1xx_hal_msp.o
LOAD Core/Src/stm32f1xx_it.o
LOAD Core/Src/syscalls.o
LOAD Core/Src/sysmem.o
LOAD Core/Src/system_stm32f1xx.o
LOAD Core/Startup/startup_stm32f103c8tx.o
LOAD Drivers/STM32F1xx_HAL_Driver/Src/stm32f1xx_hal.o
LOAD Drivers/STM32F1xx_HAL_Driver/Src/stm32f1xx_hal_cortex.o
LOAD Drivers/STM32F1xx_HAL_Driver/Src/stm32f1xx_hal_dma.o
LOAD Drivers/STM32F1xx_HAL_Driver/Src/stm32f1xx_hal_exti.o
LOAD Drivers/STM32F1xx_HAL_Driver/Src/stm32f1xx_hal_flash.o
LOAD Drivers/STM32F1xx_HAL_Driver/Src/stm32f1xx_hal_flash_ex.o
LOAD Drivers/STM32F1xx_HAL_Driver/Src/stm32f1xx_hal_gpio.o
LOAD Drivers/STM32F1xx_HAL_Driver/Src/stm32f1xx_hal_gpio_ex.o
LOAD Drivers/STM32F1xx_HAL_Driver/Src/stm32f1xx_hal_pwr.o
LOAD Drivers/STM32F1xx_HAL_Driver/Src/stm32f1xx_hal_rcc.o
LOAD Drivers/STM32F1xx_HAL_Driver/Src/stm32f1xx_hal_rcc_ex.o
LOAD Drivers/STM32F1xx_HAL_Driver/Src/stm32f1xx_hal_spi.o
LOAD Drivers/STM32F1xx_HAL_Driver/Src/stm32f1xx_hal_tim.o
LOAD Drivers/STM32F1xx_HAL_Driver/Src/stm32f1xx_hal_tim_ex.o
LOAD Drivers/STM32F1xx_HAL_Driver/Src/stm32f1xx_hal_uart.o
LOAD FATFS/App/fatfs.o
LOAD FATFS/Target/user_diskio.o
LOAD Middlewares/Third_Party/FatFs/src/diskio.o
LOAD Middlewares/Third_Party/FatFs/src/ff.o
LOAD Middlewares/Third_Party/FatFs/src/ff_gen_drv.o
LOAD Middlewares/Third_Party/FatFs/src/option/syscall.o
START GROUP
LOAD c:/st/stm32cubeide_1.2.0/stm32cubeide/plugins/com.st.stm32cube.ide.mcu.externaltools.gnu-tools-for-stm32.7-2018-q2-update.win32_1.0.0.201904181610/tools/bin/../lib/gcc/arm-none-eabi/7.3.1/../../../../arm-none-eabi/lib/thumb/v7-m\libc_nano.a
LOAD c:/st/stm32cubeide_1.2.0/stm32cubeide/plugins/com.st.stm32cube.ide.mcu.externaltools.gnu-tools-for-stm32.7-2018-q2-update.win32_1.0.0.201904181610/tools/bin/../lib/gcc/arm-none-eabi/7.3.1/../../../../arm-none-eabi/lib/thumb/v7-m\libm.a
END GROUP
START GROUP
LOAD c:/st/stm32cubeide_1.2.0/stm32cubeide/plugins/com.st.stm32cube.ide.mcu.externaltools.gnu-tools-for-stm32.7-2018-q2-update.win32_1.0.0.201904181610/tools/bin/../lib/gcc/arm-none-eabi/7.3.1/thumb/v7-m\libgcc.a
LOAD c:/st/stm32cubeide_1.2.0/stm32cubeide/plugins/com.st.stm32cube.ide.mcu.externaltools.gnu-tools-for-stm32.7-2018-q2-update.win32_1.0.0.201904181610/tools/bin/../lib/gcc/arm-none-eabi/7.3.1/../../../../arm-none-eabi/lib/thumb/v7-m\libc_nano.a
END GROUP
START GROUP
LOAD c:/st/stm32cubeide_1.2.0/stm32cubeide/plugins/com.st.stm32cube.ide.mcu.externaltools.gnu-tools-for-stm32.7-2018-q2-update.win32_1.0.0.201904181610/tools/bin/../lib/gcc/arm-none-eabi/7.3.1/thumb/v7-m\libgcc.a
LOAD c:/st/stm32cubeide_1.2.0/stm32cubeide/plugins/com.st.stm32cube.ide.mcu.externaltools.gnu-tools-for-stm32.7-2018-q2-update.win32_1.0.0.201904181610/tools/bin/../lib/gcc/arm-none-eabi/7.3.1/../../../../arm-none-eabi/lib/thumb/v7-m\libc_nano.a
LOAD c:/st/stm32cubeide_1.2.0/stm32cubeide/plugins/com.st.stm32cube.ide.mcu.externaltools.gnu-tools-for-stm32.7-2018-q2-update.win32_1.0.0.201904181610/tools/bin/../lib/gcc/arm-none-eabi/7.3.1/../../../../arm-none-eabi/lib/thumb/v7-m\libnosys.a
END GROUP
START GROUP
LOAD c:/st/stm32cubeide_1.2.0/stm32cubeide/plugins/com.st.stm32cube.ide.mcu.externaltools.gnu-tools-for-stm32.7-2018-q2-update.win32_1.0.0.201904181610/tools/bin/../lib/gcc/arm-none-eabi/7.3.1/thumb/v7-m\libgcc.a
LOAD c:/st/stm32cubeide_1.2.0/stm32cubeide/plugins/com.st.stm32cube.ide.mcu.externaltools.gnu-tools-for-stm32.7-2018-q2-update.win32_1.0.0.201904181610/tools/bin/../lib/gcc/arm-none-eabi/7.3.1/../../../../arm-none-eabi/lib/thumb/v7-m\libc_nano.a
LOAD c:/st/stm32cubeide_1.2.0/stm32cubeide/plugins/com.st.stm32cube.ide.mcu.externaltools.gnu-tools-for-stm32.7-2018-q2-update.win32_1.0.0.201904181610/tools/bin/../lib/gcc/arm-none-eabi/7.3.1/../../../../arm-none-eabi/lib/thumb/v7-m\libnosys.a
END GROUP
LOAD c:/st/stm32cubeide_1.2.0/stm32cubeide/plugins/com.st.stm32cube.ide.mcu.externaltools.gnu-tools-for-stm32.7-2018-q2-update.win32_1.0.0.201904181610/tools/bin/../lib/gcc/arm-none-eabi/7.3.1/thumb/v7-m/crtend.o
LOAD c:/st/stm32cubeide_1.2.0/stm32cubeide/plugins/com.st.stm32cube.ide.mcu.externaltools.gnu-tools-for-stm32.7-2018-q2-update.win32_1.0.0.201904181610/tools/bin/../lib/gcc/arm-none-eabi/7.3.1/thumb/v7-m/crtn.o
                0x0000000020005000                _estack = (ORIGIN (RAM) + LENGTH (RAM))
                0x0000000000000200                _Min_Heap_Size = 0x200
                0x0000000000000400                _Min_Stack_Size = 0x400

.isr_vector     0x0000000008000000      0x10c
                0x0000000008000000                . = ALIGN (0x4)
 *(.isr_vector)
 .isr_vector    0x0000000008000000      0x10c Core/Startup/startup_stm32f103c8tx.o
                0x0000000008000000                g_pfnVectors
                0x000000000800010c                . = ALIGN (0x4)

.text           0x000000000800010c     0x5af8
                0x000000000800010c                . = ALIGN (0x4)
 *(.text)
 .text          0x000000000800010c       0x40 c:/st/stm32cubeide_1.2.0/stm32cubeide/plugins/com.st.stm32cube.ide.mcu.externaltools.gnu-tools-for-stm32.7-2018-q2-update.win32_1.0.0.201904181610/tools/bin/../lib/gcc/arm-none-eabi/7.3.1/thumb/v7-m/crtbegin.o
 .text          0x000000000800014c       0x10 c:/st/stm32cubeide_1.2.0/stm32cubeide/plugins/com.st.stm32cube.ide.mcu.externaltools.gnu-tools-for-stm32.7-2018-q2-update.win32_1.0.0.201904181610/tools/bin/../lib/gcc/arm-none-eabi/7.3.1/../../../../arm-none-eabi/lib/thumb/v7-m\libc_nano.a(lib_a-strlen.o)
                0x000000000800014c                strlen
 *(.text*)
 .text.SELECT   0x000000000800015c       0x18 Core/Src/fatfs_sd.o
 .text.DESELECT
                0x0000000008000174       0x18 Core/Src/fatfs_sd.o
 .text.SPI_TxByte
                0x000000000800018c       0x34 Core/Src/fatfs_sd.o
 .text.SPI_RxByte
                0x00000000080001c0       0x3c Core/Src/fatfs_sd.o
 .text.SPI_RxBytePtr
                0x00000000080001fc       0x1c Core/Src/fatfs_sd.o
 .text.SD_ReadyWait
                0x0000000008000218       0x38 Core/Src/fatfs_sd.o
 .text.SD_PowerOn
                0x0000000008000250       0x98 Core/Src/fatfs_sd.o
 .text.SD_PowerOff
                0x00000000080002e8       0x18 Core/Src/fatfs_sd.o
 .text.SD_CheckPower
                0x0000000008000300       0x14 Core/Src/fatfs_sd.o
 .text.SD_RxDataBlock
                0x0000000008000314       0x6c Core/Src/fatfs_sd.o
 .text.SD_TxDataBlock
                0x0000000008000380       0xa8 Core/Src/fatfs_sd.o
 .text.SD_SendCmd
                0x0000000008000428       0xa4 Core/Src/fatfs_sd.o
 .text.SD_disk_initialize
                0x00000000080004cc      0x1d4 Core/Src/fatfs_sd.o
                0x00000000080004cc                SD_disk_initialize
 .text.SD_disk_status
                0x00000000080006a0       0x28 Core/Src/fatfs_sd.o
                0x00000000080006a0                SD_disk_status
 .text.SD_disk_read
                0x00000000080006c8       0xd4 Core/Src/fatfs_sd.o
                0x00000000080006c8                SD_disk_read
 .text.SD_disk_write
                0x000000000800079c      0x108 Core/Src/fatfs_sd.o
                0x000000000800079c                SD_disk_write
 .text.SD_disk_ioctl
                0x00000000080008a4      0x25c Core/Src/fatfs_sd.o
                0x00000000080008a4                SD_disk_ioctl
 .text.clear_buffer
                0x0000000008000b00       0x30 Core/Src/main.o
                0x0000000008000b00                clear_buffer
 .text.send_uart
                0x0000000008000b30       0x30 Core/Src/main.o
                0x0000000008000b30                send_uart
 .text.main     0x0000000008000b60      0x118 Core/Src/main.o
                0x0000000008000b60                main
 .text.SystemClock_Config
                0x0000000008000c78       0x8a Core/Src/main.o
                0x0000000008000c78                SystemClock_Config
 *fill*         0x0000000008000d02        0x2 
 .text.MX_SPI1_Init
                0x0000000008000d04       0x6c Core/Src/main.o
 .text.MX_USART1_UART_Init
                0x0000000008000d70       0x54 Core/Src/main.o
 .text.MX_GPIO_Init
                0x0000000008000dc4       0x94 Core/Src/main.o
 .text.Error_Handler
                0x0000000008000e58        0xc Core/Src/main.o
                0x0000000008000e58                Error_Handler
 .text.HAL_MspInit
                0x0000000008000e64       0x64 Core/Src/stm32f1xx_hal_msp.o
                0x0000000008000e64                HAL_MspInit
 .text.HAL_SPI_MspInit
                0x0000000008000ec8       0x94 Core/Src/stm32f1xx_hal_msp.o
                0x0000000008000ec8                HAL_SPI_MspInit
 .text.HAL_UART_MspInit
                0x0000000008000f5c       0x98 Core/Src/stm32f1xx_hal_msp.o
                0x0000000008000f5c                HAL_UART_MspInit
 .text.SDTimer_Handler
                0x0000000008000ff4       0x44 Core/Src/stm32f1xx_it.o
                0x0000000008000ff4                SDTimer_Handler
 .text.NMI_Handler
                0x0000000008001038        0xc Core/Src/stm32f1xx_it.o
                0x0000000008001038                NMI_Handler
 .text.HardFault_Handler
                0x0000000008001044        0x6 Core/Src/stm32f1xx_it.o
                0x0000000008001044                HardFault_Handler
 .text.MemManage_Handler
                0x000000000800104a        0x6 Core/Src/stm32f1xx_it.o
                0x000000000800104a                MemManage_Handler
 .text.BusFault_Handler
                0x0000000008001050        0x6 Core/Src/stm32f1xx_it.o
                0x0000000008001050                BusFault_Handler
 .text.UsageFault_Handler
                0x0000000008001056        0x6 Core/Src/stm32f1xx_it.o
                0x0000000008001056                UsageFault_Handler
 .text.SVC_Handler
                0x000000000800105c        0xc Core/Src/stm32f1xx_it.o
                0x000000000800105c                SVC_Handler
 .text.DebugMon_Handler
                0x0000000008001068        0xc Core/Src/stm32f1xx_it.o
                0x0000000008001068                DebugMon_Handler
 .text.PendSV_Handler
                0x0000000008001074        0xc Core/Src/stm32f1xx_it.o
                0x0000000008001074                PendSV_Handler
 .text.SysTick_Handler
                0x0000000008001080       0x34 Core/Src/stm32f1xx_it.o
                0x0000000008001080                SysTick_Handler
 .text.SystemInit
                0x00000000080010b4       0x68 Core/Src/system_stm32f1xx.o
                0x00000000080010b4                SystemInit
 .text.Reset_Handler
                0x000000000800111c       0x48 Core/Startup/startup_stm32f103c8tx.o
                0x000000000800111c                Reset_Handler
 .text.Default_Handler
                0x0000000008001164        0x2 Core/Startup/startup_stm32f103c8tx.o
                0x0000000008001164                RTC_Alarm_IRQHandler
                0x0000000008001164                EXTI2_IRQHandler
                0x0000000008001164                TIM1_CC_IRQHandler
                0x0000000008001164                PVD_IRQHandler
                0x0000000008001164                EXTI3_IRQHandler
                0x0000000008001164                EXTI0_IRQHandler
                0x0000000008001164                I2C2_EV_IRQHandler
                0x0000000008001164                ADC1_2_IRQHandler
                0x0000000008001164                SPI1_IRQHandler
                0x0000000008001164                TAMPER_IRQHandler
                0x0000000008001164                DMA1_Channel4_IRQHandler
                0x0000000008001164                USART3_IRQHandler
                0x0000000008001164                RTC_IRQHandler
                0x0000000008001164                DMA1_Channel7_IRQHandler
                0x0000000008001164                CAN1_RX1_IRQHandler
                0x0000000008001164                TIM4_IRQHandler
                0x0000000008001164                I2C1_EV_IRQHandler
                0x0000000008001164                DMA1_Channel6_IRQHandler
                0x0000000008001164                TIM3_IRQHandler
                0x0000000008001164                RCC_IRQHandler
                0x0000000008001164                TIM1_TRG_COM_IRQHandler
                0x0000000008001164                DMA1_Channel1_IRQHandler
                0x0000000008001164                Default_Handler
                0x0000000008001164                EXTI15_10_IRQHandler
                0x0000000008001164                EXTI9_5_IRQHandler
                0x0000000008001164                SPI2_IRQHandler
                0x0000000008001164                DMA1_Channel5_IRQHandler
                0x0000000008001164                EXTI4_IRQHandler
                0x0000000008001164                USB_LP_CAN1_RX0_IRQHandler
                0x0000000008001164                USB_HP_CAN1_TX_IRQHandler
                0x0000000008001164                DMA1_Channel3_IRQHandler
                0x0000000008001164                TIM1_UP_IRQHandler
                0x0000000008001164                WWDG_IRQHandler
                0x0000000008001164                TIM2_IRQHandler
                0x0000000008001164                TIM1_BRK_IRQHandler
                0x0000000008001164                EXTI1_IRQHandler
                0x0000000008001164                USART2_IRQHandler
                0x0000000008001164                I2C2_ER_IRQHandler
                0x0000000008001164                DMA1_Channel2_IRQHandler
                0x0000000008001164                CAN1_SCE_IRQHandler
                0x0000000008001164                FLASH_IRQHandler
                0x0000000008001164                USART1_IRQHandler
                0x0000000008001164                I2C1_ER_IRQHandler
                0x0000000008001164                USBWakeUp_IRQHandler
 *fill*         0x0000000008001166        0x2 
 .text.HAL_Init
                0x0000000008001168       0x2c Drivers/STM32F1xx_HAL_Driver/Src/stm32f1xx_hal.o
                0x0000000008001168                HAL_Init
 .text.HAL_InitTick
                0x0000000008001194       0x60 Drivers/STM32F1xx_HAL_Driver/Src/stm32f1xx_hal.o
                0x0000000008001194                HAL_InitTick
 .text.HAL_IncTick
                0x00000000080011f4       0x24 Drivers/STM32F1xx_HAL_Driver/Src/stm32f1xx_hal.o
                0x00000000080011f4                HAL_IncTick
 .text.HAL_GetTick
                0x0000000008001218       0x14 Drivers/STM32F1xx_HAL_Driver/Src/stm32f1xx_hal.o
                0x0000000008001218                HAL_GetTick
 .text.__NVIC_SetPriorityGrouping
                0x000000000800122c       0x48 Drivers/STM32F1xx_HAL_Driver/Src/stm32f1xx_hal_cortex.o
 .text.__NVIC_GetPriorityGrouping
                0x0000000008001274       0x1c Drivers/STM32F1xx_HAL_Driver/Src/stm32f1xx_hal_cortex.o
 .text.__NVIC_SetPriority
                0x0000000008001290       0x54 Drivers/STM32F1xx_HAL_Driver/Src/stm32f1xx_hal_cortex.o
 .text.NVIC_EncodePriority
                0x00000000080012e4       0x64 Drivers/STM32F1xx_HAL_Driver/Src/stm32f1xx_hal_cortex.o
 .text.SysTick_Config
                0x0000000008001348       0x44 Drivers/STM32F1xx_HAL_Driver/Src/stm32f1xx_hal_cortex.o
 .text.HAL_NVIC_SetPriorityGrouping
                0x000000000800138c       0x16 Drivers/STM32F1xx_HAL_Driver/Src/stm32f1xx_hal_cortex.o
                0x000000000800138c                HAL_NVIC_SetPriorityGrouping
 .text.HAL_NVIC_SetPriority
                0x00000000080013a2       0x38 Drivers/STM32F1xx_HAL_Driver/Src/stm32f1xx_hal_cortex.o
                0x00000000080013a2                HAL_NVIC_SetPriority
 .text.HAL_SYSTICK_Config
                0x00000000080013da       0x18 Drivers/STM32F1xx_HAL_Driver/Src/stm32f1xx_hal_cortex.o
                0x00000000080013da                HAL_SYSTICK_Config
 *fill*         0x00000000080013f2        0x2 
 .text.HAL_GPIO_Init
                0x00000000080013f4      0x2b4 Drivers/STM32F1xx_HAL_Driver/Src/stm32f1xx_hal_gpio.o
                0x00000000080013f4                HAL_GPIO_Init
 .text.HAL_GPIO_WritePin
                0x00000000080016a8       0x30 Drivers/STM32F1xx_HAL_Driver/Src/stm32f1xx_hal_gpio.o
                0x00000000080016a8                HAL_GPIO_WritePin
 .text.HAL_RCC_OscConfig
                0x00000000080016d8      0x500 Drivers/STM32F1xx_HAL_Driver/Src/stm32f1xx_hal_rcc.o
                0x00000000080016d8                HAL_RCC_OscConfig
 .text.HAL_RCC_ClockConfig
                0x0000000008001bd8      0x1d4 Drivers/STM32F1xx_HAL_Driver/Src/stm32f1xx_hal_rcc.o
                0x0000000008001bd8                HAL_RCC_ClockConfig
 .text.HAL_RCC_GetSysClockFreq
                0x0000000008001dac       0xc4 Drivers/STM32F1xx_HAL_Driver/Src/stm32f1xx_hal_rcc.o
                0x0000000008001dac                HAL_RCC_GetSysClockFreq
 .text.HAL_RCC_GetHCLKFreq
                0x0000000008001e70       0x14 Drivers/STM32F1xx_HAL_Driver/Src/stm32f1xx_hal_rcc.o
                0x0000000008001e70                HAL_RCC_GetHCLKFreq
 .text.HAL_RCC_GetPCLK1Freq
                0x0000000008001e84       0x28 Drivers/STM32F1xx_HAL_Driver/Src/stm32f1xx_hal_rcc.o
                0x0000000008001e84                HAL_RCC_GetPCLK1Freq
 .text.HAL_RCC_GetPCLK2Freq
                0x0000000008001eac       0x28 Drivers/STM32F1xx_HAL_Driver/Src/stm32f1xx_hal_rcc.o
                0x0000000008001eac                HAL_RCC_GetPCLK2Freq
 .text.RCC_Delay
                0x0000000008001ed4       0x3c Drivers/STM32F1xx_HAL_Driver/Src/stm32f1xx_hal_rcc.o
 .text.HAL_SPI_Init
                0x0000000008001f10       0xc2 Drivers/STM32F1xx_HAL_Driver/Src/stm32f1xx_hal_spi.o
                0x0000000008001f10                HAL_SPI_Init
 .text.HAL_SPI_Transmit
                0x0000000008001fd2      0x268 Drivers/STM32F1xx_HAL_Driver/Src/stm32f1xx_hal_spi.o
                0x0000000008001fd2                HAL_SPI_Transmit
 .text.HAL_SPI_TransmitReceive
                0x000000000800223a      0x344 Drivers/STM32F1xx_HAL_Driver/Src/stm32f1xx_hal_spi.o
                0x000000000800223a                HAL_SPI_TransmitReceive
 .text.HAL_SPI_GetState
                0x000000000800257e       0x1a Drivers/STM32F1xx_HAL_Driver/Src/stm32f1xx_hal_spi.o
                0x000000000800257e                HAL_SPI_GetState
 .text.SPI_WaitFlagStateUntilTimeout
                0x0000000008002598       0xd4 Drivers/STM32F1xx_HAL_Driver/Src/stm32f1xx_hal_spi.o
 .text.SPI_EndRxTxTransaction
                0x000000000800266c       0x3c Drivers/STM32F1xx_HAL_Driver/Src/stm32f1xx_hal_spi.o
 .text.HAL_UART_Init
                0x00000000080026a8       0x9a Drivers/STM32F1xx_HAL_Driver/Src/stm32f1xx_hal_uart.o
                0x00000000080026a8                HAL_UART_Init
 .text.HAL_UART_Transmit
                0x0000000008002742      0x132 Drivers/STM32F1xx_HAL_Driver/Src/stm32f1xx_hal_uart.o
                0x0000000008002742                HAL_UART_Transmit
 .text.UART_WaitOnFlagUntilTimeout
                0x0000000008002874       0x94 Drivers/STM32F1xx_HAL_Driver/Src/stm32f1xx_hal_uart.o
 .text.UART_SetConfig
                0x0000000008002908      0x1b4 Drivers/STM32F1xx_HAL_Driver/Src/stm32f1xx_hal_uart.o
 .text.MX_FATFS_Init
                0x0000000008002abc       0x24 FATFS/App/fatfs.o
                0x0000000008002abc                MX_FATFS_Init
 .text.get_fattime
                0x0000000008002ae0        0xe FATFS/App/fatfs.o
                0x0000000008002ae0                get_fattime
 .text.USER_initialize
                0x0000000008002aee       0x1c FATFS/Target/user_diskio.o
                0x0000000008002aee                USER_initialize
 .text.USER_status
                0x0000000008002b0a       0x1c FATFS/Target/user_diskio.o
                0x0000000008002b0a                USER_status
 .text.USER_read
                0x0000000008002b26       0x26 FATFS/Target/user_diskio.o
                0x0000000008002b26                USER_read
 .text.USER_write
                0x0000000008002b4c       0x26 FATFS/Target/user_diskio.o
                0x0000000008002b4c                USER_write
 .text.USER_ioctl
                0x0000000008002b72       0x26 FATFS/Target/user_diskio.o
                0x0000000008002b72                USER_ioctl
 .text.disk_status
                0x0000000008002b98       0x34 Middlewares/Third_Party/FatFs/src/diskio.o
                0x0000000008002b98                disk_status
 .text.disk_initialize
                0x0000000008002bcc       0x4c Middlewares/Third_Party/FatFs/src/diskio.o
                0x0000000008002bcc                disk_initialize
 .text.disk_read
                0x0000000008002c18       0x40 Middlewares/Third_Party/FatFs/src/diskio.o
                0x0000000008002c18                disk_read
 .text.disk_write
                0x0000000008002c58       0x40 Middlewares/Third_Party/FatFs/src/diskio.o
                0x0000000008002c58                disk_write
 .text.disk_ioctl
                0x0000000008002c98       0x3c Middlewares/Third_Party/FatFs/src/diskio.o
                0x0000000008002c98                disk_ioctl
 .text.mem_cpy  0x0000000008002cd4       0x3a Middlewares/Third_Party/FatFs/src/ff.o
 .text.mem_set  0x0000000008002d0e       0x32 Middlewares/Third_Party/FatFs/src/ff.o
 .text.mem_cmp  0x0000000008002d40       0x4c Middlewares/Third_Party/FatFs/src/ff.o
 .text.chk_chr  0x0000000008002d8c       0x34 Middlewares/Third_Party/FatFs/src/ff.o
 .text.chk_lock
                0x0000000008002dc0       0xd8 Middlewares/Third_Party/FatFs/src/ff.o
 .text.enq_lock
                0x0000000008002e98       0x48 Middlewares/Third_Party/FatFs/src/ff.o
 .text.inc_lock
                0x0000000008002ee0      0x16c Middlewares/Third_Party/FatFs/src/ff.o
 .text.dec_lock
                0x000000000800304c       0x88 Middlewares/Third_Party/FatFs/src/ff.o
 .text.clear_lock
                0x00000000080030d4       0x50 Middlewares/Third_Party/FatFs/src/ff.o
 .text.sync_window
                0x0000000008003124       0x92 Middlewares/Third_Party/FatFs/src/ff.o
 .text.move_window
                0x00000000080031b6       0x5c Middlewares/Third_Party/FatFs/src/ff.o
 .text.sync_fs  0x0000000008003212      0x15a Middlewares/Third_Party/FatFs/src/ff.o
 .text.clust2sect
                0x000000000800336c       0x42 Middlewares/Third_Party/FatFs/src/ff.o
                0x000000000800336c                clust2sect
 .text.get_fat  0x00000000080033ae      0x16e Middlewares/Third_Party/FatFs/src/ff.o
                0x00000000080033ae                get_fat
 .text.put_fat  0x000000000800351c      0x216 Middlewares/Third_Party/FatFs/src/ff.o
                0x000000000800351c                put_fat
 .text.remove_chain
                0x0000000008003732       0xb4 Middlewares/Third_Party/FatFs/src/ff.o
 .text.create_chain
                0x00000000080037e6      0x13a Middlewares/Third_Party/FatFs/src/ff.o
 .text.clmt_clust
                0x0000000008003920       0x68 Middlewares/Third_Party/FatFs/src/ff.o
 .text.dir_sdi  0x0000000008003988      0x128 Middlewares/Third_Party/FatFs/src/ff.o
 .text.dir_next
                0x0000000008003ab0      0x1ee Middlewares/Third_Party/FatFs/src/ff.o
 .text.dir_alloc
                0x0000000008003c9e       0x94 Middlewares/Third_Party/FatFs/src/ff.o
 .text.ld_clust
                0x0000000008003d32       0x5a Middlewares/Third_Party/FatFs/src/ff.o
 .text.st_clust
                0x0000000008003d8c       0x4c Middlewares/Third_Party/FatFs/src/ff.o
 .text.dir_find
                0x0000000008003dd8       0x9e Middlewares/Third_Party/FatFs/src/ff.o
 .text.dir_register
                0x0000000008003e76       0x72 Middlewares/Third_Party/FatFs/src/ff.o
 .text.create_name
                0x0000000008003ee8      0x180 Middlewares/Third_Party/FatFs/src/ff.o
 .text.follow_path
                0x0000000008004068       0xdc Middlewares/Third_Party/FatFs/src/ff.o
 .text.get_ldnumber
                0x0000000008004144       0x86 Middlewares/Third_Party/FatFs/src/ff.o
 *fill*         0x00000000080041ca        0x2 
 .text.check_fs
                0x00000000080041cc       0xd4 Middlewares/Third_Party/FatFs/src/ff.o
 .text.find_volume
                0x00000000080042a0      0x594 Middlewares/Third_Party/FatFs/src/ff.o
 .text.validate
                0x0000000008004834       0x66 Middlewares/Third_Party/FatFs/src/ff.o
 *fill*         0x000000000800489a        0x2 
 .text.f_mount  0x000000000800489c       0x90 Middlewares/Third_Party/FatFs/src/ff.o
                0x000000000800489c                f_mount
 .text.f_open   0x000000000800492c      0x416 Middlewares/Third_Party/FatFs/src/ff.o
                0x000000000800492c                f_open
 .text.f_read   0x0000000008004d42      0x2d6 Middlewares/Third_Party/FatFs/src/ff.o
                0x0000000008004d42                f_read
 .text.f_write  0x0000000008005018      0x35a Middlewares/Third_Party/FatFs/src/ff.o
                0x0000000008005018                f_write
 .text.f_sync   0x0000000008005372      0x174 Middlewares/Third_Party/FatFs/src/ff.o
                0x0000000008005372                f_sync
 .text.f_close  0x00000000080054e6       0x50 Middlewares/Third_Party/FatFs/src/ff.o
                0x00000000080054e6                f_close
 .text.f_lseek  0x0000000008005536      0x4bc Middlewares/Third_Party/FatFs/src/ff.o
                0x0000000008005536                f_lseek
 .text.putc_bfd
                0x00000000080059f2       0x7a Middlewares/Third_Party/FatFs/src/ff.o
 .text.f_puts   0x0000000008005a6c       0x74 Middlewares/Third_Party/FatFs/src/ff.o
                0x0000000008005a6c                f_puts
 .text.FATFS_LinkDriverEx
                0x0000000008005ae0       0x94 Middlewares/Third_Party/FatFs/src/ff_gen_drv.o
                0x0000000008005ae0                FATFS_LinkDriverEx
 .text.FATFS_LinkDriver
                0x0000000008005b74       0x1e Middlewares/Third_Party/FatFs/src/ff_gen_drv.o
                0x0000000008005b74                FATFS_LinkDriver
 *fill*         0x0000000008005b92        0x2 
 .text.__libc_init_array
                0x0000000008005b94       0x48 c:/st/stm32cubeide_1.2.0/stm32cubeide/plugins/com.st.stm32cube.ide.mcu.externaltools.gnu-tools-for-stm32.7-2018-q2-update.win32_1.0.0.201904181610/tools/bin/../lib/gcc/arm-none-eabi/7.3.1/../../../../arm-none-eabi/lib/thumb/v7-m\libc_nano.a(lib_a-init.o)
                0x0000000008005b94                __libc_init_array
 .text.memset   0x0000000008005bdc       0x10 c:/st/stm32cubeide_1.2.0/stm32cubeide/plugins/com.st.stm32cube.ide.mcu.externaltools.gnu-tools-for-stm32.7-2018-q2-update.win32_1.0.0.201904181610/tools/bin/../lib/gcc/arm-none-eabi/7.3.1/../../../../arm-none-eabi/lib/thumb/v7-m\libc_nano.a(lib_a-memset.o)
                0x0000000008005bdc                memset
 *(.glue_7)
 .glue_7        0x0000000008005bec        0x0 linker stubs
 *(.glue_7t)
 .glue_7t       0x0000000008005bec        0x0 linker stubs
 *(.eh_frame)
 .eh_frame      0x0000000008005bec        0x0 c:/st/stm32cubeide_1.2.0/stm32cubeide/plugins/com.st.stm32cube.ide.mcu.externaltools.gnu-tools-for-stm32.7-2018-q2-update.win32_1.0.0.201904181610/tools/bin/../lib/gcc/arm-none-eabi/7.3.1/thumb/v7-m/crtbegin.o
 *(.init)
 .init          0x0000000008005bec        0x4 c:/st/stm32cubeide_1.2.0/stm32cubeide/plugins/com.st.stm32cube.ide.mcu.externaltools.gnu-tools-for-stm32.7-2018-q2-update.win32_1.0.0.201904181610/tools/bin/../lib/gcc/arm-none-eabi/7.3.1/thumb/v7-m/crti.o
                0x0000000008005bec                _init
 .init          0x0000000008005bf0        0x8 c:/st/stm32cubeide_1.2.0/stm32cubeide/plugins/com.st.stm32cube.ide.mcu.externaltools.gnu-tools-for-stm32.7-2018-q2-update.win32_1.0.0.201904181610/tools/bin/../lib/gcc/arm-none-eabi/7.3.1/thumb/v7-m/crtn.o
 *(.fini)
 .fini          0x0000000008005bf8        0x4 c:/st/stm32cubeide_1.2.0/stm32cubeide/plugins/com.st.stm32cube.ide.mcu.externaltools.gnu-tools-for-stm32.7-2018-q2-update.win32_1.0.0.201904181610/tools/bin/../lib/gcc/arm-none-eabi/7.3.1/thumb/v7-m/crti.o
                0x0000000008005bf8                _fini
 .fini          0x0000000008005bfc        0x8 c:/st/stm32cubeide_1.2.0/stm32cubeide/plugins/com.st.stm32cube.ide.mcu.externaltools.gnu-tools-for-stm32.7-2018-q2-update.win32_1.0.0.201904181610/tools/bin/../lib/gcc/arm-none-eabi/7.3.1/thumb/v7-m/crtn.o
                0x0000000008005c04                . = ALIGN (0x4)
                0x0000000008005c04                _etext = .

.vfp11_veneer   0x0000000008005c04        0x0
 .vfp11_veneer  0x0000000008005c04        0x0 linker stubs

.v4_bx          0x0000000008005c04        0x0
 .v4_bx         0x0000000008005c04        0x0 linker stubs

.iplt           0x0000000008005c04        0x0
 .iplt          0x0000000008005c04        0x0 c:/st/stm32cubeide_1.2.0/stm32cubeide/plugins/com.st.stm32cube.ide.mcu.externaltools.gnu-tools-for-stm32.7-2018-q2-update.win32_1.0.0.201904181610/tools/bin/../lib/gcc/arm-none-eabi/7.3.1/thumb/v7-m/crtbegin.o

.rodata         0x0000000008005c04      0x1a8
                0x0000000008005c04                . = ALIGN (0x4)
 *(.rodata)
 .rodata        0x0000000008005c04       0xb7 Core/Src/main.o
 *fill*         0x0000000008005cbb        0x1 
 .rodata        0x0000000008005cbc       0x12 Drivers/STM32F1xx_HAL_Driver/Src/stm32f1xx_hal_rcc.o
 *fill*         0x0000000008005cce        0x2 
 .rodata        0x0000000008005cd0       0x44 Middlewares/Third_Party/FatFs/src/ff.o
 *(.rodata*)
 .rodata.AHBPrescTable
                0x0000000008005d14       0x10 Core/Src/system_stm32f1xx.o
                0x0000000008005d14                AHBPrescTable
 .rodata.APBPrescTable
                0x0000000008005d24        0x8 Core/Src/system_stm32f1xx.o
                0x0000000008005d24                APBPrescTable
 .rodata.ExCvt  0x0000000008005d2c       0x80 Middlewares/Third_Party/FatFs/src/ff.o
                0x0000000008005dac                . = ALIGN (0x4)

.rel.dyn        0x0000000008005dac        0x0
 .rel.iplt      0x0000000008005dac        0x0 c:/st/stm32cubeide_1.2.0/stm32cubeide/plugins/com.st.stm32cube.ide.mcu.externaltools.gnu-tools-for-stm32.7-2018-q2-update.win32_1.0.0.201904181610/tools/bin/../lib/gcc/arm-none-eabi/7.3.1/thumb/v7-m/crtbegin.o

.ARM.extab      0x0000000008005dac        0x0
                0x0000000008005dac                . = ALIGN (0x4)
 *(.ARM.extab* .gnu.linkonce.armextab.*)
                0x0000000008005dac                . = ALIGN (0x4)

.ARM            0x0000000008005dac        0x0
                0x0000000008005dac                . = ALIGN (0x4)
                0x0000000008005dac                __exidx_start = .
 *(.ARM.exidx*)
                0x0000000008005dac                __exidx_end = .
                0x0000000008005dac                . = ALIGN (0x4)

.preinit_array  0x0000000008005dac        0x0
                0x0000000008005dac                . = ALIGN (0x4)
                0x0000000008005dac                PROVIDE (__preinit_array_start = .)
 *(.preinit_array*)
                0x0000000008005dac                PROVIDE (__preinit_array_end = .)
                0x0000000008005dac                . = ALIGN (0x4)

.init_array     0x0000000008005dac        0x4
                0x0000000008005dac                . = ALIGN (0x4)
                0x0000000008005dac                PROVIDE (__init_array_start = .)
 *(SORT_BY_NAME(.init_array.*))
 *(.init_array*)
 .init_array    0x0000000008005dac        0x4 c:/st/stm32cubeide_1.2.0/stm32cubeide/plugins/com.st.stm32cube.ide.mcu.externaltools.gnu-tools-for-stm32.7-2018-q2-update.win32_1.0.0.201904181610/tools/bin/../lib/gcc/arm-none-eabi/7.3.1/thumb/v7-m/crtbegin.o
                0x0000000008005db0                PROVIDE (__init_array_end = .)
                0x0000000008005db0                . = ALIGN (0x4)

.fini_array     0x0000000008005db0        0x4
                0x0000000008005db0                . = ALIGN (0x4)
                [!provide]                        PROVIDE (__fini_array_start = .)
 *(SORT_BY_NAME(.fini_array.*))
 *(.fini_array*)
 .fini_array    0x0000000008005db0        0x4 c:/st/stm32cubeide_1.2.0/stm32cubeide/plugins/com.st.stm32cube.ide.mcu.externaltools.gnu-tools-for-stm32.7-2018-q2-update.win32_1.0.0.201904181610/tools/bin/../lib/gcc/arm-none-eabi/7.3.1/thumb/v7-m/crtbegin.o
                [!provide]                        PROVIDE (__fini_array_end = .)
                0x0000000008005db4                . = ALIGN (0x4)
                0x0000000008005db4                _sidata = LOADADDR (.data)

.data           0x0000000020000000       0x24 load address 0x0000000008005db4
                0x0000000020000000                . = ALIGN (0x4)
                0x0000000020000000                _sdata = .
 *(.data)
 *(.data*)
 .data.Stat     0x0000000020000000        0x1 Core/Src/fatfs_sd.o
 *fill*         0x0000000020000001        0x3 
 .data.SystemCoreClock
                0x0000000020000004        0x4 Core/Src/system_stm32f1xx.o
                0x0000000020000004                SystemCoreClock
 .data.uwTickPrio
                0x0000000020000008        0x4 Drivers/STM32F1xx_HAL_Driver/Src/stm32f1xx_hal.o
                0x0000000020000008                uwTickPrio
 .data.uwTickFreq
                0x000000002000000c        0x1 Drivers/STM32F1xx_HAL_Driver/Src/stm32f1xx_hal.o
                0x000000002000000c                uwTickFreq
 *fill*         0x000000002000000d        0x3 
 .data.USER_Driver
                0x0000000020000010       0x14 FATFS/Target/user_diskio.o
                0x0000000020000010                USER_Driver
                0x0000000020000024                . = ALIGN (0x4)
                0x0000000020000024                _edata = .

.igot.plt       0x0000000020000024        0x0 load address 0x0000000008005dd8
 .igot.plt      0x0000000020000024        0x0 c:/st/stm32cubeide_1.2.0/stm32cubeide/plugins/com.st.stm32cube.ide.mcu.externaltools.gnu-tools-for-stm32.7-2018-q2-update.win32_1.0.0.201904181610/tools/bin/../lib/gcc/arm-none-eabi/7.3.1/thumb/v7-m/crtbegin.o
                0x0000000020000024                . = ALIGN (0x4)

.bss            0x0000000020000024      0xa60 load address 0x0000000008005dd8
                0x0000000020000024                _sbss = .
                0x0000000020000024                __bss_start__ = _sbss
 *(.bss)
 .bss           0x0000000020000024       0x1c c:/st/stm32cubeide_1.2.0/stm32cubeide/plugins/com.st.stm32cube.ide.mcu.externaltools.gnu-tools-for-stm32.7-2018-q2-update.win32_1.0.0.201904181610/tools/bin/../lib/gcc/arm-none-eabi/7.3.1/thumb/v7-m/crtbegin.o
 *(.bss*)
 .bss.CardType  0x0000000020000040        0x1 Core/Src/fatfs_sd.o
 .bss.PowerFlag
                0x0000000020000041        0x1 Core/Src/fatfs_sd.o
 .bss.FatFsCnt  0x0000000020000042        0x1 Core/Src/stm32f1xx_it.o
                0x0000000020000042                FatFsCnt
 *fill*         0x0000000020000043        0x1 
 .bss.FatFs     0x0000000020000044        0x4 Middlewares/Third_Party/FatFs/src/ff.o
 .bss.Fsid      0x0000000020000048        0x2 Middlewares/Third_Party/FatFs/src/ff.o
 *fill*         0x000000002000004a        0x2 
 .bss.Files     0x000000002000004c       0x18 Middlewares/Third_Party/FatFs/src/ff.o
 .bss.disk      0x0000000020000064        0xc Middlewares/Third_Party/FatFs/src/ff_gen_drv.o
                0x0000000020000064                disk
 *(COMMON)
 COMMON         0x0000000020000070      0x5a8 Core/Src/main.o
                0x0000000020000070                fre_clust
                0x0000000020000074                fno
                0x000000002000008c                fs
                0x00000000200002bc                br
                0x00000000200002c0                free_space
                0x00000000200002c4                huart1
                0x0000000020000304                buffer
                0x0000000020000384                bw
                0x0000000020000388                pfs
                0x000000002000038c                fresult
                0x0000000020000390                hspi1
                0x00000000200003e8                total
                0x00000000200003ec                fil
 COMMON         0x0000000020000618        0x2 Core/Src/stm32f1xx_it.o
                0x0000000020000618                Timer2
                0x0000000020000619                Timer1
 *fill*         0x000000002000061a        0x2 
 COMMON         0x000000002000061c        0x4 Drivers/STM32F1xx_HAL_Driver/Src/stm32f1xx_hal.o
                0x000000002000061c                uwTick
 COMMON         0x0000000020000620      0x464 FATFS/App/fatfs.o
                0x0000000020000620                USERPath
                0x0000000020000624                retUSER
                0x0000000020000628                USERFile
                0x0000000020000854                USERFatFS
                0x0000000020000a84                . = ALIGN (0x4)
                0x0000000020000a84                _ebss = .
                0x0000000020000a84                __bss_end__ = _ebss

._user_heap_stack
                0x0000000020000a84      0x604 load address 0x0000000008005dd8
                0x0000000020000a88                . = ALIGN (0x8)
 *fill*         0x0000000020000a84        0x4 
                0x0000000020000a88                PROVIDE (end = .)
                [!provide]                        PROVIDE (_end = .)
                0x0000000020000c88                . = (. + _Min_Heap_Size)
 *fill*         0x0000000020000a88      0x200 
                0x0000000020001088                . = (. + _Min_Stack_Size)
 *fill*         0x0000000020000c88      0x400 
                0x0000000020001088                . = ALIGN (0x8)

/DISCARD/
 libc.a(*)
 libm.a(*)
 libgcc.a(*)

.ARM.attributes
                0x0000000000000000       0x29
 *(.ARM.attributes)
 .ARM.attributes
                0x0000000000000000       0x1d c:/st/stm32cubeide_1.2.0/stm32cubeide/plugins/com.st.stm32cube.ide.mcu.externaltools.gnu-tools-for-stm32.7-2018-q2-update.win32_1.0.0.201904181610/tools/bin/../lib/gcc/arm-none-eabi/7.3.1/thumb/v7-m/crti.o
 .ARM.attributes
                0x000000000000001d       0x2d c:/st/stm32cubeide_1.2.0/stm32cubeide/plugins/com.st.stm32cube.ide.mcu.externaltools.gnu-tools-for-stm32.7-2018-q2-update.win32_1.0.0.201904181610/tools/bin/../lib/gcc/arm-none-eabi/7.3.1/thumb/v7-m/crtbegin.o
 .ARM.attributes
                0x000000000000004a       0x33 Core/Src/fatfs_sd.o
 .ARM.attributes
                0x000000000000007d       0x33 Core/Src/main.o
 .ARM.attributes
                0x00000000000000b0       0x33 Core/Src/stm32f1xx_hal_msp.o
 .ARM.attributes
                0x00000000000000e3       0x33 Core/Src/stm32f1xx_it.o
 .ARM.attributes
                0x0000000000000116       0x33 Core/Src/system_stm32f1xx.o
 .ARM.attributes
                0x0000000000000149       0x21 Core/Startup/startup_stm32f103c8tx.o
 .ARM.attributes
                0x000000000000016a       0x33 Drivers/STM32F1xx_HAL_Driver/Src/stm32f1xx_hal.o
 .ARM.attributes
                0x000000000000019d       0x33 Drivers/STM32F1xx_HAL_Driver/Src/stm32f1xx_hal_cortex.o
 .ARM.attributes
                0x00000000000001d0       0x33 Drivers/STM32F1xx_HAL_Driver/Src/stm32f1xx_hal_gpio.o
 .ARM.attributes
                0x0000000000000203       0x33 Drivers/STM32F1xx_HAL_Driver/Src/stm32f1xx_hal_rcc.o
 .ARM.attributes
                0x0000000000000236       0x33 Drivers/STM32F1xx_HAL_Driver/Src/stm32f1xx_hal_spi.o
 .ARM.attributes
                0x0000000000000269       0x33 Drivers/STM32F1xx_HAL_Driver/Src/stm32f1xx_hal_uart.o
 .ARM.attributes
                0x000000000000029c       0x33 FATFS/App/fatfs.o
 .ARM.attributes
                0x00000000000002cf       0x33 FATFS/Target/user_diskio.o
 .ARM.attributes
                0x0000000000000302       0x33 Middlewares/Third_Party/FatFs/src/diskio.o
 .ARM.attributes
                0x0000000000000335       0x33 Middlewares/Third_Party/FatFs/src/ff.o
 .ARM.attributes
                0x0000000000000368       0x33 Middlewares/Third_Party/FatFs/src/ff_gen_drv.o
 .ARM.attributes
                0x000000000000039b       0x2d c:/st/stm32cubeide_1.2.0/stm32cubeide/plugins/com.st.stm32cube.ide.mcu.externaltools.gnu-tools-for-stm32.7-2018-q2-update.win32_1.0.0.201904181610/tools/bin/../lib/gcc/arm-none-eabi/7.3.1/../../../../arm-none-eabi/lib/thumb/v7-m\libc_nano.a(lib_a-init.o)
 .ARM.attributes
                0x00000000000003c8       0x2d c:/st/stm32cubeide_1.2.0/stm32cubeide/plugins/com.st.stm32cube.ide.mcu.externaltools.gnu-tools-for-stm32.7-2018-q2-update.win32_1.0.0.201904181610/tools/bin/../lib/gcc/arm-none-eabi/7.3.1/../../../../arm-none-eabi/lib/thumb/v7-m\libc_nano.a(lib_a-memset.o)
 .ARM.attributes
                0x00000000000003f5       0x17 c:/st/stm32cubeide_1.2.0/stm32cubeide/plugins/com.st.stm32cube.ide.mcu.externaltools.gnu-tools-for-stm32.7-2018-q2-update.win32_1.0.0.201904181610/tools/bin/../lib/gcc/arm-none-eabi/7.3.1/../../../../arm-none-eabi/lib/thumb/v7-m\libc_nano.a(lib_a-strlen.o)
 .ARM.attributes
                0x000000000000040c       0x1d c:/st/stm32cubeide_1.2.0/stm32cubeide/plugins/com.st.stm32cube.ide.mcu.externaltools.gnu-tools-for-stm32.7-2018-q2-update.win32_1.0.0.201904181610/tools/bin/../lib/gcc/arm-none-eabi/7.3.1/thumb/v7-m/crtn.o
OUTPUT(SD_CARD_SPI_F103C8.elf elf32-littlearm)

.debug_info     0x0000000000000000     0xba66
 .debug_info    0x0000000000000000      0xb82 Core/Src/fatfs_sd.o
 .debug_info    0x0000000000000b82     0x19a1 Core/Src/main.o
 .debug_info    0x0000000000002523      0xb02 Core/Src/stm32f1xx_hal_msp.o
 .debug_info    0x0000000000003025      0x243 Core/Src/stm32f1xx_it.o
 .debug_info    0x0000000000003268      0x433 Core/Src/system_stm32f1xx.o
 .debug_info    0x000000000000369b       0x22 Core/Startup/startup_stm32f103c8tx.o
 .debug_info    0x00000000000036bd      0x6fe Drivers/STM32F1xx_HAL_Driver/Src/stm32f1xx_hal.o
 .debug_info    0x0000000000003dbb      0xb46 Drivers/STM32F1xx_HAL_Driver/Src/stm32f1xx_hal_cortex.o
 .debug_info    0x0000000000004901      0x681 Drivers/STM32F1xx_HAL_Driver/Src/stm32f1xx_hal_gpio.o
 .debug_info    0x0000000000004f82      0x804 Drivers/STM32F1xx_HAL_Driver/Src/stm32f1xx_hal_rcc.o
 .debug_info    0x0000000000005786     0x153a Drivers/STM32F1xx_HAL_Driver/Src/stm32f1xx_hal_spi.o
 .debug_info    0x0000000000006cc0     0x11e3 Drivers/STM32F1xx_HAL_Driver/Src/stm32f1xx_hal_uart.o
 .debug_info    0x0000000000007ea3      0x586 FATFS/App/fatfs.o
 .debug_info    0x0000000000008429      0xc0e FATFS/Target/user_diskio.o
 .debug_info    0x0000000000009037      0x4b3 Middlewares/Third_Party/FatFs/src/diskio.o
 .debug_info    0x00000000000094ea     0x212b Middlewares/Third_Party/FatFs/src/ff.o
 .debug_info    0x000000000000b615      0x451 Middlewares/Third_Party/FatFs/src/ff_gen_drv.o

.debug_abbrev   0x0000000000000000     0x1f4b
 .debug_abbrev  0x0000000000000000      0x262 Core/Src/fatfs_sd.o
 .debug_abbrev  0x0000000000000262      0x310 Core/Src/main.o
 .debug_abbrev  0x0000000000000572      0x18c Core/Src/stm32f1xx_hal_msp.o
 .debug_abbrev  0x00000000000006fe       0xd7 Core/Src/stm32f1xx_it.o
 .debug_abbrev  0x00000000000007d5      0x134 Core/Src/system_stm32f1xx.o
 .debug_abbrev  0x0000000000000909       0x12 Core/Startup/startup_stm32f103c8tx.o
 .debug_abbrev  0x000000000000091b      0x1d8 Drivers/STM32F1xx_HAL_Driver/Src/stm32f1xx_hal.o
 .debug_abbrev  0x0000000000000af3      0x2d5 Drivers/STM32F1xx_HAL_Driver/Src/stm32f1xx_hal_cortex.o
 .debug_abbrev  0x0000000000000dc8      0x1c0 Drivers/STM32F1xx_HAL_Driver/Src/stm32f1xx_hal_gpio.o
 .debug_abbrev  0x0000000000000f88      0x243 Drivers/STM32F1xx_HAL_Driver/Src/stm32f1xx_hal_rcc.o
 .debug_abbrev  0x00000000000011cb      0x240 Drivers/STM32F1xx_HAL_Driver/Src/stm32f1xx_hal_spi.o
 .debug_abbrev  0x000000000000140b      0x242 Drivers/STM32F1xx_HAL_Driver/Src/stm32f1xx_hal_uart.o
 .debug_abbrev  0x000000000000164d      0x17d FATFS/App/fatfs.o
 .debug_abbrev  0x00000000000017ca      0x1f1 FATFS/Target/user_diskio.o
 .debug_abbrev  0x00000000000019bb      0x16f Middlewares/Third_Party/FatFs/src/diskio.o
 .debug_abbrev  0x0000000000001b2a      0x285 Middlewares/Third_Party/FatFs/src/ff.o
 .debug_abbrev  0x0000000000001daf      0x19c Middlewares/Third_Party/FatFs/src/ff_gen_drv.o

.debug_aranges  0x0000000000000000      0xb38
 .debug_aranges
                0x0000000000000000       0xa0 Core/Src/fatfs_sd.o
 .debug_aranges
                0x00000000000000a0       0x60 Core/Src/main.o
 .debug_aranges
                0x0000000000000100       0x40 Core/Src/stm32f1xx_hal_msp.o
 .debug_aranges
                0x0000000000000140       0x68 Core/Src/stm32f1xx_it.o
 .debug_aranges
                0x00000000000001a8       0x28 Core/Src/system_stm32f1xx.o
 .debug_aranges
                0x00000000000001d0       0x28 Core/Startup/startup_stm32f103c8tx.o
 .debug_aranges
                0x00000000000001f8       0xe0 Drivers/STM32F1xx_HAL_Driver/Src/stm32f1xx_hal.o
 .debug_aranges
                0x00000000000002d8      0x100 Drivers/STM32F1xx_HAL_Driver/Src/stm32f1xx_hal_cortex.o
 .debug_aranges
                0x00000000000003d8       0x58 Drivers/STM32F1xx_HAL_Driver/Src/stm32f1xx_hal_gpio.o
 .debug_aranges
                0x0000000000000430       0x90 Drivers/STM32F1xx_HAL_Driver/Src/stm32f1xx_hal_rcc.o
 .debug_aranges
                0x00000000000004c0      0x1d0 Drivers/STM32F1xx_HAL_Driver/Src/stm32f1xx_hal_spi.o
 .debug_aranges
                0x0000000000000690      0x1d0 Drivers/STM32F1xx_HAL_Driver/Src/stm32f1xx_hal_uart.o
 .debug_aranges
                0x0000000000000860       0x28 FATFS/App/fatfs.o
 .debug_aranges
                0x0000000000000888       0x40 FATFS/Target/user_diskio.o
 .debug_aranges
                0x00000000000008c8       0x48 Middlewares/Third_Party/FatFs/src/diskio.o
 .debug_aranges
                0x0000000000000910      0x1e8 Middlewares/Third_Party/FatFs/src/ff.o
 .debug_aranges
                0x0000000000000af8       0x40 Middlewares/Third_Party/FatFs/src/ff_gen_drv.o

.debug_ranges   0x0000000000000000      0xa30
 .debug_ranges  0x0000000000000000       0x90 Core/Src/fatfs_sd.o
 .debug_ranges  0x0000000000000090       0x50 Core/Src/main.o
 .debug_ranges  0x00000000000000e0       0x30 Core/Src/stm32f1xx_hal_msp.o
 .debug_ranges  0x0000000000000110       0x58 Core/Src/stm32f1xx_it.o
 .debug_ranges  0x0000000000000168       0x18 Core/Src/system_stm32f1xx.o
 .debug_ranges  0x0000000000000180       0x20 Core/Startup/startup_stm32f103c8tx.o
 .debug_ranges  0x00000000000001a0       0xd0 Drivers/STM32F1xx_HAL_Driver/Src/stm32f1xx_hal.o
 .debug_ranges  0x0000000000000270       0xf0 Drivers/STM32F1xx_HAL_Driver/Src/stm32f1xx_hal_cortex.o
 .debug_ranges  0x0000000000000360       0x48 Drivers/STM32F1xx_HAL_Driver/Src/stm32f1xx_hal_gpio.o
 .debug_ranges  0x00000000000003a8       0x80 Drivers/STM32F1xx_HAL_Driver/Src/stm32f1xx_hal_rcc.o
 .debug_ranges  0x0000000000000428      0x1c0 Drivers/STM32F1xx_HAL_Driver/Src/stm32f1xx_hal_spi.o
 .debug_ranges  0x00000000000005e8      0x1c0 Drivers/STM32F1xx_HAL_Driver/Src/stm32f1xx_hal_uart.o
 .debug_ranges  0x00000000000007a8       0x18 FATFS/App/fatfs.o
 .debug_ranges  0x00000000000007c0       0x30 FATFS/Target/user_diskio.o
 .debug_ranges  0x00000000000007f0       0x38 Middlewares/Third_Party/FatFs/src/diskio.o
 .debug_ranges  0x0000000000000828      0x1d8 Middlewares/Third_Party/FatFs/src/ff.o
 .debug_ranges  0x0000000000000a00       0x30 Middlewares/Third_Party/FatFs/src/ff_gen_drv.o

.debug_macro    0x0000000000000000    0x14c3f
 .debug_macro   0x0000000000000000      0x1ce Core/Src/fatfs_sd.o
 .debug_macro   0x00000000000001ce      0xa5a Core/Src/fatfs_sd.o
 .debug_macro   0x0000000000000c28      0x21b Core/Src/fatfs_sd.o
 .debug_macro   0x0000000000000e43       0x2e Core/Src/fatfs_sd.o
 .debug_macro   0x0000000000000e71       0x22 Core/Src/fatfs_sd.o
 .debug_macro   0x0000000000000e93       0x22 Core/Src/fatfs_sd.o
 .debug_macro   0x0000000000000eb5       0x8e Core/Src/fatfs_sd.o
 .debug_macro   0x0000000000000f43       0x51 Core/Src/fatfs_sd.o
 .debug_macro   0x0000000000000f94       0xef Core/Src/fatfs_sd.o
 .debug_macro   0x0000000000001083       0x6a Core/Src/fatfs_sd.o
 .debug_macro   0x00000000000010ed      0x1df Core/Src/fatfs_sd.o
 .debug_macro   0x00000000000012cc       0x1c Core/Src/fatfs_sd.o
 .debug_macro   0x00000000000012e8       0x22 Core/Src/fatfs_sd.o
 .debug_macro   0x000000000000130a       0xc3 Core/Src/fatfs_sd.o
 .debug_macro   0x00000000000013cd      0xd23 Core/Src/fatfs_sd.o
 .debug_macro   0x00000000000020f0     0xe09e Core/Src/fatfs_sd.o
 .debug_macro   0x000000000001018e       0x43 Core/Src/fatfs_sd.o
 .debug_macro   0x00000000000101d1      0x174 Core/Src/fatfs_sd.o
 .debug_macro   0x0000000000010345       0x5a Core/Src/fatfs_sd.o
 .debug_macro   0x000000000001039f      0x5be Core/Src/fatfs_sd.o
 .debug_macro   0x000000000001095d      0x289 Core/Src/fatfs_sd.o
 .debug_macro   0x0000000000010be6      0x1cb Core/Src/fatfs_sd.o
 .debug_macro   0x0000000000010db1      0x114 Core/Src/fatfs_sd.o
 .debug_macro   0x0000000000010ec5      0x1b2 Core/Src/fatfs_sd.o
 .debug_macro   0x0000000000011077       0x27 Core/Src/fatfs_sd.o
 .debug_macro   0x000000000001109e      0x136 Core/Src/fatfs_sd.o
 .debug_macro   0x00000000000111d4      0x1bc Core/Src/fatfs_sd.o
 .debug_macro   0x0000000000011390       0x34 Core/Src/fatfs_sd.o
 .debug_macro   0x00000000000113c4       0x3c Core/Src/fatfs_sd.o
 .debug_macro   0x0000000000011400       0x57 Core/Src/fatfs_sd.o
 .debug_macro   0x0000000000011457       0x88 Core/Src/fatfs_sd.o
 .debug_macro   0x00000000000114df      0x241 Core/Src/fatfs_sd.o
 .debug_macro   0x0000000000011720      0x141 Core/Src/fatfs_sd.o
 .debug_macro   0x0000000000011861      0x217 Core/Src/fatfs_sd.o
 .debug_macro   0x0000000000011a78      0x26b Core/Src/fatfs_sd.o
 .debug_macro   0x0000000000011ce3       0x83 Core/Src/fatfs_sd.o
 .debug_macro   0x0000000000011d66       0x16 Core/Src/fatfs_sd.o
 .debug_macro   0x0000000000011d7c       0x7c Core/Src/fatfs_sd.o
 .debug_macro   0x0000000000011df8       0x6a Core/Src/fatfs_sd.o
 .debug_macro   0x0000000000011e62      0x372 Core/Src/main.o
 .debug_macro   0x00000000000121d4       0xde Core/Src/main.o
 .debug_macro   0x00000000000122b2       0xf5 Core/Src/main.o
 .debug_macro   0x00000000000123a7       0x8e Core/Src/main.o
 .debug_macro   0x0000000000012435       0x46 Core/Src/main.o
 .debug_macro   0x000000000001247b       0x18 Core/Src/main.o
 .debug_macro   0x0000000000012493       0x3c Core/Src/main.o
 .debug_macro   0x00000000000124cf       0x34 Core/Src/main.o
 .debug_macro   0x0000000000012503       0x52 Core/Src/main.o
 .debug_macro   0x0000000000012555       0x1f Core/Src/main.o
 .debug_macro   0x0000000000012574       0x43 Core/Src/main.o
 .debug_macro   0x00000000000125b7       0x20 Core/Src/main.o
 .debug_macro   0x00000000000125d7      0x1a3 Core/Src/main.o
 .debug_macro   0x000000000001277a      0x32a Core/Src/main.o
 .debug_macro   0x0000000000012aa4       0x10 Core/Src/main.o
 .debug_macro   0x0000000000012ab4       0x35 Core/Src/main.o
 .debug_macro   0x0000000000012ae9       0x20 Core/Src/main.o
 .debug_macro   0x0000000000012b09       0x1c Core/Src/main.o
 .debug_macro   0x0000000000012b25       0x10 Core/Src/main.o
 .debug_macro   0x0000000000012b35       0x10 Core/Src/main.o
 .debug_macro   0x0000000000012b45       0x1c Core/Src/main.o
 .debug_macro   0x0000000000012b61       0x52 Core/Src/main.o
 .debug_macro   0x0000000000012bb3       0x40 Core/Src/main.o
 .debug_macro   0x0000000000012bf3       0x10 Core/Src/main.o
 .debug_macro   0x0000000000012c03       0x40 Core/Src/main.o
 .debug_macro   0x0000000000012c43       0xd7 Core/Src/main.o
 .debug_macro   0x0000000000012d1a       0x1c Core/Src/main.o
 .debug_macro   0x0000000000012d36       0x3d Core/Src/main.o
 .debug_macro   0x0000000000012d73       0x16 Core/Src/main.o
 .debug_macro   0x0000000000012d89      0x145 Core/Src/main.o
 .debug_macro   0x0000000000012ece      0x199 Core/Src/stm32f1xx_hal_msp.o
 .debug_macro   0x0000000000013067      0x1a3 Core/Src/stm32f1xx_it.o
 .debug_macro   0x000000000001320a      0x195 Core/Src/system_stm32f1xx.o
 .debug_macro   0x000000000001339f      0x1b3 Drivers/STM32F1xx_HAL_Driver/Src/stm32f1xx_hal.o
 .debug_macro   0x0000000000013552      0x18f Drivers/STM32F1xx_HAL_Driver/Src/stm32f1xx_hal_cortex.o
 .debug_macro   0x00000000000136e1      0x1fa Drivers/STM32F1xx_HAL_Driver/Src/stm32f1xx_hal_gpio.o
 .debug_macro   0x00000000000138db      0x1a1 Drivers/STM32F1xx_HAL_Driver/Src/stm32f1xx_hal_rcc.o
 .debug_macro   0x0000000000013a7c      0x197 Drivers/STM32F1xx_HAL_Driver/Src/stm32f1xx_hal_spi.o
 .debug_macro   0x0000000000013c13      0x190 Drivers/STM32F1xx_HAL_Driver/Src/stm32f1xx_hal_uart.o
 .debug_macro   0x0000000000013da3      0x1ec FATFS/App/fatfs.o
 .debug_macro   0x0000000000013f8f       0xd8 FATFS/App/fatfs.o
 .debug_macro   0x0000000000014067      0x29d FATFS/Target/user_diskio.o
 .debug_macro   0x0000000000014304       0xbd FATFS/Target/user_diskio.o
 .debug_macro   0x00000000000143c1       0x54 FATFS/Target/user_diskio.o
 .debug_macro   0x0000000000014415      0x1d9 Middlewares/Third_Party/FatFs/src/diskio.o
 .debug_macro   0x00000000000145ee      0x420 Middlewares/Third_Party/FatFs/src/ff.o
 .debug_macro   0x0000000000014a0e       0x58 Middlewares/Third_Party/FatFs/src/ff.o
 .debug_macro   0x0000000000014a66      0x1d9 Middlewares/Third_Party/FatFs/src/ff_gen_drv.o

.debug_line     0x0000000000000000     0x9c62
 .debug_line    0x0000000000000000      0x97d Core/Src/fatfs_sd.o
 .debug_line    0x000000000000097d      0x9aa Core/Src/main.o
 .debug_line    0x0000000000001327      0x67f Core/Src/stm32f1xx_hal_msp.o
 .debug_line    0x00000000000019a6      0x6d9 Core/Src/stm32f1xx_it.o
 .debug_line    0x000000000000207f      0x64d Core/Src/system_stm32f1xx.o
 .debug_line    0x00000000000026cc       0x84 Core/Startup/startup_stm32f103c8tx.o
 .debug_line    0x0000000000002750      0x7f5 Drivers/STM32F1xx_HAL_Driver/Src/stm32f1xx_hal.o
 .debug_line    0x0000000000002f45      0x8ce Drivers/STM32F1xx_HAL_Driver/Src/stm32f1xx_hal_cortex.o
 .debug_line    0x0000000000003813      0x7f5 Drivers/STM32F1xx_HAL_Driver/Src/stm32f1xx_hal_gpio.o
 .debug_line    0x0000000000004008      0x8b7 Drivers/STM32F1xx_HAL_Driver/Src/stm32f1xx_hal_rcc.o
 .debug_line    0x00000000000048bf      0xfc3 Drivers/STM32F1xx_HAL_Driver/Src/stm32f1xx_hal_spi.o
 .debug_line    0x0000000000005882      0xf00 Drivers/STM32F1xx_HAL_Driver/Src/stm32f1xx_hal_uart.o
 .debug_line    0x0000000000006782      0x6ae FATFS/App/fatfs.o
 .debug_line    0x0000000000006e30      0x825 FATFS/Target/user_diskio.o
 .debug_line    0x0000000000007655      0x6d8 Middlewares/Third_Party/FatFs/src/diskio.o
 .debug_line    0x0000000000007d2d     0x185e Middlewares/Third_Party/FatFs/src/ff.o
 .debug_line    0x000000000000958b      0x6d7 Middlewares/Third_Party/FatFs/src/ff_gen_drv.o

.debug_str      0x0000000000000000    0x6d659
 .debug_str     0x0000000000000000    0x660fc Core/Src/fatfs_sd.o
                                      0x6642c (size before relaxing)
 .debug_str     0x00000000000660fc     0x4cbf Core/Src/main.o
                                      0x6af3b (size before relaxing)
 .debug_str     0x000000000006adbb       0xab Core/Src/stm32f1xx_hal_msp.o
                                      0x66224 (size before relaxing)
 .debug_str     0x000000000006ae66       0xd6 Core/Src/stm32f1xx_it.o
                                      0x65cb5 (size before relaxing)
 .debug_str     0x000000000006af3c       0xc2 Core/Src/system_stm32f1xx.o
                                      0x65cd8 (size before relaxing)
 .debug_str     0x000000000006affe       0x36 Core/Startup/startup_stm32f103c8tx.o
                                         0x71 (size before relaxing)
 .debug_str     0x000000000006b034      0x629 Drivers/STM32F1xx_HAL_Driver/Src/stm32f1xx_hal.o
                                      0x662e9 (size before relaxing)
 .debug_str     0x000000000006b65d      0x2c8 Drivers/STM32F1xx_HAL_Driver/Src/stm32f1xx_hal_cortex.o
                                      0x662f7 (size before relaxing)
 .debug_str     0x000000000006b925      0x324 Drivers/STM32F1xx_HAL_Driver/Src/stm32f1xx_hal_gpio.o
                                      0x66022 (size before relaxing)
 .debug_str     0x000000000006bc49      0x263 Drivers/STM32F1xx_HAL_Driver/Src/stm32f1xx_hal_rcc.o
                                      0x6605b (size before relaxing)
 .debug_str     0x000000000006beac      0x52f Drivers/STM32F1xx_HAL_Driver/Src/stm32f1xx_hal_spi.o
                                      0x66549 (size before relaxing)
 .debug_str     0x000000000006c3db      0x50d Drivers/STM32F1xx_HAL_Driver/Src/stm32f1xx_hal_uart.o
                                      0x6654a (size before relaxing)
 .debug_str     0x000000000006c8e8       0x2f FATFS/App/fatfs.o
                                      0x66519 (size before relaxing)
 .debug_str     0x000000000006c917       0x6d FATFS/Target/user_diskio.o
                                      0x694de (size before relaxing)
 .debug_str     0x000000000006c984       0x52 Middlewares/Third_Party/FatFs/src/diskio.o
                                      0x66456 (size before relaxing)
 .debug_str     0x000000000006c9d6      0xbe1 Middlewares/Third_Party/FatFs/src/ff.o
                                      0x67243 (size before relaxing)
 .debug_str     0x000000000006d5b7       0xa2 Middlewares/Third_Party/FatFs/src/ff_gen_drv.o
                                      0x664a7 (size before relaxing)

.comment        0x0000000000000000       0x7b
 .comment       0x0000000000000000       0x7b Core/Src/fatfs_sd.o
                                         0x7c (size before relaxing)
 .comment       0x000000000000007b       0x7c Core/Src/main.o
 .comment       0x000000000000007b       0x7c Core/Src/stm32f1xx_hal_msp.o
 .comment       0x000000000000007b       0x7c Core/Src/stm32f1xx_it.o
 .comment       0x000000000000007b       0x7c Core/Src/system_stm32f1xx.o
 .comment       0x000000000000007b       0x7c Drivers/STM32F1xx_HAL_Driver/Src/stm32f1xx_hal.o
 .comment       0x000000000000007b       0x7c Drivers/STM32F1xx_HAL_Driver/Src/stm32f1xx_hal_cortex.o
 .comment       0x000000000000007b       0x7c Drivers/STM32F1xx_HAL_Driver/Src/stm32f1xx_hal_gpio.o
 .comment       0x000000000000007b       0x7c Drivers/STM32F1xx_HAL_Driver/Src/stm32f1xx_hal_rcc.o
 .comment       0x000000000000007b       0x7c Drivers/STM32F1xx_HAL_Driver/Src/stm32f1xx_hal_spi.o
 .comment       0x000000000000007b       0x7c Drivers/STM32F1xx_HAL_Driver/Src/stm32f1xx_hal_uart.o
 .comment       0x000000000000007b       0x7c FATFS/App/fatfs.o
 .comment       0x000000000000007b       0x7c FATFS/Target/user_diskio.o
 .comment       0x000000000000007b       0x7c Middlewares/Third_Party/FatFs/src/diskio.o
 .comment       0x000000000000007b       0x7c Middlewares/Third_Party/FatFs/src/ff.o
 .comment       0x000000000000007b       0x7c Middlewares/Third_Party/FatFs/src/ff_gen_drv.o

.debug_frame    0x0000000000000000     0x2cf0
 .debug_frame   0x0000000000000000      0x268 Core/Src/fatfs_sd.o
 .debug_frame   0x0000000000000268      0x140 Core/Src/main.o
 .debug_frame   0x00000000000003a8       0xc8 Core/Src/stm32f1xx_hal_msp.o
 .debug_frame   0x0000000000000470      0x12c Core/Src/stm32f1xx_it.o
 .debug_frame   0x000000000000059c       0x58 Core/Src/system_stm32f1xx.o
 .debug_frame   0x00000000000005f4      0x334 Drivers/STM32F1xx_HAL_Driver/Src/stm32f1xx_hal.o
 .debug_frame   0x0000000000000928      0x428 Drivers/STM32F1xx_HAL_Driver/Src/stm32f1xx_hal_cortex.o
 .debug_frame   0x0000000000000d50      0x14c Drivers/STM32F1xx_HAL_Driver/Src/stm32f1xx_hal_gpio.o
 .debug_frame   0x0000000000000e9c      0x21c Drivers/STM32F1xx_HAL_Driver/Src/stm32f1xx_hal_rcc.o
 .debug_frame   0x00000000000010b8      0x824 Drivers/STM32F1xx_HAL_Driver/Src/stm32f1xx_hal_spi.o
 .debug_frame   0x00000000000018dc      0x834 Drivers/STM32F1xx_HAL_Driver/Src/stm32f1xx_hal_uart.o
 .debug_frame   0x0000000000002110       0x4c FATFS/App/fatfs.o
 .debug_frame   0x000000000000215c       0xc4 FATFS/Target/user_diskio.o
 .debug_frame   0x0000000000002220       0xec Middlewares/Third_Party/FatFs/src/diskio.o
 .debug_frame   0x000000000000230c      0x8d0 Middlewares/Third_Party/FatFs/src/ff.o
 .debug_frame   0x0000000000002bdc       0xc8 Middlewares/Third_Party/FatFs/src/ff_gen_drv.o
 .debug_frame   0x0000000000002ca4       0x2c c:/st/stm32cubeide_1.2.0/stm32cubeide/plugins/com.st.stm32cube.ide.mcu.externaltools.gnu-tools-for-stm32.7-2018-q2-update.win32_1.0.0.201904181610/tools/bin/../lib/gcc/arm-none-eabi/7.3.1/../../../../arm-none-eabi/lib/thumb/v7-m\libc_nano.a(lib_a-init.o)
 .debug_frame   0x0000000000002cd0       0x20 c:/st/stm32cubeide_1.2.0/stm32cubeide/plugins/com.st.stm32cube.ide.mcu.externaltools.gnu-tools-for-stm32.7-2018-q2-update.win32_1.0.0.201904181610/tools/bin/../lib/gcc/arm-none-eabi/7.3.1/../../../../arm-none-eabi/lib/thumb/v7-m\libc_nano.a(lib_a-memset.o)
