Archive member included to satisfy reference by file (symbol)

c:/st/stm32cubeide_1.2.0/stm32cubeide/plugins/com.st.stm32cube.ide.mcu.externaltools.gnu-tools-for-stm32.7-2018-q2-update.win32_1.0.0.201904181610/tools/bin/../lib/gcc/arm-none-eabi/7.3.1/../../../../arm-none-eabi/lib/thumb/v7-m\libc_nano.a(lib_a-errno.o)
                              Core/Src/syscalls.o (__errno)
c:/st/stm32cubeide_1.2.0/stm32cubeide/plugins/com.st.stm32cube.ide.mcu.externaltools.gnu-tools-for-stm32.7-2018-q2-update.win32_1.0.0.201904181610/tools/bin/../lib/gcc/arm-none-eabi/7.3.1/../../../../arm-none-eabi/lib/thumb/v7-m\libc_nano.a(lib_a-exit.o)
                              c:/st/stm32cubeide_1.2.0/stm32cubeide/plugins/com.st.stm32cube.ide.mcu.externaltools.gnu-tools-for-stm32.7-2018-q2-update.win32_1.0.0.201904181610/tools/bin/../lib/gcc/arm-none-eabi/7.3.1/../../../../arm-none-eabi/lib/thumb/v7-m/crt0.o (exit)
c:/st/stm32cubeide_1.2.0/stm32cubeide/plugins/com.st.stm32cube.ide.mcu.externaltools.gnu-tools-for-stm32.7-2018-q2-update.win32_1.0.0.201904181610/tools/bin/../lib/gcc/arm-none-eabi/7.3.1/../../../../arm-none-eabi/lib/thumb/v7-m\libc_nano.a(lib_a-impure.o)
                              c:/st/stm32cubeide_1.2.0/stm32cubeide/plugins/com.st.stm32cube.ide.mcu.externaltools.gnu-tools-for-stm32.7-2018-q2-update.win32_1.0.0.201904181610/tools/bin/../lib/gcc/arm-none-eabi/7.3.1/../../../../arm-none-eabi/lib/thumb/v7-m\libc_nano.a(lib_a-exit.o) (_global_impure_ptr)
c:/st/stm32cubeide_1.2.0/stm32cubeide/plugins/com.st.stm32cube.ide.mcu.externaltools.gnu-tools-for-stm32.7-2018-q2-update.win32_1.0.0.201904181610/tools/bin/../lib/gcc/arm-none-eabi/7.3.1/../../../../arm-none-eabi/lib/thumb/v7-m\libc_nano.a(lib_a-init.o)
                              c:/st/stm32cubeide_1.2.0/stm32cubeide/plugins/com.st.stm32cube.ide.mcu.externaltools.gnu-tools-for-stm32.7-2018-q2-update.win32_1.0.0.201904181610/tools/bin/../lib/gcc/arm-none-eabi/7.3.1/../../../../arm-none-eabi/lib/thumb/v7-m/crt0.o (__libc_init_array)
c:/st/stm32cubeide_1.2.0/stm32cubeide/plugins/com.st.stm32cube.ide.mcu.externaltools.gnu-tools-for-stm32.7-2018-q2-update.win32_1.0.0.201904181610/tools/bin/../lib/gcc/arm-none-eabi/7.3.1/../../../../arm-none-eabi/lib/thumb/v7-m\libc_nano.a(lib_a-memset.o)
                              c:/st/stm32cubeide_1.2.0/stm32cubeide/plugins/com.st.stm32cube.ide.mcu.externaltools.gnu-tools-for-stm32.7-2018-q2-update.win32_1.0.0.201904181610/tools/bin/../lib/gcc/arm-none-eabi/7.3.1/../../../../arm-none-eabi/lib/thumb/v7-m/crt0.o (memset)

Allocating common symbols
Common symbol       size              file

hUsbDeviceFS        0x2c4             USB_DEVICE/App/usb_device.o
uwTick              0x4               Drivers/STM32F1xx_HAL_Driver/Src/stm32f1xx_hal.o
pFlash              0x20              Drivers/STM32F1xx_HAL_Driver/Src/stm32f1xx_hal_flash.o
UserRxBufferFS      0x3e8             USB_DEVICE/App/usbd_cdc_if.o
UserTxBufferFS      0x3e8             USB_DEVICE/App/usbd_cdc_if.o
hpcd_USB_FS         0x26c             USB_DEVICE/Target/usbd_conf.o
USBD_StrDesc        0x200             USB_DEVICE/App/usbd_desc.o

Discarded input sections

 .text          0x0000000000000000        0x0 c:/st/stm32cubeide_1.2.0/stm32cubeide/plugins/com.st.stm32cube.ide.mcu.externaltools.gnu-tools-for-stm32.7-2018-q2-update.win32_1.0.0.201904181610/tools/bin/../lib/gcc/arm-none-eabi/7.3.1/thumb/v7-m/crti.o
 .data          0x0000000000000000        0x0 c:/st/stm32cubeide_1.2.0/stm32cubeide/plugins/com.st.stm32cube.ide.mcu.externaltools.gnu-tools-for-stm32.7-2018-q2-update.win32_1.0.0.201904181610/tools/bin/../lib/gcc/arm-none-eabi/7.3.1/thumb/v7-m/crti.o
 .bss           0x0000000000000000        0x0 c:/st/stm32cubeide_1.2.0/stm32cubeide/plugins/com.st.stm32cube.ide.mcu.externaltools.gnu-tools-for-stm32.7-2018-q2-update.win32_1.0.0.201904181610/tools/bin/../lib/gcc/arm-none-eabi/7.3.1/thumb/v7-m/crti.o
 .data          0x0000000000000000        0x4 c:/st/stm32cubeide_1.2.0/stm32cubeide/plugins/com.st.stm32cube.ide.mcu.externaltools.gnu-tools-for-stm32.7-2018-q2-update.win32_1.0.0.201904181610/tools/bin/../lib/gcc/arm-none-eabi/7.3.1/thumb/v7-m/crtbegin.o
 .text          0x0000000000000000       0x74 c:/st/stm32cubeide_1.2.0/stm32cubeide/plugins/com.st.stm32cube.ide.mcu.externaltools.gnu-tools-for-stm32.7-2018-q2-update.win32_1.0.0.201904181610/tools/bin/../lib/gcc/arm-none-eabi/7.3.1/../../../../arm-none-eabi/lib/thumb/v7-m/crt0.o
 .data          0x0000000000000000        0x0 c:/st/stm32cubeide_1.2.0/stm32cubeide/plugins/com.st.stm32cube.ide.mcu.externaltools.gnu-tools-for-stm32.7-2018-q2-update.win32_1.0.0.201904181610/tools/bin/../lib/gcc/arm-none-eabi/7.3.1/../../../../arm-none-eabi/lib/thumb/v7-m/crt0.o
[...]
Memory Configuration

Name             Origin             Length             Attributes
RAM              0x0000000020000000 0x0000000000005000 xrw
FLASH            0x0000000008000000 0x0000000000010000 xr
*default*        0x0000000000000000 0xffffffffffffffff

Linker script and memory map

LOAD c:/st/stm32cubeide_1.2.0/stm32cubeide/plugins/com.st.stm32cube.ide.mcu.externaltools.gnu-tools-for-stm32.7-2018-q2-update.win32_1.0.0.201904181610/tools/bin/../lib/gcc/arm-none-eabi/7.3.1/thumb/v7-m/crti.o
LOAD c:/st/stm32cubeide_1.2.0/stm32cubeide/plugins/com.st.stm32cube.ide.mcu.externaltools.gnu-tools-for-stm32.7-2018-q2-update.win32_1.0.0.201904181610/tools/bin/../lib/gcc/arm-none-eabi/7.3.1/thumb/v7-m/crtbegin.o
LOAD c:/st/stm32cubeide_1.2.0/stm32cubeide/plugins/com.st.stm32cube.ide.mcu.externaltools.gnu-tools-for-stm32.7-2018-q2-update.win32_1.0.0.201904181610/tools/bin/../lib/gcc/arm-none-eabi/7.3.1/../../../../arm-none-eabi/lib/thumb/v7-m/crt0.o
LOAD Core/Src/main.o
LOAD Core/Src/stm32f1xx_hal_msp.o
LOAD Core/Src/stm32f1xx_it.o
LOAD Core/Src/syscalls.o
LOAD Core/Src/sysmem.o
LOAD Core/Src/system_stm32f1xx.o
LOAD Core/Startup/startup_stm32f103c8tx.o
LOAD Drivers/STM32F1xx_HAL_Driver/Src/stm32f1xx_hal.o
LOAD Drivers/STM32F1xx_HAL_Driver/Src/stm32f1xx_hal_cortex.o
LOAD Drivers/STM32F1xx_HAL_Driver/Src/stm32f1xx_hal_dma.o
LOAD Drivers/STM32F1xx_HAL_Driver/Src/stm32f1xx_hal_exti.o
LOAD Drivers/STM32F1xx_HAL_Driver/Src/stm32f1xx_hal_flash.o
LOAD Drivers/STM32F1xx_HAL_Driver/Src/stm32f1xx_hal_flash_ex.o
LOAD Drivers/STM32F1xx_HAL_Driver/Src/stm32f1xx_hal_gpio.o
LOAD Drivers/STM32F1xx_HAL_Driver/Src/stm32f1xx_hal_gpio_ex.o
LOAD Drivers/STM32F1xx_HAL_Driver/Src/stm32f1xx_hal_pcd.o
LOAD Drivers/STM32F1xx_HAL_Driver/Src/stm32f1xx_hal_pcd_ex.o
LOAD Drivers/STM32F1xx_HAL_Driver/Src/stm32f1xx_hal_pwr.o
LOAD Drivers/STM32F1xx_HAL_Driver/Src/stm32f1xx_hal_rcc.o
LOAD Drivers/STM32F1xx_HAL_Driver/Src/stm32f1xx_hal_rcc_ex.o
LOAD Drivers/STM32F1xx_HAL_Driver/Src/stm32f1xx_hal_tim.o
LOAD Drivers/STM32F1xx_HAL_Driver/Src/stm32f1xx_hal_tim_ex.o
LOAD Drivers/STM32F1xx_HAL_Driver/Src/stm32f1xx_ll_usb.o
LOAD Middlewares/ST/STM32_USB_Device_Library/Class/CDC/Src/usbd_cdc.o
LOAD Middlewares/ST/STM32_USB_Device_Library/Core/Src/usbd_core.o
LOAD Middlewares/ST/STM32_USB_Device_Library/Core/Src/usbd_ctlreq.o
LOAD Middlewares/ST/STM32_USB_Device_Library/Core/Src/usbd_ioreq.o
LOAD USB_DEVICE/App/usb_device.o
LOAD USB_DEVICE/App/usbd_cdc_if.o
LOAD USB_DEVICE/App/usbd_desc.o
LOAD USB_DEVICE/Target/usbd_conf.o
START GROUP
LOAD c:/st/stm32cubeide_1.2.0/stm32cubeide/plugins/com.st.stm32cube.ide.mcu.externaltools.gnu-tools-for-stm32.7-2018-q2-update.win32_1.0.0.201904181610/tools/bin/../lib/gcc/arm-none-eabi/7.3.1/../../../../arm-none-eabi/lib/thumb/v7-m\libc_nano.a
LOAD c:/st/stm32cubeide_1.2.0/stm32cubeide/plugins/com.st.stm32cube.ide.mcu.externaltools.gnu-tools-for-stm32.7-2018-q2-update.win32_1.0.0.201904181610/tools/bin/../lib/gcc/arm-none-eabi/7.3.1/../../../../arm-none-eabi/lib/thumb/v7-m\libm.a
END GROUP
START GROUP
LOAD c:/st/stm32cubeide_1.2.0/stm32cubeide/plugins/com.st.stm32cube.ide.mcu.externaltools.gnu-tools-for-stm32.7-2018-q2-update.win32_1.0.0.201904181610/tools/bin/../lib/gcc/arm-none-eabi/7.3.1/thumb/v7-m\libgcc.a
LOAD c:/st/stm32cubeide_1.2.0/stm32cubeide/plugins/com.st.stm32cube.ide.mcu.externaltools.gnu-tools-for-stm32.7-2018-q2-update.win32_1.0.0.201904181610/tools/bin/../lib/gcc/arm-none-eabi/7.3.1/../../../../arm-none-eabi/lib/thumb/v7-m\libc_nano.a
END GROUP
START GROUP
LOAD c:/st/stm32cubeide_1.2.0/stm32cubeide/plugins/com.st.stm32cube.ide.mcu.externaltools.gnu-tools-for-stm32.7-2018-q2-update.win32_1.0.0.201904181610/tools/bin/../lib/gcc/arm-none-eabi/7.3.1/thumb/v7-m\libgcc.a
LOAD c:/st/stm32cubeide_1.2.0/stm32cubeide/plugins/com.st.stm32cube.ide.mcu.externaltools.gnu-tools-for-stm32.7-2018-q2-update.win32_1.0.0.201904181610/tools/bin/../lib/gcc/arm-none-eabi/7.3.1/../../../../arm-none-eabi/lib/thumb/v7-m\libc_nano.a
LOAD c:/st/stm32cubeide_1.2.0/stm32cubeide/plugins/com.st.stm32cube.ide.mcu.externaltools.gnu-tools-for-stm32.7-2018-q2-update.win32_1.0.0.201904181610/tools/bin/../lib/gcc/arm-none-eabi/7.3.1/../../../../arm-none-eabi/lib/thumb/v7-m\libnosys.a
END GROUP
START GROUP
LOAD c:/st/stm32cubeide_1.2.0/stm32cubeide/plugins/com.st.stm32cube.ide.mcu.externaltools.gnu-tools-for-stm32.7-2018-q2-update.win32_1.0.0.201904181610/tools/bin/../lib/gcc/arm-none-eabi/7.3.1/thumb/v7-m\libgcc.a
LOAD c:/st/stm32cubeide_1.2.0/stm32cubeide/plugins/com.st.stm32cube.ide.mcu.externaltools.gnu-tools-for-stm32.7-2018-q2-update.win32_1.0.0.201904181610/tools/bin/../lib/gcc/arm-none-eabi/7.3.1/../../../../arm-none-eabi/lib/thumb/v7-m\libc_nano.a
LOAD c:/st/stm32cubeide_1.2.0/stm32cubeide/plugins/com.st.stm32cube.ide.mcu.externaltools.gnu-tools-for-stm32.7-2018-q2-update.win32_1.0.0.201904181610/tools/bin/../lib/gcc/arm-none-eabi/7.3.1/../../../../arm-none-eabi/lib/thumb/v7-m\libnosys.a
END GROUP
LOAD c:/st/stm32cubeide_1.2.0/stm32cubeide/plugins/com.st.stm32cube.ide.mcu.externaltools.gnu-tools-for-stm32.7-2018-q2-update.win32_1.0.0.201904181610/tools/bin/../lib/gcc/arm-none-eabi/7.3.1/thumb/v7-m/crtend.o
LOAD c:/st/stm32cubeide_1.2.0/stm32cubeide/plugins/com.st.stm32cube.ide.mcu.externaltools.gnu-tools-for-stm32.7-2018-q2-update.win32_1.0.0.201904181610/tools/bin/../lib/gcc/arm-none-eabi/7.3.1/thumb/v7-m/crtn.o
                0x0000000020005000                _estack = (ORIGIN (RAM) + LENGTH (RAM))
                0x0000000000000200                _Min_Heap_Size = 0x200
                0x0000000000000400                _Min_Stack_Size = 0x400

.isr_vector     0x0000000008000000      0x10c
                0x0000000008000000                . = ALIGN (0x4)
 *(.isr_vector)
 .isr_vector    0x0000000008000000      0x10c Core/Startup/startup_stm32f103c8tx.o
                0x0000000008000000                g_pfnVectors
                0x000000000800010c                . = ALIGN (0x4)

.text           0x000000000800010c     0x5388
                0x000000000800010c                . = ALIGN (0x4)
 *(.text)
 .text          0x000000000800010c       0x40 c:/st/stm32cubeide_1.2.0/stm32cubeide/plugins/com.st.stm32cube.ide.mcu.externaltools.gnu-tools-for-stm32.7-2018-q2-update.win32_1.0.0.201904181610/tools/bin/../lib/gcc/arm-none-eabi/7.3.1/thumb/v7-m/crtbegin.o
 *(.text*)
 .text.main     0x000000000800014c       0x38 Core/Src/main.o
                0x000000000800014c                main
 .text.SystemClock_Config
                0x0000000008000184       0xb4 Core/Src/main.o
                0x0000000008000184                SystemClock_Config
 .text.MX_GPIO_Init
                0x0000000008000238       0x98 Core/Src/main.o
 .text.Error_Handler
                0x00000000080002d0        0xc Core/Src/main.o
                0x00000000080002d0                Error_Handler
 .text.HAL_MspInit
                0x00000000080002dc       0x64 Core/Src/stm32f1xx_hal_msp.o
                0x00000000080002dc                HAL_MspInit
 .text.NMI_Handler
                0x0000000008000340        0xc Core/Src/stm32f1xx_it.o
                0x0000000008000340                NMI_Handler
 .text.HardFault_Handler
                0x000000000800034c        0x6 Core/Src/stm32f1xx_it.o
                0x000000000800034c                HardFault_Handler
 .text.MemManage_Handler
                0x0000000008000352        0x6 Core/Src/stm32f1xx_it.o
                0x0000000008000352                MemManage_Handler
 .text.BusFault_Handler
                0x0000000008000358        0x6 Core/Src/stm32f1xx_it.o
                0x0000000008000358                BusFault_Handler
 .text.UsageFault_Handler
                0x000000000800035e        0x6 Core/Src/stm32f1xx_it.o
                0x000000000800035e                UsageFault_Handler
 .text.SVC_Handler
                0x0000000008000364        0xc Core/Src/stm32f1xx_it.o
                0x0000000008000364                SVC_Handler
 .text.DebugMon_Handler
                0x0000000008000370        0xc Core/Src/stm32f1xx_it.o
                0x0000000008000370                DebugMon_Handler
 .text.PendSV_Handler
                0x000000000800037c        0xc Core/Src/stm32f1xx_it.o
                0x000000000800037c                PendSV_Handler
 .text.SysTick_Handler
                0x0000000008000388        0xc Core/Src/stm32f1xx_it.o
                0x0000000008000388                SysTick_Handler
 .text.USB_LP_CAN1_RX0_IRQHandler
                0x0000000008000394       0x14 Core/Src/stm32f1xx_it.o
                0x0000000008000394                USB_LP_CAN1_RX0_IRQHandler
 .text.SystemInit
                0x00000000080003a8       0x68 Core/Src/system_stm32f1xx.o
                0x00000000080003a8                SystemInit
 .text.Reset_Handler
                0x0000000008000410       0x48 Core/Startup/startup_stm32f103c8tx.o
                0x0000000008000410                Reset_Handler
 .text.Default_Handler
                0x0000000008000458        0x2 Core/Startup/startup_stm32f103c8tx.o
                0x0000000008000458                RTC_Alarm_IRQHandler
                0x0000000008000458                EXTI2_IRQHandler
                0x0000000008000458                TIM1_CC_IRQHandler
                0x0000000008000458                PVD_IRQHandler
                0x0000000008000458                EXTI3_IRQHandler
                0x0000000008000458                EXTI0_IRQHandler
                0x0000000008000458                I2C2_EV_IRQHandler
                0x0000000008000458                ADC1_2_IRQHandler
                0x0000000008000458                SPI1_IRQHandler
                0x0000000008000458                TAMPER_IRQHandler
                0x0000000008000458                DMA1_Channel4_IRQHandler
                0x0000000008000458                USART3_IRQHandler
                0x0000000008000458                RTC_IRQHandler
                0x0000000008000458                DMA1_Channel7_IRQHandler
                0x0000000008000458                CAN1_RX1_IRQHandler
                0x0000000008000458                TIM4_IRQHandler
                0x0000000008000458                I2C1_EV_IRQHandler
                0x0000000008000458                DMA1_Channel6_IRQHandler
                0x0000000008000458                TIM3_IRQHandler
                0x0000000008000458                RCC_IRQHandler
                0x0000000008000458                TIM1_TRG_COM_IRQHandler
                0x0000000008000458                DMA1_Channel1_IRQHandler
                0x0000000008000458                Default_Handler
                0x0000000008000458                EXTI15_10_IRQHandler
                0x0000000008000458                EXTI9_5_IRQHandler
                0x0000000008000458                SPI2_IRQHandler
                0x0000000008000458                DMA1_Channel5_IRQHandler
                0x0000000008000458                EXTI4_IRQHandler
                0x0000000008000458                USB_HP_CAN1_TX_IRQHandler
                0x0000000008000458                DMA1_Channel3_IRQHandler
                0x0000000008000458                TIM1_UP_IRQHandler
                0x0000000008000458                WWDG_IRQHandler
                0x0000000008000458                TIM2_IRQHandler
                0x0000000008000458                TIM1_BRK_IRQHandler
                0x0000000008000458                EXTI1_IRQHandler
                0x0000000008000458                USART2_IRQHandler
                0x0000000008000458                I2C2_ER_IRQHandler
                0x0000000008000458                DMA1_Channel2_IRQHandler
                0x0000000008000458                CAN1_SCE_IRQHandler
                0x0000000008000458                FLASH_IRQHandler
                0x0000000008000458                USART1_IRQHandler
                0x0000000008000458                I2C1_ER_IRQHandler
                0x0000000008000458                USBWakeUp_IRQHandler
 *fill*         0x000000000800045a        0x2 
 .text.HAL_Init
                0x000000000800045c       0x2c Drivers/STM32F1xx_HAL_Driver/Src/stm32f1xx_hal.o
                0x000000000800045c                HAL_Init
 .text.HAL_InitTick
                0x0000000008000488       0x60 Drivers/STM32F1xx_HAL_Driver/Src/stm32f1xx_hal.o
                0x0000000008000488                HAL_InitTick
 .text.HAL_IncTick
                0x00000000080004e8       0x24 Drivers/STM32F1xx_HAL_Driver/Src/stm32f1xx_hal.o
                0x00000000080004e8                HAL_IncTick
 .text.HAL_GetTick
                0x000000000800050c       0x14 Drivers/STM32F1xx_HAL_Driver/Src/stm32f1xx_hal.o
                0x000000000800050c                HAL_GetTick
 .text.HAL_Delay
                0x0000000008000520       0x44 Drivers/STM32F1xx_HAL_Driver/Src/stm32f1xx_hal.o
                0x0000000008000520                HAL_Delay
 .text.__NVIC_SetPriorityGrouping
                0x0000000008000564       0x48 Drivers/STM32F1xx_HAL_Driver/Src/stm32f1xx_hal_cortex.o
 .text.__NVIC_GetPriorityGrouping
                0x00000000080005ac       0x1c Drivers/STM32F1xx_HAL_Driver/Src/stm32f1xx_hal_cortex.o
 .text.__NVIC_EnableIRQ
                0x00000000080005c8       0x38 Drivers/STM32F1xx_HAL_Driver/Src/stm32f1xx_hal_cortex.o
 .text.__NVIC_SetPriority
                0x0000000008000600       0x54 Drivers/STM32F1xx_HAL_Driver/Src/stm32f1xx_hal_cortex.o
 .text.NVIC_EncodePriority
                0x0000000008000654       0x64 Drivers/STM32F1xx_HAL_Driver/Src/stm32f1xx_hal_cortex.o
 .text.SysTick_Config
                0x00000000080006b8       0x44 Drivers/STM32F1xx_HAL_Driver/Src/stm32f1xx_hal_cortex.o
 .text.HAL_NVIC_SetPriorityGrouping
                0x00000000080006fc       0x16 Drivers/STM32F1xx_HAL_Driver/Src/stm32f1xx_hal_cortex.o
                0x00000000080006fc                HAL_NVIC_SetPriorityGrouping
 .text.HAL_NVIC_SetPriority
                0x0000000008000712       0x38 Drivers/STM32F1xx_HAL_Driver/Src/stm32f1xx_hal_cortex.o
                0x0000000008000712                HAL_NVIC_SetPriority
 .text.HAL_NVIC_EnableIRQ
                0x000000000800074a       0x1c Drivers/STM32F1xx_HAL_Driver/Src/stm32f1xx_hal_cortex.o
                0x000000000800074a                HAL_NVIC_EnableIRQ
 .text.HAL_SYSTICK_Config
                0x0000000008000766       0x18 Drivers/STM32F1xx_HAL_Driver/Src/stm32f1xx_hal_cortex.o
                0x0000000008000766                HAL_SYSTICK_Config
 *fill*         0x000000000800077e        0x2 
 .text.HAL_GPIO_Init
                0x0000000008000780      0x2b4 Drivers/STM32F1xx_HAL_Driver/Src/stm32f1xx_hal_gpio.o
                0x0000000008000780                HAL_GPIO_Init
 .text.HAL_GPIO_WritePin
                0x0000000008000a34       0x30 Drivers/STM32F1xx_HAL_Driver/Src/stm32f1xx_hal_gpio.o
                0x0000000008000a34                HAL_GPIO_WritePin
 .text.HAL_GPIO_TogglePin
                0x0000000008000a64       0x30 Drivers/STM32F1xx_HAL_Driver/Src/stm32f1xx_hal_gpio.o
                0x0000000008000a64                HAL_GPIO_TogglePin
 .text.HAL_PCD_Init
                0x0000000008000a94      0x1c2 Drivers/STM32F1xx_HAL_Driver/Src/stm32f1xx_hal_pcd.o
                0x0000000008000a94                HAL_PCD_Init
 .text.HAL_PCD_Start
                0x0000000008000c56       0x4c Drivers/STM32F1xx_HAL_Driver/Src/stm32f1xx_hal_pcd.o
                0x0000000008000c56                HAL_PCD_Start
 .text.HAL_PCD_IRQHandler
                0x0000000008000ca2      0x21c Drivers/STM32F1xx_HAL_Driver/Src/stm32f1xx_hal_pcd.o
                0x0000000008000ca2                HAL_PCD_IRQHandler
 .text.HAL_PCD_SetAddress
                0x0000000008000ebe       0x4a Drivers/STM32F1xx_HAL_Driver/Src/stm32f1xx_hal_pcd.o
                0x0000000008000ebe                HAL_PCD_SetAddress
 .text.HAL_PCD_EP_Open
                0x0000000008000f08       0xc0 Drivers/STM32F1xx_HAL_Driver/Src/stm32f1xx_hal_pcd.o
                0x0000000008000f08                HAL_PCD_EP_Open
 .text.HAL_PCD_EP_Close
                0x0000000008000fc8       0x84 Drivers/STM32F1xx_HAL_Driver/Src/stm32f1xx_hal_pcd.o
                0x0000000008000fc8                HAL_PCD_EP_Close
 .text.HAL_PCD_EP_Receive
                0x000000000800104c       0x74 Drivers/STM32F1xx_HAL_Driver/Src/stm32f1xx_hal_pcd.o
                0x000000000800104c                HAL_PCD_EP_Receive
 .text.HAL_PCD_EP_GetRxCount
                0x00000000080010c0       0x28 Drivers/STM32F1xx_HAL_Driver/Src/stm32f1xx_hal_pcd.o
                0x00000000080010c0                HAL_PCD_EP_GetRxCount
 .text.HAL_PCD_EP_Transmit
                0x00000000080010e8       0x72 Drivers/STM32F1xx_HAL_Driver/Src/stm32f1xx_hal_pcd.o
                0x00000000080010e8                HAL_PCD_EP_Transmit
 .text.HAL_PCD_EP_SetStall
                0x000000000800115a       0xb4 Drivers/STM32F1xx_HAL_Driver/Src/stm32f1xx_hal_pcd.o
                0x000000000800115a                HAL_PCD_EP_SetStall
 .text.HAL_PCD_EP_ClrStall
                0x000000000800120e       0x9c Drivers/STM32F1xx_HAL_Driver/Src/stm32f1xx_hal_pcd.o
                0x000000000800120e                HAL_PCD_EP_ClrStall
 *fill*         0x00000000080012aa        0x2 
 .text.PCD_EP_ISR_Handler
                0x00000000080012ac      0x534 Drivers/STM32F1xx_HAL_Driver/Src/stm32f1xx_hal_pcd.o
 .text.HAL_PCDEx_PMAConfig
                0x00000000080017e0       0x78 Drivers/STM32F1xx_HAL_Driver/Src/stm32f1xx_hal_pcd_ex.o
                0x00000000080017e0                HAL_PCDEx_PMAConfig
 .text.HAL_RCC_OscConfig
                0x0000000008001858      0x500 Drivers/STM32F1xx_HAL_Driver/Src/stm32f1xx_hal_rcc.o
                0x0000000008001858                HAL_RCC_OscConfig
 .text.HAL_RCC_ClockConfig
                0x0000000008001d58      0x1d4 Drivers/STM32F1xx_HAL_Driver/Src/stm32f1xx_hal_rcc.o
                0x0000000008001d58                HAL_RCC_ClockConfig
 .text.HAL_RCC_GetSysClockFreq
                0x0000000008001f2c       0xc4 Drivers/STM32F1xx_HAL_Driver/Src/stm32f1xx_hal_rcc.o
                0x0000000008001f2c                HAL_RCC_GetSysClockFreq
 .text.RCC_Delay
                0x0000000008001ff0       0x3c Drivers/STM32F1xx_HAL_Driver/Src/stm32f1xx_hal_rcc.o
 .text.HAL_RCCEx_PeriphCLKConfig
                0x000000000800202c      0x16c Drivers/STM32F1xx_HAL_Driver/Src/stm32f1xx_hal_rcc_ex.o
                0x000000000800202c                HAL_RCCEx_PeriphCLKConfig
 .text.USB_CoreInit
                0x0000000008002198       0x20 Drivers/STM32F1xx_HAL_Driver/Src/stm32f1xx_ll_usb.o
                0x0000000008002198                USB_CoreInit
 .text.USB_EnableGlobalInt
                0x00000000080021b8       0x2e Drivers/STM32F1xx_HAL_Driver/Src/stm32f1xx_ll_usb.o
                0x00000000080021b8                USB_EnableGlobalInt
 .text.USB_DisableGlobalInt
                0x00000000080021e6       0x38 Drivers/STM32F1xx_HAL_Driver/Src/stm32f1xx_ll_usb.o
                0x00000000080021e6                USB_DisableGlobalInt
 .text.USB_SetCurrentMode
                0x000000000800221e       0x18 Drivers/STM32F1xx_HAL_Driver/Src/stm32f1xx_ll_usb.o
                0x000000000800221e                USB_SetCurrentMode
 .text.USB_DevInit
                0x0000000008002236       0x48 Drivers/STM32F1xx_HAL_Driver/Src/stm32f1xx_ll_usb.o
                0x0000000008002236                USB_DevInit
 *fill*         0x000000000800227e        0x2 
 .text.USB_ActivateEndpoint
                0x0000000008002280      0x5dc Drivers/STM32F1xx_HAL_Driver/Src/stm32f1xx_ll_usb.o
                0x0000000008002280                USB_ActivateEndpoint
 .text.USB_DeactivateEndpoint
                0x000000000800285c      0x32c Drivers/STM32F1xx_HAL_Driver/Src/stm32f1xx_ll_usb.o
                0x000000000800285c                USB_DeactivateEndpoint
 .text.USB_EPStartXfer
                0x0000000008002b88      0x570 Drivers/STM32F1xx_HAL_Driver/Src/stm32f1xx_ll_usb.o
                0x0000000008002b88                USB_EPStartXfer
 .text.USB_EPSetStall
                0x00000000080030f8       0x84 Drivers/STM32F1xx_HAL_Driver/Src/stm32f1xx_ll_usb.o
                0x00000000080030f8                USB_EPSetStall
 .text.USB_EPClearStall
                0x000000000800317c      0x128 Drivers/STM32F1xx_HAL_Driver/Src/stm32f1xx_ll_usb.o
                0x000000000800317c                USB_EPClearStall
 .text.USB_SetDevAddress
                0x00000000080032a4       0x26 Drivers/STM32F1xx_HAL_Driver/Src/stm32f1xx_ll_usb.o
                0x00000000080032a4                USB_SetDevAddress
 .text.USB_DevConnect
                0x00000000080032ca       0x14 Drivers/STM32F1xx_HAL_Driver/Src/stm32f1xx_ll_usb.o
                0x00000000080032ca                USB_DevConnect
 .text.USB_DevDisconnect
                0x00000000080032de       0x14 Drivers/STM32F1xx_HAL_Driver/Src/stm32f1xx_ll_usb.o
                0x00000000080032de                USB_DevDisconnect
 .text.USB_ReadInterrupts
                0x00000000080032f2       0x1e Drivers/STM32F1xx_HAL_Driver/Src/stm32f1xx_ll_usb.o
                0x00000000080032f2                USB_ReadInterrupts
 .text.USB_EP0_OutStart
                0x0000000008003310       0x16 Drivers/STM32F1xx_HAL_Driver/Src/stm32f1xx_ll_usb.o
                0x0000000008003310                USB_EP0_OutStart
 .text.USB_WritePMA
                0x0000000008003326       0x88 Drivers/STM32F1xx_HAL_Driver/Src/stm32f1xx_ll_usb.o
                0x0000000008003326                USB_WritePMA
 .text.USB_ReadPMA
                0x00000000080033ae       0x9e Drivers/STM32F1xx_HAL_Driver/Src/stm32f1xx_ll_usb.o
                0x00000000080033ae                USB_ReadPMA
 .text.USBD_CDC_Init
                0x000000000800344c       0xf4 Middlewares/ST/STM32_USB_Device_Library/Class/CDC/Src/usbd_cdc.o
 .text.USBD_CDC_DeInit
                0x0000000008003540       0x6e Middlewares/ST/STM32_USB_Device_Library/Class/CDC/Src/usbd_cdc.o
 .text.USBD_CDC_Setup
                0x00000000080035ae      0x140 Middlewares/ST/STM32_USB_Device_Library/Class/CDC/Src/usbd_cdc.o
 .text.USBD_CDC_DataIn
                0x00000000080036ee       0xa0 Middlewares/ST/STM32_USB_Device_Library/Class/CDC/Src/usbd_cdc.o
 .text.USBD_CDC_DataOut
                0x000000000800378e       0x56 Middlewares/ST/STM32_USB_Device_Library/Class/CDC/Src/usbd_cdc.o
 .text.USBD_CDC_EP0_RxReady
                0x00000000080037e4       0x50 Middlewares/ST/STM32_USB_Device_Library/Class/CDC/Src/usbd_cdc.o
 .text.USBD_CDC_GetFSCfgDesc
                0x0000000008003834       0x20 Middlewares/ST/STM32_USB_Device_Library/Class/CDC/Src/usbd_cdc.o
 .text.USBD_CDC_GetHSCfgDesc
                0x0000000008003854       0x20 Middlewares/ST/STM32_USB_Device_Library/Class/CDC/Src/usbd_cdc.o
 .text.USBD_CDC_GetOtherSpeedCfgDesc
                0x0000000008003874       0x20 Middlewares/ST/STM32_USB_Device_Library/Class/CDC/Src/usbd_cdc.o
 .text.USBD_CDC_GetDeviceQualifierDescriptor
                0x0000000008003894       0x20 Middlewares/ST/STM32_USB_Device_Library/Class/CDC/Src/usbd_cdc.o
                0x0000000008003894                USBD_CDC_GetDeviceQualifierDescriptor
 .text.USBD_CDC_RegisterInterface
                0x00000000080038b4       0x2c Middlewares/ST/STM32_USB_Device_Library/Class/CDC/Src/usbd_cdc.o
                0x00000000080038b4                USBD_CDC_RegisterInterface
 .text.USBD_CDC_SetTxBuffer
                0x00000000080038e0       0x32 Middlewares/ST/STM32_USB_Device_Library/Class/CDC/Src/usbd_cdc.o
                0x00000000080038e0                USBD_CDC_SetTxBuffer
 .text.USBD_CDC_SetRxBuffer
                0x0000000008003912       0x26 Middlewares/ST/STM32_USB_Device_Library/Class/CDC/Src/usbd_cdc.o
                0x0000000008003912                USBD_CDC_SetRxBuffer
 .text.USBD_CDC_TransmitPacket
                0x0000000008003938       0x5e Middlewares/ST/STM32_USB_Device_Library/Class/CDC/Src/usbd_cdc.o
                0x0000000008003938                USBD_CDC_TransmitPacket
 .text.USBD_CDC_ReceivePacket
                0x0000000008003996       0x54 Middlewares/ST/STM32_USB_Device_Library/Class/CDC/Src/usbd_cdc.o
                0x0000000008003996                USBD_CDC_ReceivePacket
 .text.USBD_Init
                0x00000000080039ea       0x56 Middlewares/ST/STM32_USB_Device_Library/Core/Src/usbd_core.o
                0x00000000080039ea                USBD_Init
 .text.USBD_RegisterClass
                0x0000000008003a40       0x32 Middlewares/ST/STM32_USB_Device_Library/Core/Src/usbd_core.o
                0x0000000008003a40                USBD_RegisterClass
 .text.USBD_Start
                0x0000000008003a72       0x18 Middlewares/ST/STM32_USB_Device_Library/Core/Src/usbd_core.o
                0x0000000008003a72                USBD_Start
 .text.USBD_RunTestMode
                0x0000000008003a8a       0x14 Middlewares/ST/STM32_USB_Device_Library/Core/Src/usbd_core.o
                0x0000000008003a8a                USBD_RunTestMode
 .text.USBD_SetClassConfig
                0x0000000008003a9e       0x3e Middlewares/ST/STM32_USB_Device_Library/Core/Src/usbd_core.o
                0x0000000008003a9e                USBD_SetClassConfig
 .text.USBD_ClrClassConfig
                0x0000000008003adc       0x26 Middlewares/ST/STM32_USB_Device_Library/Core/Src/usbd_core.o
                0x0000000008003adc                USBD_ClrClassConfig
 .text.USBD_LL_SetupStage
                0x0000000008003b02       0x96 Middlewares/ST/STM32_USB_Device_Library/Core/Src/usbd_core.o
                0x0000000008003b02                USBD_LL_SetupStage
 .text.USBD_LL_DataOutStage
                0x0000000008003b98       0xe2 Middlewares/ST/STM32_USB_Device_Library/Core/Src/usbd_core.o
                0x0000000008003b98                USBD_LL_DataOutStage
 .text.USBD_LL_DataInStage
                0x0000000008003c7a      0x14a Middlewares/ST/STM32_USB_Device_Library/Core/Src/usbd_core.o
                0x0000000008003c7a                USBD_LL_DataInStage
 .text.USBD_LL_Reset
                0x0000000008003dc4       0x82 Middlewares/ST/STM32_USB_Device_Library/Core/Src/usbd_core.o
                0x0000000008003dc4                USBD_LL_Reset
 .text.USBD_LL_SetSpeed
                0x0000000008003e46       0x1e Middlewares/ST/STM32_USB_Device_Library/Core/Src/usbd_core.o
                0x0000000008003e46                USBD_LL_SetSpeed
 .text.USBD_LL_Suspend
                0x0000000008003e64       0x28 Middlewares/ST/STM32_USB_Device_Library/Core/Src/usbd_core.o
                0x0000000008003e64                USBD_LL_Suspend
 .text.USBD_LL_Resume
                0x0000000008003e8c       0x2a Middlewares/ST/STM32_USB_Device_Library/Core/Src/usbd_core.o
                0x0000000008003e8c                USBD_LL_Resume
 .text.USBD_LL_SOF
                0x0000000008003eb6       0x34 Middlewares/ST/STM32_USB_Device_Library/Core/Src/usbd_core.o
                0x0000000008003eb6                USBD_LL_SOF
 *fill*         0x0000000008003eea        0x2 
 .text.USBD_StdDevReq
                0x0000000008003eec       0xd4 Middlewares/ST/STM32_USB_Device_Library/Core/Src/usbd_ctlreq.o
                0x0000000008003eec                USBD_StdDevReq
 .text.USBD_StdItfReq
                0x0000000008003fc0       0x8c Middlewares/ST/STM32_USB_Device_Library/Core/Src/usbd_ctlreq.o
                0x0000000008003fc0                USBD_StdItfReq
 .text.USBD_StdEPReq
                0x000000000800404c      0x2ba Middlewares/ST/STM32_USB_Device_Library/Core/Src/usbd_ctlreq.o
                0x000000000800404c                USBD_StdEPReq
 *fill*         0x0000000008004306        0x2 
 .text.USBD_GetDescriptor
                0x0000000008004308      0x2d0 Middlewares/ST/STM32_USB_Device_Library/Core/Src/usbd_ctlreq.o
 .text.USBD_SetAddress
                0x00000000080045d8       0x84 Middlewares/ST/STM32_USB_Device_Library/Core/Src/usbd_ctlreq.o
 .text.USBD_SetConfig
                0x000000000800465c      0x11c Middlewares/ST/STM32_USB_Device_Library/Core/Src/usbd_ctlreq.o
 .text.USBD_GetConfig
                0x0000000008004778       0x68 Middlewares/ST/STM32_USB_Device_Library/Core/Src/usbd_ctlreq.o
 .text.USBD_GetStatus
                0x00000000080047e0       0x66 Middlewares/ST/STM32_USB_Device_Library/Core/Src/usbd_ctlreq.o
 .text.USBD_SetFeature
                0x0000000008004846       0x28 Middlewares/ST/STM32_USB_Device_Library/Core/Src/usbd_ctlreq.o
 .text.USBD_ClrFeature
                0x000000000800486e       0x42 Middlewares/ST/STM32_USB_Device_Library/Core/Src/usbd_ctlreq.o
 .text.USBD_ParseSetupRequest
                0x00000000080048b0       0x78 Middlewares/ST/STM32_USB_Device_Library/Core/Src/usbd_ctlreq.o
                0x00000000080048b0                USBD_ParseSetupRequest
 .text.USBD_CtlError
                0x0000000008004928       0x22 Middlewares/ST/STM32_USB_Device_Library/Core/Src/usbd_ctlreq.o
                0x0000000008004928                USBD_CtlError
 .text.USBD_GetString
                0x000000000800494a       0x84 Middlewares/ST/STM32_USB_Device_Library/Core/Src/usbd_ctlreq.o
                0x000000000800494a                USBD_GetString
 .text.USBD_GetLen
                0x00000000080049ce       0x2e Middlewares/ST/STM32_USB_Device_Library/Core/Src/usbd_ctlreq.o
 .text.USBD_CtlSendData
                0x00000000080049fc       0x38 Middlewares/ST/STM32_USB_Device_Library/Core/Src/usbd_ioreq.o
                0x00000000080049fc                USBD_CtlSendData
 .text.USBD_CtlContinueSendData
                0x0000000008004a34       0x24 Middlewares/ST/STM32_USB_Device_Library/Core/Src/usbd_ioreq.o
                0x0000000008004a34                USBD_CtlContinueSendData
 .text.USBD_CtlPrepareRx
                0x0000000008004a58       0x3c Middlewares/ST/STM32_USB_Device_Library/Core/Src/usbd_ioreq.o
                0x0000000008004a58                USBD_CtlPrepareRx
 .text.USBD_CtlContinueRx
                0x0000000008004a94       0x24 Middlewares/ST/STM32_USB_Device_Library/Core/Src/usbd_ioreq.o
                0x0000000008004a94                USBD_CtlContinueRx
 .text.USBD_CtlSendStatus
                0x0000000008004ab8       0x26 Middlewares/ST/STM32_USB_Device_Library/Core/Src/usbd_ioreq.o
                0x0000000008004ab8                USBD_CtlSendStatus
 .text.USBD_CtlReceiveStatus
                0x0000000008004ade       0x26 Middlewares/ST/STM32_USB_Device_Library/Core/Src/usbd_ioreq.o
                0x0000000008004ade                USBD_CtlReceiveStatus
 .text.MX_USB_DEVICE_Init
                0x0000000008004b04       0x60 USB_DEVICE/App/usb_device.o
                0x0000000008004b04                MX_USB_DEVICE_Init
 .text.CDC_Init_FS
                0x0000000008004b64       0x28 USB_DEVICE/App/usbd_cdc_if.o
 .text.CDC_DeInit_FS
                0x0000000008004b8c        0xe USB_DEVICE/App/usbd_cdc_if.o
 *fill*         0x0000000008004b9a        0x2 
 .text.CDC_Control_FS
                0x0000000008004b9c       0xbc USB_DEVICE/App/usbd_cdc_if.o
 .text.CDC_Receive_FS
                0x0000000008004c58       0x28 USB_DEVICE/App/usbd_cdc_if.o
 .text.CDC_Transmit_FS
                0x0000000008004c80       0x4c USB_DEVICE/App/usbd_cdc_if.o
                0x0000000008004c80                CDC_Transmit_FS
 .text.USBD_FS_DeviceDescriptor
                0x0000000008004ccc       0x24 USB_DEVICE/App/usbd_desc.o
                0x0000000008004ccc                USBD_FS_DeviceDescriptor
 .text.USBD_FS_LangIDStrDescriptor
                0x0000000008004cf0       0x24 USB_DEVICE/App/usbd_desc.o
                0x0000000008004cf0                USBD_FS_LangIDStrDescriptor
 .text.USBD_FS_ProductStrDescriptor
                0x0000000008004d14       0x3c USB_DEVICE/App/usbd_desc.o
                0x0000000008004d14                USBD_FS_ProductStrDescriptor
 .text.USBD_FS_ManufacturerStrDescriptor
                0x0000000008004d50       0x28 USB_DEVICE/App/usbd_desc.o
                0x0000000008004d50                USBD_FS_ManufacturerStrDescriptor
 .text.USBD_FS_SerialStrDescriptor
                0x0000000008004d78       0x24 USB_DEVICE/App/usbd_desc.o
                0x0000000008004d78                USBD_FS_SerialStrDescriptor
 .text.USBD_FS_ConfigStrDescriptor
                0x0000000008004d9c       0x3c USB_DEVICE/App/usbd_desc.o
                0x0000000008004d9c                USBD_FS_ConfigStrDescriptor
 .text.USBD_FS_InterfaceStrDescriptor
                0x0000000008004dd8       0x3c USB_DEVICE/App/usbd_desc.o
                0x0000000008004dd8                USBD_FS_InterfaceStrDescriptor
 .text.Get_SerialNum
                0x0000000008004e14       0x58 USB_DEVICE/App/usbd_desc.o
 .text.IntToUnicode
                0x0000000008004e6c       0x7a USB_DEVICE/App/usbd_desc.o
 *fill*         0x0000000008004ee6        0x2 
 .text.HAL_PCD_MspInit
                0x0000000008004ee8       0x4c USB_DEVICE/Target/usbd_conf.o
                0x0000000008004ee8                HAL_PCD_MspInit
 .text.HAL_PCD_SetupStageCallback
                0x0000000008004f34       0x24 USB_DEVICE/Target/usbd_conf.o
                0x0000000008004f34                HAL_PCD_SetupStageCallback
 .text.HAL_PCD_DataOutStageCallback
                0x0000000008004f58       0x30 USB_DEVICE/Target/usbd_conf.o
                0x0000000008004f58                HAL_PCD_DataOutStageCallback
 .text.HAL_PCD_DataInStageCallback
                0x0000000008004f88       0x2e USB_DEVICE/Target/usbd_conf.o
                0x0000000008004f88                HAL_PCD_DataInStageCallback
 .text.HAL_PCD_SOFCallback
                0x0000000008004fb6       0x1c USB_DEVICE/Target/usbd_conf.o
                0x0000000008004fb6                HAL_PCD_SOFCallback
 .text.HAL_PCD_ResetCallback
                0x0000000008004fd2       0x3c USB_DEVICE/Target/usbd_conf.o
                0x0000000008004fd2                HAL_PCD_ResetCallback
 *fill*         0x000000000800500e        0x2 
 .text.HAL_PCD_SuspendCallback
                0x0000000008005010       0x34 USB_DEVICE/Target/usbd_conf.o
                0x0000000008005010                HAL_PCD_SuspendCallback
 .text.HAL_PCD_ResumeCallback
                0x0000000008005044       0x1c USB_DEVICE/Target/usbd_conf.o
                0x0000000008005044                HAL_PCD_ResumeCallback
 .text.USBD_LL_Init
                0x0000000008005060       0xb4 USB_DEVICE/Target/usbd_conf.o
                0x0000000008005060                USBD_LL_Init
 .text.USBD_LL_Start
                0x0000000008005114       0x36 USB_DEVICE/Target/usbd_conf.o
                0x0000000008005114                USBD_LL_Start
 .text.USBD_LL_OpenEP
                0x000000000800514a       0x4c USB_DEVICE/Target/usbd_conf.o
                0x000000000800514a                USBD_LL_OpenEP
 .text.USBD_LL_CloseEP
                0x0000000008005196       0x3e USB_DEVICE/Target/usbd_conf.o
                0x0000000008005196                USBD_LL_CloseEP
 .text.USBD_LL_StallEP
                0x00000000080051d4       0x3e USB_DEVICE/Target/usbd_conf.o
                0x00000000080051d4                USBD_LL_StallEP
 .text.USBD_LL_ClearStallEP
                0x0000000008005212       0x3e USB_DEVICE/Target/usbd_conf.o
                0x0000000008005212                USBD_LL_ClearStallEP
 .text.USBD_LL_IsStallEP
                0x0000000008005250       0x4a USB_DEVICE/Target/usbd_conf.o
                0x0000000008005250                USBD_LL_IsStallEP
 .text.USBD_LL_SetUSBAddress
                0x000000000800529a       0x3e USB_DEVICE/Target/usbd_conf.o
                0x000000000800529a                USBD_LL_SetUSBAddress
 .text.USBD_LL_Transmit
                0x00000000080052d8       0x46 USB_DEVICE/Target/usbd_conf.o
                0x00000000080052d8                USBD_LL_Transmit
 .text.USBD_LL_PrepareReceive
                0x000000000800531e       0x46 USB_DEVICE/Target/usbd_conf.o
                0x000000000800531e                USBD_LL_PrepareReceive
 .text.USBD_LL_GetRxDataSize
                0x0000000008005364       0x26 USB_DEVICE/Target/usbd_conf.o
                0x0000000008005364                USBD_LL_GetRxDataSize
 *fill*         0x000000000800538a        0x2 
 .text.USBD_static_malloc
                0x000000000800538c       0x18 USB_DEVICE/Target/usbd_conf.o
                0x000000000800538c                USBD_static_malloc
 .text.USBD_static_free
                0x00000000080053a4       0x12 USB_DEVICE/Target/usbd_conf.o
                0x00000000080053a4                USBD_static_free
 .text.HAL_PCDEx_SetConnectionState
                0x00000000080053b6       0x16 USB_DEVICE/Target/usbd_conf.o
                0x00000000080053b6                HAL_PCDEx_SetConnectionState
 .text.USBD_Get_USB_Status
                0x00000000080053cc       0x58 USB_DEVICE/Target/usbd_conf.o
 .text.__libc_init_array
                0x0000000008005424       0x48 c:/st/stm32cubeide_1.2.0/stm32cubeide/plugins/com.st.stm32cube.ide.mcu.externaltools.gnu-tools-for-stm32.7-2018-q2-update.win32_1.0.0.201904181610/tools/bin/../lib/gcc/arm-none-eabi/7.3.1/../../../../arm-none-eabi/lib/thumb/v7-m\libc_nano.a(lib_a-init.o)
                0x0000000008005424                __libc_init_array
 .text.memset   0x000000000800546c       0x10 c:/st/stm32cubeide_1.2.0/stm32cubeide/plugins/com.st.stm32cube.ide.mcu.externaltools.gnu-tools-for-stm32.7-2018-q2-update.win32_1.0.0.201904181610/tools/bin/../lib/gcc/arm-none-eabi/7.3.1/../../../../arm-none-eabi/lib/thumb/v7-m\libc_nano.a(lib_a-memset.o)
                0x000000000800546c                memset
 *(.glue_7)
 .glue_7        0x000000000800547c        0x0 linker stubs
 *(.glue_7t)
 .glue_7t       0x000000000800547c        0x0 linker stubs
 *(.eh_frame)
 .eh_frame      0x000000000800547c        0x0 c:/st/stm32cubeide_1.2.0/stm32cubeide/plugins/com.st.stm32cube.ide.mcu.externaltools.gnu-tools-for-stm32.7-2018-q2-update.win32_1.0.0.201904181610/tools/bin/../lib/gcc/arm-none-eabi/7.3.1/thumb/v7-m/crtbegin.o
 *(.init)
 .init          0x000000000800547c        0x4 c:/st/stm32cubeide_1.2.0/stm32cubeide/plugins/com.st.stm32cube.ide.mcu.externaltools.gnu-tools-for-stm32.7-2018-q2-update.win32_1.0.0.201904181610/tools/bin/../lib/gcc/arm-none-eabi/7.3.1/thumb/v7-m/crti.o
                0x000000000800547c                _init
 .init          0x0000000008005480        0x8 c:/st/stm32cubeide_1.2.0/stm32cubeide/plugins/com.st.stm32cube.ide.mcu.externaltools.gnu-tools-for-stm32.7-2018-q2-update.win32_1.0.0.201904181610/tools/bin/../lib/gcc/arm-none-eabi/7.3.1/thumb/v7-m/crtn.o
 *(.fini)
 .fini          0x0000000008005488        0x4 c:/st/stm32cubeide_1.2.0/stm32cubeide/plugins/com.st.stm32cube.ide.mcu.externaltools.gnu-tools-for-stm32.7-2018-q2-update.win32_1.0.0.201904181610/tools/bin/../lib/gcc/arm-none-eabi/7.3.1/thumb/v7-m/crti.o
                0x0000000008005488                _fini
 .fini          0x000000000800548c        0x8 c:/st/stm32cubeide_1.2.0/stm32cubeide/plugins/com.st.stm32cube.ide.mcu.externaltools.gnu-tools-for-stm32.7-2018-q2-update.win32_1.0.0.201904181610/tools/bin/../lib/gcc/arm-none-eabi/7.3.1/thumb/v7-m/crtn.o
                0x0000000008005494                . = ALIGN (0x4)
                0x0000000008005494                _etext = .

.vfp11_veneer   0x0000000008005494        0x0
 .vfp11_veneer  0x0000000008005494        0x0 linker stubs

.v4_bx          0x0000000008005494        0x0
 .v4_bx         0x0000000008005494        0x0 linker stubs

.iplt           0x0000000008005494        0x0
 .iplt          0x0000000008005494        0x0 c:/st/stm32cubeide_1.2.0/stm32cubeide/plugins/com.st.stm32cube.ide.mcu.externaltools.gnu-tools-for-stm32.7-2018-q2-update.win32_1.0.0.201904181610/tools/bin/../lib/gcc/arm-none-eabi/7.3.1/thumb/v7-m/crtbegin.o

.rodata         0x0000000008005494       0x6c
                0x0000000008005494                . = ALIGN (0x4)
 *(.rodata)
 .rodata        0x0000000008005494       0x12 Drivers/STM32F1xx_HAL_Driver/Src/stm32f1xx_hal_rcc.o
 *fill*         0x00000000080054a6        0x2 
 .rodata        0x00000000080054a8       0x46 USB_DEVICE/App/usbd_desc.o
 *(.rodata*)
 *fill*         0x00000000080054ee        0x2 
 .rodata.AHBPrescTable
                0x00000000080054f0       0x10 Core/Src/system_stm32f1xx.o
                0x00000000080054f0                AHBPrescTable
                0x0000000008005500                . = ALIGN (0x4)

.rel.dyn        0x0000000008005500        0x0
 .rel.iplt      0x0000000008005500        0x0 c:/st/stm32cubeide_1.2.0/stm32cubeide/plugins/com.st.stm32cube.ide.mcu.externaltools.gnu-tools-for-stm32.7-2018-q2-update.win32_1.0.0.201904181610/tools/bin/../lib/gcc/arm-none-eabi/7.3.1/thumb/v7-m/crtbegin.o

.ARM.extab      0x0000000008005500        0x0
                0x0000000008005500                . = ALIGN (0x4)
 *(.ARM.extab* .gnu.linkonce.armextab.*)
                0x0000000008005500                . = ALIGN (0x4)

.ARM            0x0000000008005500        0x0
                0x0000000008005500                . = ALIGN (0x4)
                0x0000000008005500                __exidx_start = .
 *(.ARM.exidx*)
                0x0000000008005500                __exidx_end = .
                0x0000000008005500                . = ALIGN (0x4)

.preinit_array  0x0000000008005500        0x0
                0x0000000008005500                . = ALIGN (0x4)
                0x0000000008005500                PROVIDE (__preinit_array_start = .)
 *(.preinit_array*)
                0x0000000008005500                PROVIDE (__preinit_array_end = .)
                0x0000000008005500                . = ALIGN (0x4)

.init_array     0x0000000008005500        0x4
                0x0000000008005500                . = ALIGN (0x4)
                0x0000000008005500                PROVIDE (__init_array_start = .)
 *(SORT_BY_NAME(.init_array.*))
 *(.init_array*)
 .init_array    0x0000000008005500        0x4 c:/st/stm32cubeide_1.2.0/stm32cubeide/plugins/com.st.stm32cube.ide.mcu.externaltools.gnu-tools-for-stm32.7-2018-q2-update.win32_1.0.0.201904181610/tools/bin/../lib/gcc/arm-none-eabi/7.3.1/thumb/v7-m/crtbegin.o
                0x0000000008005504                PROVIDE (__init_array_end = .)
                0x0000000008005504                . = ALIGN (0x4)

.fini_array     0x0000000008005504        0x4
                0x0000000008005504                . = ALIGN (0x4)
                [!provide]                        PROVIDE (__fini_array_start = .)
 *(SORT_BY_NAME(.fini_array.*))
 *(.fini_array*)
 .fini_array    0x0000000008005504        0x4 c:/st/stm32cubeide_1.2.0/stm32cubeide/plugins/com.st.stm32cube.ide.mcu.externaltools.gnu-tools-for-stm32.7-2018-q2-update.win32_1.0.0.201904181610/tools/bin/../lib/gcc/arm-none-eabi/7.3.1/thumb/v7-m/crtbegin.o
                [!provide]                        PROVIDE (__fini_array_end = .)
                0x0000000008005508                . = ALIGN (0x4)
                0x0000000008005508                _sidata = LOADADDR (.data)

.data           0x0000000020000000      0x184 load address 0x0000000008005508
                0x0000000020000000                . = ALIGN (0x4)
                0x0000000020000000                _sdata = .
 *(.data)
 *(.data*)
 .data.txBuff   0x0000000020000000        0x7 Core/Src/main.o
                0x0000000020000000                txBuff
 *fill*         0x0000000020000007        0x1 
 .data.SystemCoreClock
                0x0000000020000008        0x4 Core/Src/system_stm32f1xx.o
                0x0000000020000008                SystemCoreClock
 .data.uwTickPrio
                0x000000002000000c        0x4 Drivers/STM32F1xx_HAL_Driver/Src/stm32f1xx_hal.o
                0x000000002000000c                uwTickPrio
 .data.uwTickFreq
                0x0000000020000010        0x1 Drivers/STM32F1xx_HAL_Driver/Src/stm32f1xx_hal.o
                0x0000000020000010                uwTickFreq
 *fill*         0x0000000020000011        0x3 
 .data.USBD_CDC_DeviceQualifierDesc
                0x0000000020000014        0xa Middlewares/ST/STM32_USB_Device_Library/Class/CDC/Src/usbd_cdc.o
 *fill*         0x000000002000001e        0x2 
 .data.USBD_CDC
                0x0000000020000020       0x38 Middlewares/ST/STM32_USB_Device_Library/Class/CDC/Src/usbd_cdc.o
                0x0000000020000020                USBD_CDC
 .data.USBD_CDC_CfgHSDesc
                0x0000000020000058       0x43 Middlewares/ST/STM32_USB_Device_Library/Class/CDC/Src/usbd_cdc.o
                0x0000000020000058                USBD_CDC_CfgHSDesc
 *fill*         0x000000002000009b        0x1 
 .data.USBD_CDC_CfgFSDesc
                0x000000002000009c       0x43 Middlewares/ST/STM32_USB_Device_Library/Class/CDC/Src/usbd_cdc.o
                0x000000002000009c                USBD_CDC_CfgFSDesc
 *fill*         0x00000000200000df        0x1 
 .data.USBD_CDC_OtherSpeedCfgDesc
                0x00000000200000e0       0x43 Middlewares/ST/STM32_USB_Device_Library/Class/CDC/Src/usbd_cdc.o
                0x00000000200000e0                USBD_CDC_OtherSpeedCfgDesc
 *fill*         0x0000000020000123        0x1 
 .data.USBD_Interface_fops_FS
                0x0000000020000124       0x10 USB_DEVICE/App/usbd_cdc_if.o
                0x0000000020000124                USBD_Interface_fops_FS
 .data.FS_Desc  0x0000000020000134       0x1c USB_DEVICE/App/usbd_desc.o
                0x0000000020000134                FS_Desc
 .data.USBD_FS_DeviceDesc
                0x0000000020000150       0x12 USB_DEVICE/App/usbd_desc.o
                0x0000000020000150                USBD_FS_DeviceDesc
 *fill*         0x0000000020000162        0x2 
 .data.USBD_LangIDDesc
                0x0000000020000164        0x4 USB_DEVICE/App/usbd_desc.o
                0x0000000020000164                USBD_LangIDDesc
 .data.USBD_StringSerial
                0x0000000020000168       0x1a USB_DEVICE/App/usbd_desc.o
                0x0000000020000168                USBD_StringSerial
                0x0000000020000184                . = ALIGN (0x4)
 *fill*         0x0000000020000182        0x2 
                0x0000000020000184                _edata = .

.igot.plt       0x0000000020000184        0x0 load address 0x000000000800568c
 .igot.plt      0x0000000020000184        0x0 c:/st/stm32cubeide_1.2.0/stm32cubeide/plugins/com.st.stm32cube.ide.mcu.externaltools.gnu-tools-for-stm32.7-2018-q2-update.win32_1.0.0.201904181610/tools/bin/../lib/gcc/arm-none-eabi/7.3.1/thumb/v7-m/crtbegin.o
                0x0000000020000184                . = ALIGN (0x4)

.bss            0x0000000020000184     0x1144 load address 0x000000000800568c
                0x0000000020000184                _sbss = .
                0x0000000020000184                __bss_start__ = _sbss
 *(.bss)
 .bss           0x0000000020000184       0x1c c:/st/stm32cubeide_1.2.0/stm32cubeide/plugins/com.st.stm32cube.ide.mcu.externaltools.gnu-tools-for-stm32.7-2018-q2-update.win32_1.0.0.201904181610/tools/bin/../lib/gcc/arm-none-eabi/7.3.1/thumb/v7-m/crtbegin.o
 *(.bss*)
 .bss.cfgidx.7624
                0x00000000200001a0        0x1 Middlewares/ST/STM32_USB_Device_Library/Core/Src/usbd_ctlreq.o
 *fill*         0x00000000200001a1        0x3 
 .bss.mem.7689  0x00000000200001a4      0x220 USB_DEVICE/Target/usbd_conf.o
 *(COMMON)
 COMMON         0x00000000200003c4        0x4 Drivers/STM32F1xx_HAL_Driver/Src/stm32f1xx_hal.o
                0x00000000200003c4                uwTick
 COMMON         0x00000000200003c8      0x2c4 USB_DEVICE/App/usb_device.o
                0x00000000200003c8                hUsbDeviceFS
 COMMON         0x000000002000068c      0x7d0 USB_DEVICE/App/usbd_cdc_if.o
                0x000000002000068c                UserRxBufferFS
                0x0000000020000a74                UserTxBufferFS
 COMMON         0x0000000020000e5c      0x200 USB_DEVICE/App/usbd_desc.o
                0x0000000020000e5c                USBD_StrDesc
 COMMON         0x000000002000105c      0x26c USB_DEVICE/Target/usbd_conf.o
                0x000000002000105c                hpcd_USB_FS
                0x00000000200012c8                . = ALIGN (0x4)
                0x00000000200012c8                _ebss = .
                0x00000000200012c8                __bss_end__ = _ebss

._user_heap_stack
                0x00000000200012c8      0x600 load address 0x000000000800568c
                0x00000000200012c8                . = ALIGN (0x8)
                0x00000000200012c8                PROVIDE (end = .)
                [!provide]                        PROVIDE (_end = .)
                0x00000000200014c8                . = (. + _Min_Heap_Size)
 *fill*         0x00000000200012c8      0x200 
                0x00000000200018c8                . = (. + _Min_Stack_Size)
 *fill*         0x00000000200014c8      0x400 
                0x00000000200018c8                . = ALIGN (0x8)

/DISCARD/
 libc.a(*)
 libm.a(*)
 libgcc.a(*)

.ARM.attributes
                0x0000000000000000       0x29
 *(.ARM.attributes)
 .ARM.attributes
                0x0000000000000000       0x1d c:/st/stm32cubeide_1.2.0/stm32cubeide/plugins/com.st.stm32cube.ide.mcu.externaltools.gnu-tools-for-stm32.7-2018-q2-update.win32_1.0.0.201904181610/tools/bin/../lib/gcc/arm-none-eabi/7.3.1/thumb/v7-m/crti.o
 .ARM.attributes
                0x000000000000001d       0x2d c:/st/stm32cubeide_1.2.0/stm32cubeide/plugins/com.st.stm32cube.ide.mcu.externaltools.gnu-tools-for-stm32.7-2018-q2-update.win32_1.0.0.201904181610/tools/bin/../lib/gcc/arm-none-eabi/7.3.1/thumb/v7-m/crtbegin.o
 .ARM.attributes
                0x000000000000004a       0x33 Core/Src/main.o
 .ARM.attributes
                0x000000000000007d       0x33 Core/Src/stm32f1xx_hal_msp.o
 .ARM.attributes
                0x00000000000000b0       0x33 Core/Src/stm32f1xx_it.o
 .ARM.attributes
                0x00000000000000e3       0x33 Core/Src/system_stm32f1xx.o
 .ARM.attributes
                0x0000000000000116       0x21 Core/Startup/startup_stm32f103c8tx.o
 .ARM.attributes
                0x0000000000000137       0x33 Drivers/STM32F1xx_HAL_Driver/Src/stm32f1xx_hal.o
 .ARM.attributes
                0x000000000000016a       0x33 Drivers/STM32F1xx_HAL_Driver/Src/stm32f1xx_hal_cortex.o
 .ARM.attributes
                0x000000000000019d       0x33 Drivers/STM32F1xx_HAL_Driver/Src/stm32f1xx_hal_gpio.o
 .ARM.attributes
                0x00000000000001d0       0x33 Drivers/STM32F1xx_HAL_Driver/Src/stm32f1xx_hal_pcd.o
 .ARM.attributes
                0x0000000000000203       0x33 Drivers/STM32F1xx_HAL_Driver/Src/stm32f1xx_hal_pcd_ex.o
 .ARM.attributes
                0x0000000000000236       0x33 Drivers/STM32F1xx_HAL_Driver/Src/stm32f1xx_hal_rcc.o
 .ARM.attributes
                0x0000000000000269       0x33 Drivers/STM32F1xx_HAL_Driver/Src/stm32f1xx_hal_rcc_ex.o
 .ARM.attributes
                0x000000000000029c       0x33 Drivers/STM32F1xx_HAL_Driver/Src/stm32f1xx_ll_usb.o
 .ARM.attributes
                0x00000000000002cf       0x33 Middlewares/ST/STM32_USB_Device_Library/Class/CDC/Src/usbd_cdc.o
 .ARM.attributes
                0x0000000000000302       0x33 Middlewares/ST/STM32_USB_Device_Library/Core/Src/usbd_core.o
 .ARM.attributes
                0x0000000000000335       0x33 Middlewares/ST/STM32_USB_Device_Library/Core/Src/usbd_ctlreq.o
 .ARM.attributes
                0x0000000000000368       0x33 Middlewares/ST/STM32_USB_Device_Library/Core/Src/usbd_ioreq.o
 .ARM.attributes
                0x000000000000039b       0x33 USB_DEVICE/App/usb_device.o
 .ARM.attributes
                0x00000000000003ce       0x33 USB_DEVICE/App/usbd_cdc_if.o
 .ARM.attributes
                0x0000000000000401       0x33 USB_DEVICE/App/usbd_desc.o
 .ARM.attributes
                0x0000000000000434       0x33 USB_DEVICE/Target/usbd_conf.o
 .ARM.attributes
                0x0000000000000467       0x2d c:/st/stm32cubeide_1.2.0/stm32cubeide/plugins/com.st.stm32cube.ide.mcu.externaltools.gnu-tools-for-stm32.7-2018-q2-update.win32_1.0.0.201904181610/tools/bin/../lib/gcc/arm-none-eabi/7.3.1/../../../../arm-none-eabi/lib/thumb/v7-m\libc_nano.a(lib_a-init.o)
 .ARM.attributes
                0x0000000000000494       0x2d c:/st/stm32cubeide_1.2.0/stm32cubeide/plugins/com.st.stm32cube.ide.mcu.externaltools.gnu-tools-for-stm32.7-2018-q2-update.win32_1.0.0.201904181610/tools/bin/../lib/gcc/arm-none-eabi/7.3.1/../../../../arm-none-eabi/lib/thumb/v7-m\libc_nano.a(lib_a-memset.o)
 .ARM.attributes
                0x00000000000004c1       0x1d c:/st/stm32cubeide_1.2.0/stm32cubeide/plugins/com.st.stm32cube.ide.mcu.externaltools.gnu-tools-for-stm32.7-2018-q2-update.win32_1.0.0.201904181610/tools/bin/../lib/gcc/arm-none-eabi/7.3.1/thumb/v7-m/crtn.o
OUTPUT(USB.elf elf32-littlearm)

.debug_info     0x0000000000000000    0x101f6
 .debug_info    0x0000000000000000     0x11e8 Core/Src/main.o
 .debug_info    0x00000000000011e8      0x2cb Core/Src/stm32f1xx_hal_msp.o
 .debug_info    0x00000000000014b3      0x681 Core/Src/stm32f1xx_it.o
 .debug_info    0x0000000000001b34      0x433 Core/Src/system_stm32f1xx.o
 .debug_info    0x0000000000001f67       0x22 Core/Startup/startup_stm32f103c8tx.o
 .debug_info    0x0000000000001f89      0x6fe Drivers/STM32F1xx_HAL_Driver/Src/stm32f1xx_hal.o
 .debug_info    0x0000000000002687      0xb46 Drivers/STM32F1xx_HAL_Driver/Src/stm32f1xx_hal_cortex.o
 .debug_info    0x00000000000031cd      0x681 Drivers/STM32F1xx_HAL_Driver/Src/stm32f1xx_hal_gpio.o
 .debug_info    0x000000000000384e      0xe38 Drivers/STM32F1xx_HAL_Driver/Src/stm32f1xx_hal_pcd.o
 .debug_info    0x0000000000004686      0x760 Drivers/STM32F1xx_HAL_Driver/Src/stm32f1xx_hal_pcd_ex.o
 .debug_info    0x0000000000004de6      0x804 Drivers/STM32F1xx_HAL_Driver/Src/stm32f1xx_hal_rcc.o
 .debug_info    0x00000000000055ea      0x439 Drivers/STM32F1xx_HAL_Driver/Src/stm32f1xx_hal_rcc_ex.o
 .debug_info    0x0000000000005a23     0x14f9 Drivers/STM32F1xx_HAL_Driver/Src/stm32f1xx_ll_usb.o
 .debug_info    0x0000000000006f1c     0x1791 Middlewares/ST/STM32_USB_Device_Library/Class/CDC/Src/usbd_cdc.o
 .debug_info    0x00000000000086ad     0x11c2 Middlewares/ST/STM32_USB_Device_Library/Core/Src/usbd_core.o
 .debug_info    0x000000000000986f     0x1132 Middlewares/ST/STM32_USB_Device_Library/Core/Src/usbd_ctlreq.o
 .debug_info    0x000000000000a9a1      0xf23 Middlewares/ST/STM32_USB_Device_Library/Core/Src/usbd_ioreq.o
 .debug_info    0x000000000000b8c4      0xe6b USB_DEVICE/App/usb_device.o
 .debug_info    0x000000000000c72f     0x102b USB_DEVICE/App/usbd_cdc_if.o
 .debug_info    0x000000000000d75a      0xd07 USB_DEVICE/App/usbd_desc.o
 .debug_info    0x000000000000e461     0x1d95 USB_DEVICE/Target/usbd_conf.o

.debug_abbrev   0x0000000000000000     0x2907
 .debug_abbrev  0x0000000000000000      0x23a Core/Src/main.o
 .debug_abbrev  0x000000000000023a      0x109 Core/Src/stm32f1xx_hal_msp.o
 .debug_abbrev  0x0000000000000343      0x155 Core/Src/stm32f1xx_it.o
 .debug_abbrev  0x0000000000000498      0x134 Core/Src/system_stm32f1xx.o
 .debug_abbrev  0x00000000000005cc       0x12 Core/Startup/startup_stm32f103c8tx.o
 .debug_abbrev  0x00000000000005de      0x1d8 Drivers/STM32F1xx_HAL_Driver/Src/stm32f1xx_hal.o
 .debug_abbrev  0x00000000000007b6      0x2d5 Drivers/STM32F1xx_HAL_Driver/Src/stm32f1xx_hal_cortex.o
 .debug_abbrev  0x0000000000000a8b      0x1c0 Drivers/STM32F1xx_HAL_Driver/Src/stm32f1xx_hal_gpio.o
 .debug_abbrev  0x0000000000000c4b      0x263 Drivers/STM32F1xx_HAL_Driver/Src/stm32f1xx_hal_pcd.o
 .debug_abbrev  0x0000000000000eae      0x188 Drivers/STM32F1xx_HAL_Driver/Src/stm32f1xx_hal_pcd_ex.o
 .debug_abbrev  0x0000000000001036      0x243 Drivers/STM32F1xx_HAL_Driver/Src/stm32f1xx_hal_rcc.o
 .debug_abbrev  0x0000000000001279      0x175 Drivers/STM32F1xx_HAL_Driver/Src/stm32f1xx_hal_rcc_ex.o
 .debug_abbrev  0x00000000000013ee      0x1c5 Drivers/STM32F1xx_HAL_Driver/Src/stm32f1xx_ll_usb.o
 .debug_abbrev  0x00000000000015b3      0x2b6 Middlewares/ST/STM32_USB_Device_Library/Class/CDC/Src/usbd_cdc.o
 .debug_abbrev  0x0000000000001869      0x270 Middlewares/ST/STM32_USB_Device_Library/Core/Src/usbd_core.o
 .debug_abbrev  0x0000000000001ad9      0x2a0 Middlewares/ST/STM32_USB_Device_Library/Core/Src/usbd_ctlreq.o
 .debug_abbrev  0x0000000000001d79      0x1e0 Middlewares/ST/STM32_USB_Device_Library/Core/Src/usbd_ioreq.o
 .debug_abbrev  0x0000000000001f59      0x1be USB_DEVICE/App/usb_device.o
 .debug_abbrev  0x0000000000002117      0x285 USB_DEVICE/App/usbd_cdc_if.o
 .debug_abbrev  0x000000000000239c      0x290 USB_DEVICE/App/usbd_desc.o
 .debug_abbrev  0x000000000000262c      0x2db USB_DEVICE/Target/usbd_conf.o

.debug_aranges  0x0000000000000000      0xa60
 .debug_aranges
                0x0000000000000000       0x38 Core/Src/main.o
 .debug_aranges
                0x0000000000000038       0x20 Core/Src/stm32f1xx_hal_msp.o
 .debug_aranges
                0x0000000000000058       0x68 Core/Src/stm32f1xx_it.o
 .debug_aranges
                0x00000000000000c0       0x28 Core/Src/system_stm32f1xx.o
 .debug_aranges
                0x00000000000000e8       0x28 Core/Startup/startup_stm32f103c8tx.o
 .debug_aranges
                0x0000000000000110       0xe0 Drivers/STM32F1xx_HAL_Driver/Src/stm32f1xx_hal.o
 .debug_aranges
                0x00000000000001f0      0x100 Drivers/STM32F1xx_HAL_Driver/Src/stm32f1xx_hal_cortex.o
 .debug_aranges
                0x00000000000002f0       0x58 Drivers/STM32F1xx_HAL_Driver/Src/stm32f1xx_hal_gpio.o
 .debug_aranges
                0x0000000000000348      0x120 Drivers/STM32F1xx_HAL_Driver/Src/stm32f1xx_hal_pcd.o
 .debug_aranges
                0x0000000000000468       0x38 Drivers/STM32F1xx_HAL_Driver/Src/stm32f1xx_hal_pcd_ex.o
 .debug_aranges
                0x00000000000004a0       0x90 Drivers/STM32F1xx_HAL_Driver/Src/stm32f1xx_hal_rcc.o
 .debug_aranges
                0x0000000000000530       0x30 Drivers/STM32F1xx_HAL_Driver/Src/stm32f1xx_hal_rcc_ex.o
 .debug_aranges
                0x0000000000000560      0x108 Drivers/STM32F1xx_HAL_Driver/Src/stm32f1xx_ll_usb.o
 .debug_aranges
                0x0000000000000668       0x90 Middlewares/ST/STM32_USB_Device_Library/Class/CDC/Src/usbd_cdc.o
 .debug_aranges
                0x00000000000006f8       0xb8 Middlewares/ST/STM32_USB_Device_Library/Core/Src/usbd_core.o
 .debug_aranges
                0x00000000000007b0       0x88 Middlewares/ST/STM32_USB_Device_Library/Core/Src/usbd_ctlreq.o
 .debug_aranges
                0x0000000000000838       0x50 Middlewares/ST/STM32_USB_Device_Library/Core/Src/usbd_ioreq.o
 .debug_aranges
                0x0000000000000888       0x20 USB_DEVICE/App/usb_device.o
 .debug_aranges
                0x00000000000008a8       0x40 USB_DEVICE/App/usbd_cdc_if.o
 .debug_aranges
                0x00000000000008e8       0x60 USB_DEVICE/App/usbd_desc.o
 .debug_aranges
                0x0000000000000948      0x118 USB_DEVICE/Target/usbd_conf.o

.debug_ranges   0x0000000000000000      0x918
 .debug_ranges  0x0000000000000000       0x28 Core/Src/main.o
 .debug_ranges  0x0000000000000028       0x10 Core/Src/stm32f1xx_hal_msp.o
 .debug_ranges  0x0000000000000038       0x58 Core/Src/stm32f1xx_it.o
 .debug_ranges  0x0000000000000090       0x18 Core/Src/system_stm32f1xx.o
 .debug_ranges  0x00000000000000a8       0x20 Core/Startup/startup_stm32f103c8tx.o
 .debug_ranges  0x00000000000000c8       0xd0 Drivers/STM32F1xx_HAL_Driver/Src/stm32f1xx_hal.o
 .debug_ranges  0x0000000000000198       0xf0 Drivers/STM32F1xx_HAL_Driver/Src/stm32f1xx_hal_cortex.o
 .debug_ranges  0x0000000000000288       0x48 Drivers/STM32F1xx_HAL_Driver/Src/stm32f1xx_hal_gpio.o
 .debug_ranges  0x00000000000002d0      0x110 Drivers/STM32F1xx_HAL_Driver/Src/stm32f1xx_hal_pcd.o
 .debug_ranges  0x00000000000003e0       0x28 Drivers/STM32F1xx_HAL_Driver/Src/stm32f1xx_hal_pcd_ex.o
 .debug_ranges  0x0000000000000408       0x80 Drivers/STM32F1xx_HAL_Driver/Src/stm32f1xx_hal_rcc.o
 .debug_ranges  0x0000000000000488       0x20 Drivers/STM32F1xx_HAL_Driver/Src/stm32f1xx_hal_rcc_ex.o
 .debug_ranges  0x00000000000004a8       0xf8 Drivers/STM32F1xx_HAL_Driver/Src/stm32f1xx_ll_usb.o
 .debug_ranges  0x00000000000005a0       0x80 Middlewares/ST/STM32_USB_Device_Library/Class/CDC/Src/usbd_cdc.o
 .debug_ranges  0x0000000000000620       0xa8 Middlewares/ST/STM32_USB_Device_Library/Core/Src/usbd_core.o
 .debug_ranges  0x00000000000006c8       0x78 Middlewares/ST/STM32_USB_Device_Library/Core/Src/usbd_ctlreq.o
 .debug_ranges  0x0000000000000740       0x40 Middlewares/ST/STM32_USB_Device_Library/Core/Src/usbd_ioreq.o
 .debug_ranges  0x0000000000000780       0x10 USB_DEVICE/App/usb_device.o
 .debug_ranges  0x0000000000000790       0x30 USB_DEVICE/App/usbd_cdc_if.o
 .debug_ranges  0x00000000000007c0       0x50 USB_DEVICE/App/usbd_desc.o
 .debug_ranges  0x0000000000000810      0x108 USB_DEVICE/Target/usbd_conf.o

.debug_macro    0x0000000000000000    0x160b7
 .debug_macro   0x0000000000000000      0x3d5 Core/Src/main.o
 .debug_macro   0x00000000000003d5      0xa5a Core/Src/main.o
 .debug_macro   0x0000000000000e2f      0x215 Core/Src/main.o
 .debug_macro   0x0000000000001044       0x2e Core/Src/main.o
 .debug_macro   0x0000000000001072       0x22 Core/Src/main.o
 .debug_macro   0x0000000000001094       0x22 Core/Src/main.o
 .debug_macro   0x00000000000010b6       0x8e Core/Src/main.o
 .debug_macro   0x0000000000001144       0x51 Core/Src/main.o
 .debug_macro   0x0000000000001195       0xef Core/Src/main.o
 .debug_macro   0x0000000000001284       0x6a Core/Src/main.o
 .debug_macro   0x00000000000012ee      0x1df Core/Src/main.o
 .debug_macro   0x00000000000014cd       0x1c Core/Src/main.o
 .debug_macro   0x00000000000014e9       0x22 Core/Src/main.o
 .debug_macro   0x000000000000150b       0xc3 Core/Src/main.o
 .debug_macro   0x00000000000015ce      0xd23 Core/Src/main.o
 .debug_macro   0x00000000000022f1     0xe09e Core/Src/main.o
 .debug_macro   0x000000000001038f       0x43 Core/Src/main.o
 .debug_macro   0x00000000000103d2      0x174 Core/Src/main.o
 .debug_macro   0x0000000000010546       0x5a Core/Src/main.o
 .debug_macro   0x00000000000105a0      0x5be Core/Src/main.o
 .debug_macro   0x0000000000010b5e      0x289 Core/Src/main.o
 .debug_macro   0x0000000000010de7      0x1cb Core/Src/main.o
 .debug_macro   0x0000000000010fb2      0x114 Core/Src/main.o
 .debug_macro   0x00000000000110c6      0x1b2 Core/Src/main.o
 .debug_macro   0x0000000000011278       0x27 Core/Src/main.o
 .debug_macro   0x000000000001129f      0x136 Core/Src/main.o
 .debug_macro   0x00000000000113d5      0x1bc Core/Src/main.o
 .debug_macro   0x0000000000011591       0x34 Core/Src/main.o
 .debug_macro   0x00000000000115c5       0x3c Core/Src/main.o
 .debug_macro   0x0000000000011601       0x57 Core/Src/main.o
 .debug_macro   0x0000000000011658       0x88 Core/Src/main.o
 .debug_macro   0x00000000000116e0      0x241 Core/Src/main.o
 .debug_macro   0x0000000000011921      0x141 Core/Src/main.o
 .debug_macro   0x0000000000011a62       0x65 Core/Src/main.o
 .debug_macro   0x0000000000011ac7      0x249 Core/Src/main.o
 .debug_macro   0x0000000000011d10       0x83 Core/Src/main.o
 .debug_macro   0x0000000000011d93       0x10 Core/Src/main.o
 .debug_macro   0x0000000000011da3       0x46 Core/Src/main.o
 .debug_macro   0x0000000000011de9       0x18 Core/Src/main.o
 .debug_macro   0x0000000000011e01       0x3c Core/Src/main.o
 .debug_macro   0x0000000000011e3d       0x34 Core/Src/main.o
 .debug_macro   0x0000000000011e71       0x16 Core/Src/main.o
 .debug_macro   0x0000000000011e87       0x35 Core/Src/main.o
 .debug_macro   0x0000000000011ebc      0x32a Core/Src/main.o
 .debug_macro   0x00000000000121e6       0x10 Core/Src/main.o
 .debug_macro   0x00000000000121f6       0x52 Core/Src/main.o
 .debug_macro   0x0000000000012248       0x1f Core/Src/main.o
 .debug_macro   0x0000000000012267       0x43 Core/Src/main.o
 .debug_macro   0x00000000000122aa       0x20 Core/Src/main.o
 .debug_macro   0x00000000000122ca      0x1a3 Core/Src/main.o
 .debug_macro   0x000000000001246d       0x10 Core/Src/main.o
 .debug_macro   0x000000000001247d       0x1c Core/Src/main.o
 .debug_macro   0x0000000000012499       0x52 Core/Src/main.o
 .debug_macro   0x00000000000124eb       0x40 Core/Src/main.o
 .debug_macro   0x000000000001252b       0x10 Core/Src/main.o
 .debug_macro   0x000000000001253b       0x40 Core/Src/main.o
 .debug_macro   0x000000000001257b       0xd7 Core/Src/main.o
 .debug_macro   0x0000000000012652       0x1c Core/Src/main.o
 .debug_macro   0x000000000001266e       0x3d Core/Src/main.o
 .debug_macro   0x00000000000126ab       0x16 Core/Src/main.o
 .debug_macro   0x00000000000126c1      0x145 Core/Src/main.o
 .debug_macro   0x0000000000012806       0x16 Core/Src/main.o
 .debug_macro   0x000000000001281c       0x16 Core/Src/main.o
 .debug_macro   0x0000000000012832       0x29 Core/Src/main.o
 .debug_macro   0x000000000001285b       0x16 Core/Src/main.o
 .debug_macro   0x0000000000012871       0x20 Core/Src/main.o
 .debug_macro   0x0000000000012891       0x60 Core/Src/main.o
 .debug_macro   0x00000000000128f1      0x1c8 Core/Src/main.o
 .debug_macro   0x0000000000012ab9       0x8f Core/Src/main.o
 .debug_macro   0x0000000000012b48      0x1ae Core/Src/stm32f1xx_hal_msp.o
 .debug_macro   0x0000000000012cf6      0x1b8 Core/Src/stm32f1xx_it.o
 .debug_macro   0x0000000000012eae      0x1a5 Core/Src/system_stm32f1xx.o
 .debug_macro   0x0000000000013053      0x1c3 Drivers/STM32F1xx_HAL_Driver/Src/stm32f1xx_hal.o
 .debug_macro   0x0000000000013216      0x19f Drivers/STM32F1xx_HAL_Driver/Src/stm32f1xx_hal_cortex.o
 .debug_macro   0x00000000000133b5      0x20a Drivers/STM32F1xx_HAL_Driver/Src/stm32f1xx_hal_gpio.o
 .debug_macro   0x00000000000135bf      0x1ab Drivers/STM32F1xx_HAL_Driver/Src/stm32f1xx_hal_pcd.o
 .debug_macro   0x000000000001376a      0x19f Drivers/STM32F1xx_HAL_Driver/Src/stm32f1xx_hal_pcd_ex.o
 .debug_macro   0x0000000000013909      0x1b1 Drivers/STM32F1xx_HAL_Driver/Src/stm32f1xx_hal_rcc.o
 .debug_macro   0x0000000000013aba      0x19f Drivers/STM32F1xx_HAL_Driver/Src/stm32f1xx_hal_rcc_ex.o
 .debug_macro   0x0000000000013c59      0x19f Drivers/STM32F1xx_HAL_Driver/Src/stm32f1xx_ll_usb.o
 .debug_macro   0x0000000000013df8      0x3bb Middlewares/ST/STM32_USB_Device_Library/Class/CDC/Src/usbd_cdc.o
 .debug_macro   0x00000000000141b3       0x97 Middlewares/ST/STM32_USB_Device_Library/Class/CDC/Src/usbd_cdc.o
 .debug_macro   0x000000000001424a       0xfd Middlewares/ST/STM32_USB_Device_Library/Class/CDC/Src/usbd_cdc.o
 .debug_macro   0x0000000000014347       0xbd Middlewares/ST/STM32_USB_Device_Library/Class/CDC/Src/usbd_cdc.o
 .debug_macro   0x0000000000014404       0x54 Middlewares/ST/STM32_USB_Device_Library/Class/CDC/Src/usbd_cdc.o
 .debug_macro   0x0000000000014458      0x3a2 Middlewares/ST/STM32_USB_Device_Library/Core/Src/usbd_core.o
 .debug_macro   0x00000000000147fa      0x1ce Middlewares/ST/STM32_USB_Device_Library/Core/Src/usbd_core.o
 .debug_macro   0x00000000000149c8      0x3ac Middlewares/ST/STM32_USB_Device_Library/Core/Src/usbd_ctlreq.o
 .debug_macro   0x0000000000014d74      0x3a8 Middlewares/ST/STM32_USB_Device_Library/Core/Src/usbd_ioreq.o
 .debug_macro   0x000000000001511c      0x3dc USB_DEVICE/App/usb_device.o
 .debug_macro   0x00000000000154f8       0x16 USB_DEVICE/App/usb_device.o
 .debug_macro   0x000000000001550e       0x22 USB_DEVICE/App/usb_device.o
 .debug_macro   0x0000000000015530      0x3cd USB_DEVICE/App/usbd_cdc_if.o
 .debug_macro   0x00000000000158fd      0x3df USB_DEVICE/App/usbd_desc.o
 .debug_macro   0x0000000000015cdc       0x1c USB_DEVICE/App/usbd_desc.o
 .debug_macro   0x0000000000015cf8      0x3bf USB_DEVICE/Target/usbd_conf.o

.debug_line     0x0000000000000000     0xb6fd
 .debug_line    0x0000000000000000      0x9cd Core/Src/main.o
 .debug_line    0x00000000000009cd      0x635 Core/Src/stm32f1xx_hal_msp.o
 .debug_line    0x0000000000001002      0x6ea Core/Src/stm32f1xx_it.o
 .debug_line    0x00000000000016ec      0x665 Core/Src/system_stm32f1xx.o
 .debug_line    0x0000000000001d51       0x84 Core/Startup/startup_stm32f103c8tx.o
 .debug_line    0x0000000000001dd5      0x80d Drivers/STM32F1xx_HAL_Driver/Src/stm32f1xx_hal.o
 .debug_line    0x00000000000025e2      0x8e6 Drivers/STM32F1xx_HAL_Driver/Src/stm32f1xx_hal_cortex.o
 .debug_line    0x0000000000002ec8      0x80d Drivers/STM32F1xx_HAL_Driver/Src/stm32f1xx_hal_gpio.o
 .debug_line    0x00000000000036d5      0xb00 Drivers/STM32F1xx_HAL_Driver/Src/stm32f1xx_hal_pcd.o
 .debug_line    0x00000000000041d5      0x680 Drivers/STM32F1xx_HAL_Driver/Src/stm32f1xx_hal_pcd_ex.o
 .debug_line    0x0000000000004855      0x8cf Drivers/STM32F1xx_HAL_Driver/Src/stm32f1xx_hal_rcc.o
 .debug_line    0x0000000000005124      0x6ed Drivers/STM32F1xx_HAL_Driver/Src/stm32f1xx_hal_rcc_ex.o
 .debug_line    0x0000000000005811      0xb19 Drivers/STM32F1xx_HAL_Driver/Src/stm32f1xx_ll_usb.o
 .debug_line    0x000000000000632a      0xaeb Middlewares/ST/STM32_USB_Device_Library/Class/CDC/Src/usbd_cdc.o
 .debug_line    0x0000000000006e15      0xb26 Middlewares/ST/STM32_USB_Device_Library/Core/Src/usbd_core.o
 .debug_line    0x000000000000793b      0xbaf Middlewares/ST/STM32_USB_Device_Library/Core/Src/usbd_ctlreq.o
 .debug_line    0x00000000000084ea      0x98f Middlewares/ST/STM32_USB_Device_Library/Core/Src/usbd_ioreq.o
 .debug_line    0x0000000000008e79      0x971 USB_DEVICE/App/usb_device.o
 .debug_line    0x00000000000097ea      0x9a4 USB_DEVICE/App/usbd_cdc_if.o
 .debug_line    0x000000000000a18e      0x9c3 USB_DEVICE/App/usbd_desc.o
 .debug_line    0x000000000000ab51      0xbac USB_DEVICE/Target/usbd_conf.o

.debug_str      0x0000000000000000    0x6cf85
 .debug_str     0x0000000000000000    0x6a7ca Core/Src/main.o
                                      0x6abcc (size before relaxing)
 .debug_str     0x000000000006a7ca       0x5a Core/Src/stm32f1xx_hal_msp.o
                                      0x656e1 (size before relaxing)
 .debug_str     0x000000000006a824      0x3c5 Core/Src/stm32f1xx_it.o
                                      0x65a6b (size before relaxing)
 .debug_str     0x000000000006abe9       0xc2 Core/Src/system_stm32f1xx.o
                                      0x65720 (size before relaxing)
 .debug_str     0x000000000006acab       0x36 Core/Startup/startup_stm32f103c8tx.o
                                         0x68 (size before relaxing)
 .debug_str     0x000000000006ace1      0x61f Drivers/STM32F1xx_HAL_Driver/Src/stm32f1xx_hal.o
                                      0x65d31 (size before relaxing)
 .debug_str     0x000000000006b300      0x2a0 Drivers/STM32F1xx_HAL_Driver/Src/stm32f1xx_hal_cortex.o
                                      0x65d3f (size before relaxing)
 .debug_str     0x000000000006b5a0      0x324 Drivers/STM32F1xx_HAL_Driver/Src/stm32f1xx_hal_gpio.o
                                      0x65a6a (size before relaxing)
 .debug_str     0x000000000006b8c4      0x3af Drivers/STM32F1xx_HAL_Driver/Src/stm32f1xx_hal_pcd.o
                                      0x65d51 (size before relaxing)
 .debug_str     0x000000000006bc73      0x18d Drivers/STM32F1xx_HAL_Driver/Src/stm32f1xx_hal_pcd_ex.o
                                      0x65b2d (size before relaxing)
 .debug_str     0x000000000006be00      0x263 Drivers/STM32F1xx_HAL_Driver/Src/stm32f1xx_hal_rcc.o
                                      0x65aa3 (size before relaxing)
 .debug_str     0x000000000006c063       0xb9 Drivers/STM32F1xx_HAL_Driver/Src/stm32f1xx_hal_rcc_ex.o
                                      0x65830 (size before relaxing)
 .debug_str     0x000000000006c11c      0x304 Drivers/STM32F1xx_HAL_Driver/Src/stm32f1xx_ll_usb.o
                                      0x65b97 (size before relaxing)
 .debug_str     0x000000000006c420      0x293 Middlewares/ST/STM32_USB_Device_Library/Class/CDC/Src/usbd_cdc.o
                                      0x6aec1 (size before relaxing)
 .debug_str     0x000000000006c6b3      0x1b5 Middlewares/ST/STM32_USB_Device_Library/Core/Src/usbd_core.o
                                      0x6a7d5 (size before relaxing)
 .debug_str     0x000000000006c868      0x134 Middlewares/ST/STM32_USB_Device_Library/Core/Src/usbd_ctlreq.o
                                      0x6a75b (size before relaxing)
 .debug_str     0x000000000006c99c       0xc9 Middlewares/ST/STM32_USB_Device_Library/Core/Src/usbd_ioreq.o
                                      0x6a6e3 (size before relaxing)
 .debug_str     0x000000000006ca65       0xc2 USB_DEVICE/App/usb_device.o
                                      0x6aa1e (size before relaxing)
 .debug_str     0x000000000006cb27       0xb2 USB_DEVICE/App/usbd_cdc_if.o
                                      0x6aa82 (size before relaxing)
 .debug_str     0x000000000006cbd9      0x258 USB_DEVICE/App/usbd_desc.o
                                      0x6a64e (size before relaxing)
 .debug_str     0x000000000006ce31      0x154 USB_DEVICE/Target/usbd_conf.o
                                      0x6b2e7 (size before relaxing)

.comment        0x0000000000000000       0x7b
 .comment       0x0000000000000000       0x7b Core/Src/main.o
                                         0x7c (size before relaxing)
 .comment       0x000000000000007b       0x7c Core/Src/stm32f1xx_hal_msp.o
 .comment       0x000000000000007b       0x7c Core/Src/stm32f1xx_it.o
 .comment       0x000000000000007b       0x7c Core/Src/system_stm32f1xx.o
 .comment       0x000000000000007b       0x7c Drivers/STM32F1xx_HAL_Driver/Src/stm32f1xx_hal.o
 .comment       0x000000000000007b       0x7c Drivers/STM32F1xx_HAL_Driver/Src/stm32f1xx_hal_cortex.o
 .comment       0x000000000000007b       0x7c Drivers/STM32F1xx_HAL_Driver/Src/stm32f1xx_hal_gpio.o
 .comment       0x000000000000007b       0x7c Drivers/STM32F1xx_HAL_Driver/Src/stm32f1xx_hal_pcd.o
 .comment       0x000000000000007b       0x7c Drivers/STM32F1xx_HAL_Driver/Src/stm32f1xx_hal_pcd_ex.o
 .comment       0x000000000000007b       0x7c Drivers/STM32F1xx_HAL_Driver/Src/stm32f1xx_hal_rcc.o
 .comment       0x000000000000007b       0x7c Drivers/STM32F1xx_HAL_Driver/Src/stm32f1xx_hal_rcc_ex.o
 .comment       0x000000000000007b       0x7c Drivers/STM32F1xx_HAL_Driver/Src/stm32f1xx_ll_usb.o
 .comment       0x000000000000007b       0x7c Middlewares/ST/STM32_USB_Device_Library/Class/CDC/Src/usbd_cdc.o
 .comment       0x000000000000007b       0x7c Middlewares/ST/STM32_USB_Device_Library/Core/Src/usbd_core.o
 .comment       0x000000000000007b       0x7c Middlewares/ST/STM32_USB_Device_Library/Core/Src/usbd_ctlreq.o
 .comment       0x000000000000007b       0x7c Middlewares/ST/STM32_USB_Device_Library/Core/Src/usbd_ioreq.o
 .comment       0x000000000000007b       0x7c USB_DEVICE/App/usb_device.o
 .comment       0x000000000000007b       0x7c USB_DEVICE/App/usbd_cdc_if.o
 .comment       0x000000000000007b       0x7c USB_DEVICE/App/usbd_desc.o
 .comment       0x000000000000007b       0x7c USB_DEVICE/Target/usbd_conf.o

.debug_frame    0x0000000000000000     0x27c0
 .debug_frame   0x0000000000000000       0x94 Core/Src/main.o
 .debug_frame   0x0000000000000094       0x38 Core/Src/stm32f1xx_hal_msp.o
 .debug_frame   0x00000000000000cc      0x128 Core/Src/stm32f1xx_it.o
 .debug_frame   0x00000000000001f4       0x58 Core/Src/system_stm32f1xx.o
 .debug_frame   0x000000000000024c      0x334 Drivers/STM32F1xx_HAL_Driver/Src/stm32f1xx_hal.o
 .debug_frame   0x0000000000000580      0x428 Drivers/STM32F1xx_HAL_Driver/Src/stm32f1xx_hal_cortex.o
 .debug_frame   0x00000000000009a8      0x14c Drivers/STM32F1xx_HAL_Driver/Src/stm32f1xx_hal_gpio.o
 .debug_frame   0x0000000000000af4      0x500 Drivers/STM32F1xx_HAL_Driver/Src/stm32f1xx_hal_pcd.o
 .debug_frame   0x0000000000000ff4       0xb0 Drivers/STM32F1xx_HAL_Driver/Src/stm32f1xx_hal_pcd_ex.o
 .debug_frame   0x00000000000010a4      0x21c Drivers/STM32F1xx_HAL_Driver/Src/stm32f1xx_hal_rcc.o
 .debug_frame   0x00000000000012c0       0x84 Drivers/STM32F1xx_HAL_Driver/Src/stm32f1xx_hal_rcc_ex.o
 .debug_frame   0x0000000000001344      0x4d8 Drivers/STM32F1xx_HAL_Driver/Src/stm32f1xx_ll_usb.o
 .debug_frame   0x000000000000181c      0x248 Middlewares/ST/STM32_USB_Device_Library/Class/CDC/Src/usbd_cdc.o
 .debug_frame   0x0000000000001a64      0x300 Middlewares/ST/STM32_USB_Device_Library/Core/Src/usbd_core.o
 .debug_frame   0x0000000000001d64      0x218 Middlewares/ST/STM32_USB_Device_Library/Core/Src/usbd_ctlreq.o
 .debug_frame   0x0000000000001f7c      0x10c Middlewares/ST/STM32_USB_Device_Library/Core/Src/usbd_ioreq.o
 .debug_frame   0x0000000000002088       0x2c USB_DEVICE/App/usb_device.o
 .debug_frame   0x00000000000020b4       0xbc USB_DEVICE/App/usbd_cdc_if.o
 .debug_frame   0x0000000000002170      0x160 USB_DEVICE/App/usbd_desc.o
 .debug_frame   0x00000000000022d0      0x4a4 USB_DEVICE/Target/usbd_conf.o
 .debug_frame   0x0000000000002774       0x2c c:/st/stm32cubeide_1.2.0/stm32cubeide/plugins/com.st.stm32cube.ide.mcu.externaltools.gnu-tools-for-stm32.7-2018-q2-update.win32_1.0.0.201904181610/tools/bin/../lib/gcc/arm-none-eabi/7.3.1/../../../../arm-none-eabi/lib/thumb/v7-m\libc_nano.a(lib_a-init.o)
 .debug_frame   0x00000000000027a0       0x20 c:/st/stm32cubeide_1.2.0/stm32cubeide/plugins/com.st.stm32cube.ide.mcu.externaltools.gnu-tools-for-stm32.7-2018-q2-update.win32_1.0.0.201904181610/tools/bin/../lib/gcc/arm-none-eabi/7.3.1/../../../../arm-none-eabi/lib/thumb/v7-m\libc_nano.a(lib_a-memset.o)
