main.c:125:5:Buffer_Size	24	static
main.c:137:6:Clear_Buffer	16	static
main.c:148:6:Send_Uart	24	static
main.c:158:13:Set_Time	32	static
main.c:180:13:Set_Date	16	static
main.c:201:13:Set_Alarm	48	static
main.c:228:6:HAL_RTC_AlarmAEventCallback	16	static
main.c:248:16:decToBcd	16	static
main.c:254:12:bcdToDec	16	static
main.c:260:13:Set_Time_External	48	static
main.c:275:13:Get_Time_External	32	static
main.c:296:5:main	88	static
main.c:428:6:SystemClock_Config	184	static
main.c:487:13:MX_I2C1_Init	8	static
main.c:521:13:MX_RTC_Init	72	static
main.c:601:13:MX_SPI1_Init	8	static
main.c:639:13:MX_USART1_UART_Init	8	static
main.c:672:13:MX_USART2_UART_Init	8	static
main.c:705:13:MX_GPIO_Init	48	static
main.c:751:6:Error_Handler	4	static
