Archive member included to satisfy reference by file (symbol)

c:/st/stm32cubeide_1.2.0/stm32cubeide/plugins/com.st.stm32cube.ide.mcu.externaltools.gnu-tools-for-stm32.7-2018-q2-update.win32_1.0.0.201904181610/tools/bin/../lib/gcc/arm-none-eabi/7.3.1/../../../../arm-none-eabi/lib/thumb/v7e-m/fpv4-sp/hard\libc_nano.a(lib_a-errno.o)
                              Core/Src/syscalls.o (__errno)
c:/st/stm32cubeide_1.2.0/stm32cubeide/plugins/com.st.stm32cube.ide.mcu.externaltools.gnu-tools-for-stm32.7-2018-q2-update.win32_1.0.0.201904181610/tools/bin/../lib/gcc/arm-none-eabi/7.3.1/../../../../arm-none-eabi/lib/thumb/v7e-m/fpv4-sp/hard\libc_nano.a(lib_a-exit.o)
                              c:/st/stm32cubeide_1.2.0/stm32cubeide/plugins/com.st.stm32cube.ide.mcu.externaltools.gnu-tools-for-stm32.7-2018-q2-update.win32_1.0.0.201904181610/tools/bin/../lib/gcc/arm-none-eabi/7.3.1/../../../../arm-none-eabi/lib/thumb/v7e-m/fpv4-sp/hard/crt0.o (exit)
c:/st/stm32cubeide_1.2.0/stm32cubeide/plugins/com.st.stm32cube.ide.mcu.externaltools.gnu-tools-for-stm32.7-2018-q2-update.win32_1.0.0.201904181610/tools/bin/../lib/gcc/arm-none-eabi/7.3.1/../../../../arm-none-eabi/lib/thumb/v7e-m/fpv4-sp/hard\libc_nano.a(lib_a-impure.o)
                              c:/st/stm32cubeide_1.2.0/stm32cubeide/plugins/com.st.stm32cube.ide.mcu.externaltools.gnu-tools-for-stm32.7-2018-q2-update.win32_1.0.0.201904181610/tools/bin/../lib/gcc/arm-none-eabi/7.3.1/../../../../arm-none-eabi/lib/thumb/v7e-m/fpv4-sp/hard\libc_nano.a(lib_a-exit.o) (_global_impure_ptr)
c:/st/stm32cubeide_1.2.0/stm32cubeide/plugins/com.st.stm32cube.ide.mcu.externaltools.gnu-tools-for-stm32.7-2018-q2-update.win32_1.0.0.201904181610/tools/bin/../lib/gcc/arm-none-eabi/7.3.1/../../../../arm-none-eabi/lib/thumb/v7e-m/fpv4-sp/hard\libc_nano.a(lib_a-init.o)
                              c:/st/stm32cubeide_1.2.0/stm32cubeide/plugins/com.st.stm32cube.ide.mcu.externaltools.gnu-tools-for-stm32.7-2018-q2-update.win32_1.0.0.201904181610/tools/bin/../lib/gcc/arm-none-eabi/7.3.1/../../../../arm-none-eabi/lib/thumb/v7e-m/fpv4-sp/hard/crt0.o (__libc_init_array)
c:/st/stm32cubeide_1.2.0/stm32cubeide/plugins/com.st.stm32cube.ide.mcu.externaltools.gnu-tools-for-stm32.7-2018-q2-update.win32_1.0.0.201904181610/tools/bin/../lib/gcc/arm-none-eabi/7.3.1/../../../../arm-none-eabi/lib/thumb/v7e-m/fpv4-sp/hard\libc_nano.a(lib_a-memset.o)
                              c:/st/stm32cubeide_1.2.0/stm32cubeide/plugins/com.st.stm32cube.ide.mcu.externaltools.gnu-tools-for-stm32.7-2018-q2-update.win32_1.0.0.201904181610/tools/bin/../lib/gcc/arm-none-eabi/7.3.1/../../../../arm-none-eabi/lib/thumb/v7e-m/fpv4-sp/hard/crt0.o (memset)
c:/st/stm32cubeide_1.2.0/stm32cubeide/plugins/com.st.stm32cube.ide.mcu.externaltools.gnu-tools-for-stm32.7-2018-q2-update.win32_1.0.0.201904181610/tools/bin/../lib/gcc/arm-none-eabi/7.3.1/../../../../arm-none-eabi/lib/thumb/v7e-m/fpv4-sp/hard\libc_nano.a(lib_a-sprintf.o)
                              Core/Src/main.o (sprintf)
c:/st/stm32cubeide_1.2.0/stm32cubeide/plugins/com.st.stm32cube.ide.mcu.externaltools.gnu-tools-for-stm32.7-2018-q2-update.win32_1.0.0.201904181610/tools/bin/../lib/gcc/arm-none-eabi/7.3.1/../../../../arm-none-eabi/lib/thumb/v7e-m/fpv4-sp/hard\libc_nano.a(lib_a-strlen.o)
                              Core/Src/main.o (strlen)
c:/st/stm32cubeide_1.2.0/stm32cubeide/plugins/com.st.stm32cube.ide.mcu.externaltools.gnu-tools-for-stm32.7-2018-q2-update.win32_1.0.0.201904181610/tools/bin/../lib/gcc/arm-none-eabi/7.3.1/../../../../arm-none-eabi/lib/thumb/v7e-m/fpv4-sp/hard\libc_nano.a(lib_a-nano-svfprintf.o)
                              c:/st/stm32cubeide_1.2.0/stm32cubeide/plugins/com.st.stm32cube.ide.mcu.externaltools.gnu-tools-for-stm32.7-2018-q2-update.win32_1.0.0.201904181610/tools/bin/../lib/gcc/arm-none-eabi/7.3.1/../../../../arm-none-eabi/lib/thumb/v7e-m/fpv4-sp/hard\libc_nano.a(lib_a-sprintf.o) (_svfprintf_r)
c:/st/stm32cubeide_1.2.0/stm32cubeide/plugins/com.st.stm32cube.ide.mcu.externaltools.gnu-tools-for-stm32.7-2018-q2-update.win32_1.0.0.201904181610/tools/bin/../lib/gcc/arm-none-eabi/7.3.1/../../../../arm-none-eabi/lib/thumb/v7e-m/fpv4-sp/hard\libc_nano.a(lib_a-nano-vfprintf_i.o)
                              c:/st/stm32cubeide_1.2.0/stm32cubeide/plugins/com.st.stm32cube.ide.mcu.externaltools.gnu-tools-for-stm32.7-2018-q2-update.win32_1.0.0.201904181610/tools/bin/../lib/gcc/arm-none-eabi/7.3.1/../../../../arm-none-eabi/lib/thumb/v7e-m/fpv4-sp/hard\libc_nano.a(lib_a-nano-svfprintf.o) (_printf_i)
c:/st/stm32cubeide_1.2.0/stm32cubeide/plugins/com.st.stm32cube.ide.mcu.externaltools.gnu-tools-for-stm32.7-2018-q2-update.win32_1.0.0.201904181610/tools/bin/../lib/gcc/arm-none-eabi/7.3.1/../../../../arm-none-eabi/lib/thumb/v7e-m/fpv4-sp/hard\libc_nano.a(lib_a-memchr.o)
[...]
Memory Configuration

Name             Origin             Length             Attributes
RAM              0x0000000020000000 0x0000000000020000 xrw
FLASH            0x0000000008000000 0x0000000000080000 xr
*default*        0x0000000000000000 0xffffffffffffffff

Linker script and memory map

LOAD c:/st/stm32cubeide_1.2.0/stm32cubeide/plugins/com.st.stm32cube.ide.mcu.externaltools.gnu-tools-for-stm32.7-2018-q2-update.win32_1.0.0.201904181610/tools/bin/../lib/gcc/arm-none-eabi/7.3.1/thumb/v7e-m/fpv4-sp/hard/crti.o
LOAD c:/st/stm32cubeide_1.2.0/stm32cubeide/plugins/com.st.stm32cube.ide.mcu.externaltools.gnu-tools-for-stm32.7-2018-q2-update.win32_1.0.0.201904181610/tools/bin/../lib/gcc/arm-none-eabi/7.3.1/thumb/v7e-m/fpv4-sp/hard/crtbegin.o
LOAD c:/st/stm32cubeide_1.2.0/stm32cubeide/plugins/com.st.stm32cube.ide.mcu.externaltools.gnu-tools-for-stm32.7-2018-q2-update.win32_1.0.0.201904181610/tools/bin/../lib/gcc/arm-none-eabi/7.3.1/../../../../arm-none-eabi/lib/thumb/v7e-m/fpv4-sp/hard/crt0.o
LOAD Core/Src/fatfs_sd.o
LOAD Core/Src/main.o
LOAD Core/Src/stm32f4xx_hal_msp.o
LOAD Core/Src/stm32f4xx_it.o
LOAD Core/Src/syscalls.o
LOAD Core/Src/sysmem.o
LOAD Core/Src/system_stm32f4xx.o
LOAD Core/Startup/startup_stm32f446retx.o
LOAD Drivers/STM32F4xx_HAL_Driver/Src/stm32f4xx_hal.o
LOAD Drivers/STM32F4xx_HAL_Driver/Src/stm32f4xx_hal_cortex.o
LOAD Drivers/STM32F4xx_HAL_Driver/Src/stm32f4xx_hal_dma.o
LOAD Drivers/STM32F4xx_HAL_Driver/Src/stm32f4xx_hal_dma_ex.o
LOAD Drivers/STM32F4xx_HAL_Driver/Src/stm32f4xx_hal_exti.o
LOAD Drivers/STM32F4xx_HAL_Driver/Src/stm32f4xx_hal_flash.o
LOAD Drivers/STM32F4xx_HAL_Driver/Src/stm32f4xx_hal_flash_ex.o
LOAD Drivers/STM32F4xx_HAL_Driver/Src/stm32f4xx_hal_flash_ramfunc.o
LOAD Drivers/STM32F4xx_HAL_Driver/Src/stm32f4xx_hal_gpio.o
LOAD Drivers/STM32F4xx_HAL_Driver/Src/stm32f4xx_hal_i2c.o
LOAD Drivers/STM32F4xx_HAL_Driver/Src/stm32f4xx_hal_i2c_ex.o
LOAD Drivers/STM32F4xx_HAL_Driver/Src/stm32f4xx_hal_pwr.o
LOAD Drivers/STM32F4xx_HAL_Driver/Src/stm32f4xx_hal_pwr_ex.o
LOAD Drivers/STM32F4xx_HAL_Driver/Src/stm32f4xx_hal_rcc.o
LOAD Drivers/STM32F4xx_HAL_Driver/Src/stm32f4xx_hal_rcc_ex.o
LOAD Drivers/STM32F4xx_HAL_Driver/Src/stm32f4xx_hal_rtc.o
LOAD Drivers/STM32F4xx_HAL_Driver/Src/stm32f4xx_hal_rtc_ex.o
LOAD Drivers/STM32F4xx_HAL_Driver/Src/stm32f4xx_hal_spi.o
LOAD Drivers/STM32F4xx_HAL_Driver/Src/stm32f4xx_hal_tim.o
LOAD Drivers/STM32F4xx_HAL_Driver/Src/stm32f4xx_hal_tim_ex.o
LOAD Drivers/STM32F4xx_HAL_Driver/Src/stm32f4xx_hal_uart.o
LOAD FATFS/App/fatfs.o
LOAD FATFS/Target/user_diskio.o
LOAD Middlewares/Third_Party/FatFs/src/diskio.o
LOAD Middlewares/Third_Party/FatFs/src/ff.o
LOAD Middlewares/Third_Party/FatFs/src/ff_gen_drv.o
LOAD Middlewares/Third_Party/FatFs/src/option/ccsbcs.o
LOAD Middlewares/Third_Party/FatFs/src/option/syscall.o
START GROUP
LOAD c:/st/stm32cubeide_1.2.0/stm32cubeide/plugins/com.st.stm32cube.ide.mcu.externaltools.gnu-tools-for-stm32.7-2018-q2-update.win32_1.0.0.201904181610/tools/bin/../lib/gcc/arm-none-eabi/7.3.1/../../../../arm-none-eabi/lib/thumb/v7e-m/fpv4-sp/hard\libc_nano.a
LOAD c:/st/stm32cubeide_1.2.0/stm32cubeide/plugins/com.st.stm32cube.ide.mcu.externaltools.gnu-tools-for-stm32.7-2018-q2-update.win32_1.0.0.201904181610/tools/bin/../lib/gcc/arm-none-eabi/7.3.1/../../../../arm-none-eabi/lib/thumb/v7e-m/fpv4-sp/hard\libm.a
END GROUP
START GROUP
LOAD c:/st/stm32cubeide_1.2.0/stm32cubeide/plugins/com.st.stm32cube.ide.mcu.externaltools.gnu-tools-for-stm32.7-2018-q2-update.win32_1.0.0.201904181610/tools/bin/../lib/gcc/arm-none-eabi/7.3.1/thumb/v7e-m/fpv4-sp/hard\libgcc.a
LOAD c:/st/stm32cubeide_1.2.0/stm32cubeide/plugins/com.st.stm32cube.ide.mcu.externaltools.gnu-tools-for-stm32.7-2018-q2-update.win32_1.0.0.201904181610/tools/bin/../lib/gcc/arm-none-eabi/7.3.1/../../../../arm-none-eabi/lib/thumb/v7e-m/fpv4-sp/hard\libc_nano.a
END GROUP
START GROUP
LOAD c:/st/stm32cubeide_1.2.0/stm32cubeide/plugins/com.st.stm32cube.ide.mcu.externaltools.gnu-tools-for-stm32.7-2018-q2-update.win32_1.0.0.201904181610/tools/bin/../lib/gcc/arm-none-eabi/7.3.1/thumb/v7e-m/fpv4-sp/hard\libgcc.a
LOAD c:/st/stm32cubeide_1.2.0/stm32cubeide/plugins/com.st.stm32cube.ide.mcu.externaltools.gnu-tools-for-stm32.7-2018-q2-update.win32_1.0.0.201904181610/tools/bin/../lib/gcc/arm-none-eabi/7.3.1/../../../../arm-none-eabi/lib/thumb/v7e-m/fpv4-sp/hard\libc_nano.a
LOAD c:/st/stm32cubeide_1.2.0/stm32cubeide/plugins/com.st.stm32cube.ide.mcu.externaltools.gnu-tools-for-stm32.7-2018-q2-update.win32_1.0.0.201904181610/tools/bin/../lib/gcc/arm-none-eabi/7.3.1/../../../../arm-none-eabi/lib/thumb/v7e-m/fpv4-sp/hard\libnosys.a
END GROUP
START GROUP
LOAD c:/st/stm32cubeide_1.2.0/stm32cubeide/plugins/com.st.stm32cube.ide.mcu.externaltools.gnu-tools-for-stm32.7-2018-q2-update.win32_1.0.0.201904181610/tools/bin/../lib/gcc/arm-none-eabi/7.3.1/thumb/v7e-m/fpv4-sp/hard\libgcc.a
LOAD c:/st/stm32cubeide_1.2.0/stm32cubeide/plugins/com.st.stm32cube.ide.mcu.externaltools.gnu-tools-for-stm32.7-2018-q2-update.win32_1.0.0.201904181610/tools/bin/../lib/gcc/arm-none-eabi/7.3.1/../../../../arm-none-eabi/lib/thumb/v7e-m/fpv4-sp/hard\libc_nano.a
LOAD c:/st/stm32cubeide_1.2.0/stm32cubeide/plugins/com.st.stm32cube.ide.mcu.externaltools.gnu-tools-for-stm32.7-2018-q2-update.win32_1.0.0.201904181610/tools/bin/../lib/gcc/arm-none-eabi/7.3.1/../../../../arm-none-eabi/lib/thumb/v7e-m/fpv4-sp/hard\libnosys.a
END GROUP
LOAD c:/st/stm32cubeide_1.2.0/stm32cubeide/plugins/com.st.stm32cube.ide.mcu.externaltools.gnu-tools-for-stm32.7-2018-q2-update.win32_1.0.0.201904181610/tools/bin/../lib/gcc/arm-none-eabi/7.3.1/thumb/v7e-m/fpv4-sp/hard/crtend.o
LOAD c:/st/stm32cubeide_1.2.0/stm32cubeide/plugins/com.st.stm32cube.ide.mcu.externaltools.gnu-tools-for-stm32.7-2018-q2-update.win32_1.0.0.201904181610/tools/bin/../lib/gcc/arm-none-eabi/7.3.1/thumb/v7e-m/fpv4-sp/hard/crtn.o
                0x0000000020020000                _estack = (ORIGIN (RAM) + LENGTH (RAM))
                0x0000000000000200                _Min_Heap_Size = 0x200
                0x0000000000000400                _Min_Stack_Size = 0x400

.isr_vector     0x0000000008000000      0x1c4
                0x0000000008000000                . = ALIGN (0x4)
 *(.isr_vector)
 .isr_vector    0x0000000008000000      0x1c4 Core/Startup/startup_stm32f446retx.o
                0x0000000008000000                g_pfnVectors
                0x00000000080001c4                . = ALIGN (0x4)

.text           0x00000000080001d0     0x6e44
                0x00000000080001d0                . = ALIGN (0x4)
 *(.text)
 .text          0x00000000080001d0       0x40 c:/st/stm32cubeide_1.2.0/stm32cubeide/plugins/com.st.stm32cube.ide.mcu.externaltools.gnu-tools-for-stm32.7-2018-q2-update.win32_1.0.0.201904181610/tools/bin/../lib/gcc/arm-none-eabi/7.3.1/thumb/v7e-m/fpv4-sp/hard/crtbegin.o
 .text          0x0000000008000210       0x10 c:/st/stm32cubeide_1.2.0/stm32cubeide/plugins/com.st.stm32cube.ide.mcu.externaltools.gnu-tools-for-stm32.7-2018-q2-update.win32_1.0.0.201904181610/tools/bin/../lib/gcc/arm-none-eabi/7.3.1/../../../../arm-none-eabi/lib/thumb/v7e-m/fpv4-sp/hard\libc_nano.a(lib_a-strlen.o)
                0x0000000008000210                strlen
 .text          0x0000000008000220       0xa0 c:/st/stm32cubeide_1.2.0/stm32cubeide/plugins/com.st.stm32cube.ide.mcu.externaltools.gnu-tools-for-stm32.7-2018-q2-update.win32_1.0.0.201904181610/tools/bin/../lib/gcc/arm-none-eabi/7.3.1/../../../../arm-none-eabi/lib/thumb/v7e-m/fpv4-sp/hard\libc_nano.a(lib_a-memchr.o)
                0x0000000008000220                memchr
 .text          0x00000000080002c0       0x30 c:/st/stm32cubeide_1.2.0/stm32cubeide/plugins/com.st.stm32cube.ide.mcu.externaltools.gnu-tools-for-stm32.7-2018-q2-update.win32_1.0.0.201904181610/tools/bin/../lib/gcc/arm-none-eabi/7.3.1/thumb/v7e-m/fpv4-sp/hard\libgcc.a(_aeabi_uldivmod.o)
                0x00000000080002c0                __aeabi_uldivmod
 .text          0x00000000080002f0      0x2cc c:/st/stm32cubeide_1.2.0/stm32cubeide/plugins/com.st.stm32cube.ide.mcu.externaltools.gnu-tools-for-stm32.7-2018-q2-update.win32_1.0.0.201904181610/tools/bin/../lib/gcc/arm-none-eabi/7.3.1/thumb/v7e-m/fpv4-sp/hard\libgcc.a(_udivmoddi4.o)
                0x00000000080002f0                __udivmoddi4
 .text          0x00000000080005bc        0x4 c:/st/stm32cubeide_1.2.0/stm32cubeide/plugins/com.st.stm32cube.ide.mcu.externaltools.gnu-tools-for-stm32.7-2018-q2-update.win32_1.0.0.201904181610/tools/bin/../lib/gcc/arm-none-eabi/7.3.1/thumb/v7e-m/fpv4-sp/hard\libgcc.a(_dvmd_tls.o)
                0x00000000080005bc                __aeabi_idiv0
                0x00000000080005bc                __aeabi_ldiv0
 *(.text*)
 .text.SELECT   0x00000000080005c0       0x18 Core/Src/fatfs_sd.o
 .text.DESELECT
                0x00000000080005d8       0x18 Core/Src/fatfs_sd.o
 .text.SPI_TxByte
                0x00000000080005f0       0x34 Core/Src/fatfs_sd.o
 .text.SPI_RxByte
                0x0000000008000624       0x3c Core/Src/fatfs_sd.o
 .text.SPI_RxBytePtr
                0x0000000008000660       0x1c Core/Src/fatfs_sd.o
 .text.SD_ReadyWait
                0x000000000800067c       0x38 Core/Src/fatfs_sd.o
 .text.SD_PowerOn
                0x00000000080006b4       0x98 Core/Src/fatfs_sd.o
 .text.SD_PowerOff
                0x000000000800074c       0x18 Core/Src/fatfs_sd.o
 .text.SD_CheckPower
                0x0000000008000764       0x18 Core/Src/fatfs_sd.o
 .text.SD_RxDataBlock
                0x000000000800077c       0x6c Core/Src/fatfs_sd.o
 .text.SD_TxDataBlock
                0x00000000080007e8       0xa8 Core/Src/fatfs_sd.o
 .text.SD_SendCmd
                0x0000000008000890       0xa4 Core/Src/fatfs_sd.o
 .text.SD_disk_initialize
                0x0000000008000934      0x1d4 Core/Src/fatfs_sd.o
                0x0000000008000934                SD_disk_initialize
 .text.SD_disk_status
                0x0000000008000b08       0x2c Core/Src/fatfs_sd.o
                0x0000000008000b08                SD_disk_status
 .text.SD_disk_read
                0x0000000008000b34       0xd4 Core/Src/fatfs_sd.o
                0x0000000008000b34                SD_disk_read
 .text.SD_disk_write
                0x0000000008000c08      0x108 Core/Src/fatfs_sd.o
                0x0000000008000c08                SD_disk_write
 .text.SD_disk_ioctl
                0x0000000008000d10      0x25c Core/Src/fatfs_sd.o
                0x0000000008000d10                SD_disk_ioctl
 .text.Clear_Buffer
                0x0000000008000f6c       0x34 Core/Src/main.o
                0x0000000008000f6c                Clear_Buffer
 .text.Send_Uart
                0x0000000008000fa0       0x30 Core/Src/main.o
                0x0000000008000fa0                Send_Uart
 .text.HAL_RTC_AlarmAEventCallback
                0x0000000008000fd0       0x20 Core/Src/main.o
                0x0000000008000fd0                HAL_RTC_AlarmAEventCallback
 .text.decToBcd
                0x0000000008000ff0       0x4c Core/Src/main.o
 .text.bcdToDec
                0x000000000800103c       0x30 Core/Src/main.o
 .text.Set_Time_External
                0x000000000800106c       0xa0 Core/Src/main.o
 .text.Get_Time_External
                0x000000000800110c       0xa0 Core/Src/main.o
 .text.main     0x00000000080011ac      0x104 Core/Src/main.o
                0x00000000080011ac                main
 .text.SystemClock_Config
                0x00000000080012b0      0x12c Core/Src/main.o
                0x00000000080012b0                SystemClock_Config
 .text.MX_I2C1_Init
                0x00000000080013dc       0x5c Core/Src/main.o
 .text.MX_RTC_Init
                0x0000000008001438      0x118 Core/Src/main.o
 .text.MX_SPI1_Init
                0x0000000008001550       0x6c Core/Src/main.o
 .text.MX_USART1_UART_Init
                0x00000000080015bc       0x54 Core/Src/main.o
 .text.MX_USART2_UART_Init
                0x0000000008001610       0x54 Core/Src/main.o
 .text.MX_GPIO_Init
                0x0000000008001664      0x108 Core/Src/main.o
 .text.Error_Handler
                0x000000000800176c        0xe Core/Src/main.o
                0x000000000800176c                Error_Handler
 *fill*         0x000000000800177a        0x2 
 .text.HAL_MspInit
                0x000000000800177c       0x50 Core/Src/stm32f4xx_hal_msp.o
                0x000000000800177c                HAL_MspInit
 .text.HAL_I2C_MspInit
                0x00000000080017cc       0x90 Core/Src/stm32f4xx_hal_msp.o
                0x00000000080017cc                HAL_I2C_MspInit
 .text.HAL_RTC_MspInit
                0x000000000800185c       0x38 Core/Src/stm32f4xx_hal_msp.o
                0x000000000800185c                HAL_RTC_MspInit
 .text.HAL_SPI_MspInit
                0x0000000008001894       0xd0 Core/Src/stm32f4xx_hal_msp.o
                0x0000000008001894                HAL_SPI_MspInit
 .text.HAL_UART_MspInit
                0x0000000008001964       0xf8 Core/Src/stm32f4xx_hal_msp.o
                0x0000000008001964                HAL_UART_MspInit
 .text.SDTimer_Handler
                0x0000000008001a5c       0x48 Core/Src/stm32f4xx_it.o
                0x0000000008001a5c                SDTimer_Handler
 .text.NMI_Handler
                0x0000000008001aa4        0xe Core/Src/stm32f4xx_it.o
                0x0000000008001aa4                NMI_Handler
 .text.HardFault_Handler
                0x0000000008001ab2        0x6 Core/Src/stm32f4xx_it.o
                0x0000000008001ab2                HardFault_Handler
 .text.MemManage_Handler
                0x0000000008001ab8        0x6 Core/Src/stm32f4xx_it.o
                0x0000000008001ab8                MemManage_Handler
 .text.BusFault_Handler
                0x0000000008001abe        0x6 Core/Src/stm32f4xx_it.o
                0x0000000008001abe                BusFault_Handler
 .text.UsageFault_Handler
                0x0000000008001ac4        0x6 Core/Src/stm32f4xx_it.o
                0x0000000008001ac4                UsageFault_Handler
 .text.SVC_Handler
                0x0000000008001aca        0xe Core/Src/stm32f4xx_it.o
                0x0000000008001aca                SVC_Handler
 .text.DebugMon_Handler
                0x0000000008001ad8        0xe Core/Src/stm32f4xx_it.o
                0x0000000008001ad8                DebugMon_Handler
 .text.PendSV_Handler
                0x0000000008001ae6        0xe Core/Src/stm32f4xx_it.o
                0x0000000008001ae6                PendSV_Handler
 .text.SysTick_Handler
                0x0000000008001af4       0x34 Core/Src/stm32f4xx_it.o
                0x0000000008001af4                SysTick_Handler
 .text.RTC_Alarm_IRQHandler
                0x0000000008001b28       0x14 Core/Src/stm32f4xx_it.o
                0x0000000008001b28                RTC_Alarm_IRQHandler
 .text._sbrk    0x0000000008001b3c       0x58 Core/Src/sysmem.o
                0x0000000008001b3c                _sbrk
 .text.SystemInit
                0x0000000008001b94       0x2c Core/Src/system_stm32f4xx.o
                0x0000000008001b94                SystemInit
 .text.Reset_Handler
                0x0000000008001bc0       0x50 Core/Startup/startup_stm32f446retx.o
                0x0000000008001bc0                Reset_Handler
 .text.Default_Handler
                0x0000000008001c10        0x2 Core/Startup/startup_stm32f446retx.o
                0x0000000008001c10                EXTI2_IRQHandler
                0x0000000008001c10                TIM8_CC_IRQHandler
                0x0000000008001c10                FMPI2C1_EV_IRQHandler
                0x0000000008001c10                SPI4_IRQHandler
                0x0000000008001c10                TIM1_CC_IRQHandler
                0x0000000008001c10                DMA2_Stream5_IRQHandler
                0x0000000008001c10                DMA1_Stream5_IRQHandler
                0x0000000008001c10                PVD_IRQHandler
                0x0000000008001c10                SDIO_IRQHandler
                0x0000000008001c10                TAMP_STAMP_IRQHandler
                0x0000000008001c10                CAN2_RX1_IRQHandler
                0x0000000008001c10                EXTI3_IRQHandler
                0x0000000008001c10                TIM8_TRG_COM_TIM14_IRQHandler
                0x0000000008001c10                TIM1_UP_TIM10_IRQHandler
                0x0000000008001c10                TIM8_UP_TIM13_IRQHandler
                0x0000000008001c10                I2C3_ER_IRQHandler
                0x0000000008001c10                EXTI0_IRQHandler
                0x0000000008001c10                I2C2_EV_IRQHandler
                0x0000000008001c10                DMA1_Stream2_IRQHandler
                0x0000000008001c10                CAN1_RX0_IRQHandler
                0x0000000008001c10                FPU_IRQHandler
                0x0000000008001c10                OTG_HS_WKUP_IRQHandler
                0x0000000008001c10                CAN2_SCE_IRQHandler
                0x0000000008001c10                DMA2_Stream2_IRQHandler
                0x0000000008001c10                SPI1_IRQHandler
                0x0000000008001c10                TIM6_DAC_IRQHandler
                0x0000000008001c10                TIM1_BRK_TIM9_IRQHandler
                0x0000000008001c10                DCMI_IRQHandler
                0x0000000008001c10                CAN2_RX0_IRQHandler
                0x0000000008001c10                DMA2_Stream3_IRQHandler
                0x0000000008001c10                SAI2_IRQHandler
                0x0000000008001c10                USART6_IRQHandler
                0x0000000008001c10                USART3_IRQHandler
                0x0000000008001c10                CAN1_RX1_IRQHandler
                0x0000000008001c10                UART5_IRQHandler
                0x0000000008001c10                DMA2_Stream0_IRQHandler
                0x0000000008001c10                TIM4_IRQHandler
                0x0000000008001c10                QUADSPI_IRQHandler
                0x0000000008001c10                I2C1_EV_IRQHandler
                0x0000000008001c10                DMA1_Stream6_IRQHandler
                0x0000000008001c10                DMA1_Stream1_IRQHandler
                0x0000000008001c10                UART4_IRQHandler
                0x0000000008001c10                TIM3_IRQHandler
                0x0000000008001c10                RCC_IRQHandler
                0x0000000008001c10                TIM8_BRK_TIM12_IRQHandler
                0x0000000008001c10                Default_Handler
                0x0000000008001c10                CEC_IRQHandler
                0x0000000008001c10                EXTI15_10_IRQHandler
                0x0000000008001c10                ADC_IRQHandler
                0x0000000008001c10                DMA1_Stream7_IRQHandler
                0x0000000008001c10                TIM7_IRQHandler
                0x0000000008001c10                CAN2_TX_IRQHandler
                0x0000000008001c10                TIM5_IRQHandler
                0x0000000008001c10                DMA2_Stream7_IRQHandler
                0x0000000008001c10                I2C3_EV_IRQHandler
                0x0000000008001c10                EXTI9_5_IRQHandler
                0x0000000008001c10                RTC_WKUP_IRQHandler
                0x0000000008001c10                SPDIF_RX_IRQHandler
                0x0000000008001c10                SPI2_IRQHandler
                0x0000000008001c10                OTG_HS_EP1_IN_IRQHandler
                0x0000000008001c10                DMA1_Stream0_IRQHandler
                0x0000000008001c10                CAN1_TX_IRQHandler
                0x0000000008001c10                FMPI2C1_ER_IRQHandler
                0x0000000008001c10                EXTI4_IRQHandler
                0x0000000008001c10                OTG_HS_EP1_OUT_IRQHandler
                0x0000000008001c10                WWDG_IRQHandler
                0x0000000008001c10                TIM2_IRQHandler
                0x0000000008001c10                OTG_FS_WKUP_IRQHandler
                0x0000000008001c10                TIM1_TRG_COM_TIM11_IRQHandler
                0x0000000008001c10                OTG_HS_IRQHandler
                0x0000000008001c10                EXTI1_IRQHandler
                0x0000000008001c10                USART2_IRQHandler
                0x0000000008001c10                I2C2_ER_IRQHandler
                0x0000000008001c10                DMA2_Stream1_IRQHandler
                0x0000000008001c10                CAN1_SCE_IRQHandler
                0x0000000008001c10                FLASH_IRQHandler
                0x0000000008001c10                DMA2_Stream4_IRQHandler
                0x0000000008001c10                USART1_IRQHandler
                0x0000000008001c10                OTG_FS_IRQHandler
                0x0000000008001c10                SPI3_IRQHandler
                0x0000000008001c10                DMA1_Stream4_IRQHandler
                0x0000000008001c10                I2C1_ER_IRQHandler
                0x0000000008001c10                FMC_IRQHandler
                0x0000000008001c10                DMA2_Stream6_IRQHandler
                0x0000000008001c10                SAI1_IRQHandler
                0x0000000008001c10                DMA1_Stream3_IRQHandler
 *fill*         0x0000000008001c12        0x2 
 .text.HAL_Init
                0x0000000008001c14       0x44 Drivers/STM32F4xx_HAL_Driver/Src/stm32f4xx_hal.o
                0x0000000008001c14                HAL_Init
 .text.HAL_InitTick
                0x0000000008001c58       0x60 Drivers/STM32F4xx_HAL_Driver/Src/stm32f4xx_hal.o
                0x0000000008001c58                HAL_InitTick
 .text.HAL_IncTick
                0x0000000008001cb8       0x28 Drivers/STM32F4xx_HAL_Driver/Src/stm32f4xx_hal.o
                0x0000000008001cb8                HAL_IncTick
 .text.HAL_GetTick
                0x0000000008001ce0       0x18 Drivers/STM32F4xx_HAL_Driver/Src/stm32f4xx_hal.o
                0x0000000008001ce0                HAL_GetTick
 .text.HAL_Delay
                0x0000000008001cf8       0x44 Drivers/STM32F4xx_HAL_Driver/Src/stm32f4xx_hal.o
                0x0000000008001cf8                HAL_Delay
 .text.__NVIC_SetPriorityGrouping
                0x0000000008001d3c       0x48 Drivers/STM32F4xx_HAL_Driver/Src/stm32f4xx_hal_cortex.o
 .text.__NVIC_GetPriorityGrouping
                0x0000000008001d84       0x1c Drivers/STM32F4xx_HAL_Driver/Src/stm32f4xx_hal_cortex.o
 .text.__NVIC_EnableIRQ
                0x0000000008001da0       0x3c Drivers/STM32F4xx_HAL_Driver/Src/stm32f4xx_hal_cortex.o
 .text.__NVIC_SetPriority
                0x0000000008001ddc       0x54 Drivers/STM32F4xx_HAL_Driver/Src/stm32f4xx_hal_cortex.o
 .text.NVIC_EncodePriority
                0x0000000008001e30       0x66 Drivers/STM32F4xx_HAL_Driver/Src/stm32f4xx_hal_cortex.o
 *fill*         0x0000000008001e96        0x2 
 .text.SysTick_Config
                0x0000000008001e98       0x44 Drivers/STM32F4xx_HAL_Driver/Src/stm32f4xx_hal_cortex.o
 .text.HAL_NVIC_SetPriorityGrouping
                0x0000000008001edc       0x16 Drivers/STM32F4xx_HAL_Driver/Src/stm32f4xx_hal_cortex.o
                0x0000000008001edc                HAL_NVIC_SetPriorityGrouping
 .text.HAL_NVIC_SetPriority
                0x0000000008001ef2       0x38 Drivers/STM32F4xx_HAL_Driver/Src/stm32f4xx_hal_cortex.o
                0x0000000008001ef2                HAL_NVIC_SetPriority
 .text.HAL_NVIC_EnableIRQ
                0x0000000008001f2a       0x1c Drivers/STM32F4xx_HAL_Driver/Src/stm32f4xx_hal_cortex.o
                0x0000000008001f2a                HAL_NVIC_EnableIRQ
 .text.HAL_SYSTICK_Config
                0x0000000008001f46       0x18 Drivers/STM32F4xx_HAL_Driver/Src/stm32f4xx_hal_cortex.o
                0x0000000008001f46                HAL_SYSTICK_Config
 *fill*         0x0000000008001f5e        0x2 
 .text.HAL_GPIO_Init
                0x0000000008001f60      0x324 Drivers/STM32F4xx_HAL_Driver/Src/stm32f4xx_hal_gpio.o
                0x0000000008001f60                HAL_GPIO_Init
 .text.HAL_GPIO_WritePin
                0x0000000008002284       0x32 Drivers/STM32F4xx_HAL_Driver/Src/stm32f4xx_hal_gpio.o
                0x0000000008002284                HAL_GPIO_WritePin
 *fill*         0x00000000080022b6        0x2 
 .text.HAL_I2C_Init
                0x00000000080022b8      0x270 Drivers/STM32F4xx_HAL_Driver/Src/stm32f4xx_hal_i2c.o
                0x00000000080022b8                HAL_I2C_Init
 .text.HAL_I2C_Mem_Write
                0x0000000008002528      0x1f4 Drivers/STM32F4xx_HAL_Driver/Src/stm32f4xx_hal_i2c.o
                0x0000000008002528                HAL_I2C_Mem_Write
 .text.HAL_I2C_Mem_Read
                0x000000000800271c      0x44c Drivers/STM32F4xx_HAL_Driver/Src/stm32f4xx_hal_i2c.o
                0x000000000800271c                HAL_I2C_Mem_Read
 .text.I2C_RequestMemoryWrite
                0x0000000008002b68      0x128 Drivers/STM32F4xx_HAL_Driver/Src/stm32f4xx_hal_i2c.o
 .text.I2C_RequestMemoryRead
                0x0000000008002c90      0x1cc Drivers/STM32F4xx_HAL_Driver/Src/stm32f4xx_hal_i2c.o
 .text.I2C_WaitOnFlagUntilTimeout
                0x0000000008002e5c       0xae Drivers/STM32F4xx_HAL_Driver/Src/stm32f4xx_hal_i2c.o
 .text.I2C_WaitOnMasterAddressFlagUntilTimeout
                0x0000000008002f0a       0xfe Drivers/STM32F4xx_HAL_Driver/Src/stm32f4xx_hal_i2c.o
 .text.I2C_WaitOnTXEFlagUntilTimeout
                0x0000000008003008       0x82 Drivers/STM32F4xx_HAL_Driver/Src/stm32f4xx_hal_i2c.o
 .text.I2C_WaitOnBTFFlagUntilTimeout
                0x000000000800308a       0x82 Drivers/STM32F4xx_HAL_Driver/Src/stm32f4xx_hal_i2c.o
 .text.I2C_WaitOnRXNEFlagUntilTimeout
                0x000000000800310c       0xac Drivers/STM32F4xx_HAL_Driver/Src/stm32f4xx_hal_i2c.o
 .text.I2C_IsAcknowledgeFailed
                0x00000000080031b8       0x5e Drivers/STM32F4xx_HAL_Driver/Src/stm32f4xx_hal_i2c.o
 *fill*         0x0000000008003216        0x2 
 .text.HAL_PWREx_EnableOverDrive
                0x0000000008003218       0xa0 Drivers/STM32F4xx_HAL_Driver/Src/stm32f4xx_hal_pwr_ex.o
                0x0000000008003218                HAL_PWREx_EnableOverDrive
 .text.HAL_RCC_ClockConfig
                0x00000000080032b8      0x1cc Drivers/STM32F4xx_HAL_Driver/Src/stm32f4xx_hal_rcc.o
                0x00000000080032b8                HAL_RCC_ClockConfig
 .text.HAL_RCC_GetHCLKFreq
                0x0000000008003484       0x18 Drivers/STM32F4xx_HAL_Driver/Src/stm32f4xx_hal_rcc.o
                0x0000000008003484                HAL_RCC_GetHCLKFreq
 .text.HAL_RCC_GetPCLK1Freq
                0x000000000800349c       0x28 Drivers/STM32F4xx_HAL_Driver/Src/stm32f4xx_hal_rcc.o
                0x000000000800349c                HAL_RCC_GetPCLK1Freq
 .text.HAL_RCC_GetPCLK2Freq
                0x00000000080034c4       0x28 Drivers/STM32F4xx_HAL_Driver/Src/stm32f4xx_hal_rcc.o
                0x00000000080034c4                HAL_RCC_GetPCLK2Freq
 .text.HAL_RCCEx_PeriphCLKConfig
                0x00000000080034ec      0x654 Drivers/STM32F4xx_HAL_Driver/Src/stm32f4xx_hal_rcc_ex.o
                0x00000000080034ec                HAL_RCCEx_PeriphCLKConfig
 .text.HAL_RCC_GetSysClockFreq
                0x0000000008003b40      0x340 Drivers/STM32F4xx_HAL_Driver/Src/stm32f4xx_hal_rcc_ex.o
                0x0000000008003b40                HAL_RCC_GetSysClockFreq
 .text.HAL_RCC_OscConfig
                0x0000000008003e80      0x4b4 Drivers/STM32F4xx_HAL_Driver/Src/stm32f4xx_hal_rcc_ex.o
                0x0000000008003e80                HAL_RCC_OscConfig
 .text.HAL_RTC_Init
                0x0000000008004334      0x122 Drivers/STM32F4xx_HAL_Driver/Src/stm32f4xx_hal_rtc.o
                0x0000000008004334                HAL_RTC_Init
 .text.HAL_RTC_SetTime
                0x0000000008004456      0x17a Drivers/STM32F4xx_HAL_Driver/Src/stm32f4xx_hal_rtc.o
                0x0000000008004456                HAL_RTC_SetTime
 .text.HAL_RTC_SetDate
                0x00000000080045d0      0x14e Drivers/STM32F4xx_HAL_Driver/Src/stm32f4xx_hal_rtc.o
                0x00000000080045d0                HAL_RTC_SetDate
 *fill*         0x000000000800471e        0x2 
 .text.HAL_RTC_SetAlarm_IT
                0x0000000008004720      0x270 Drivers/STM32F4xx_HAL_Driver/Src/stm32f4xx_hal_rtc.o
                0x0000000008004720                HAL_RTC_SetAlarm_IT
 .text.HAL_RTC_AlarmIRQHandler
                0x0000000008004990       0x8c Drivers/STM32F4xx_HAL_Driver/Src/stm32f4xx_hal_rtc.o
                0x0000000008004990                HAL_RTC_AlarmIRQHandler
 .text.HAL_RTC_WaitForSynchro
                0x0000000008004a1c       0x50 Drivers/STM32F4xx_HAL_Driver/Src/stm32f4xx_hal_rtc.o
                0x0000000008004a1c                HAL_RTC_WaitForSynchro
 .text.RTC_EnterInitMode
                0x0000000008004a6c       0x58 Drivers/STM32F4xx_HAL_Driver/Src/stm32f4xx_hal_rtc.o
                0x0000000008004a6c                RTC_EnterInitMode
 .text.RTC_ByteToBcd2
                0x0000000008004ac4       0x3c Drivers/STM32F4xx_HAL_Driver/Src/stm32f4xx_hal_rtc.o
                0x0000000008004ac4                RTC_ByteToBcd2
 .text.HAL_RTCEx_AlarmBEventCallback
                0x0000000008004b00       0x14 Drivers/STM32F4xx_HAL_Driver/Src/stm32f4xx_hal_rtc_ex.o
                0x0000000008004b00                HAL_RTCEx_AlarmBEventCallback
 .text.HAL_SPI_Init
                0x0000000008004b14       0xc8 Drivers/STM32F4xx_HAL_Driver/Src/stm32f4xx_hal_spi.o
                0x0000000008004b14                HAL_SPI_Init
 .text.HAL_SPI_Transmit
                0x0000000008004bdc      0x268 Drivers/STM32F4xx_HAL_Driver/Src/stm32f4xx_hal_spi.o
                0x0000000008004bdc                HAL_SPI_Transmit
 .text.HAL_SPI_TransmitReceive
                0x0000000008004e44      0x344 Drivers/STM32F4xx_HAL_Driver/Src/stm32f4xx_hal_spi.o
                0x0000000008004e44                HAL_SPI_TransmitReceive
 .text.HAL_SPI_GetState
                0x0000000008005188       0x1c Drivers/STM32F4xx_HAL_Driver/Src/stm32f4xx_hal_spi.o
                0x0000000008005188                HAL_SPI_GetState
 .text.SPI_WaitFlagStateUntilTimeout
                0x00000000080051a4       0xd4 Drivers/STM32F4xx_HAL_Driver/Src/stm32f4xx_hal_spi.o
 .text.SPI_EndRxTxTransaction
                0x0000000008005278       0x84 Drivers/STM32F4xx_HAL_Driver/Src/stm32f4xx_hal_spi.o
 .text.HAL_UART_Init
                0x00000000080052fc       0x9a Drivers/STM32F4xx_HAL_Driver/Src/stm32f4xx_hal_uart.o
                0x00000000080052fc                HAL_UART_Init
 .text.HAL_UART_Transmit
                0x0000000008005396      0x132 Drivers/STM32F4xx_HAL_Driver/Src/stm32f4xx_hal_uart.o
                0x0000000008005396                HAL_UART_Transmit
 .text.UART_WaitOnFlagUntilTimeout
                0x00000000080054c8       0x94 Drivers/STM32F4xx_HAL_Driver/Src/stm32f4xx_hal_uart.o
 .text.UART_SetConfig
                0x000000000800555c      0x6f8 Drivers/STM32F4xx_HAL_Driver/Src/stm32f4xx_hal_uart.o
 .text.MX_FATFS_Init
                0x0000000008005c54       0x24 FATFS/App/fatfs.o
                0x0000000008005c54                MX_FATFS_Init
 .text.USER_initialize
                0x0000000008005c78       0x1c FATFS/Target/user_diskio.o
                0x0000000008005c78                USER_initialize
 .text.USER_status
                0x0000000008005c94       0x1c FATFS/Target/user_diskio.o
                0x0000000008005c94                USER_status
 .text.USER_read
                0x0000000008005cb0       0x26 FATFS/Target/user_diskio.o
                0x0000000008005cb0                USER_read
 .text.USER_write
                0x0000000008005cd6       0x26 FATFS/Target/user_diskio.o
                0x0000000008005cd6                USER_write
 .text.USER_ioctl
                0x0000000008005cfc       0x26 FATFS/Target/user_diskio.o
                0x0000000008005cfc                USER_ioctl
 *fill*         0x0000000008005d22        0x2 
 .text.disk_status
                0x0000000008005d24       0x34 Middlewares/Third_Party/FatFs/src/diskio.o
                0x0000000008005d24                disk_status
 .text.disk_initialize
                0x0000000008005d58       0x4c Middlewares/Third_Party/FatFs/src/diskio.o
                0x0000000008005d58                disk_initialize
 .text.disk_read
                0x0000000008005da4       0x40 Middlewares/Third_Party/FatFs/src/diskio.o
                0x0000000008005da4                disk_read
 .text.disk_write
                0x0000000008005de4       0x40 Middlewares/Third_Party/FatFs/src/diskio.o
                0x0000000008005de4                disk_write
 .text.disk_ioctl
                0x0000000008005e24       0x3c Middlewares/Third_Party/FatFs/src/diskio.o
                0x0000000008005e24                disk_ioctl
 .text.ld_word  0x0000000008005e60       0x30 Middlewares/Third_Party/FatFs/src/ff.o
 .text.ld_dword
                0x0000000008005e90       0x46 Middlewares/Third_Party/FatFs/src/ff.o
 *fill*         0x0000000008005ed6        0x2 
 .text.clear_lock
                0x0000000008005ed8       0x48 Middlewares/Third_Party/FatFs/src/ff.o
 .text.sync_window
                0x0000000008005f20       0x88 Middlewares/Third_Party/FatFs/src/ff.o
 .text.move_window
                0x0000000008005fa8       0x5a Middlewares/Third_Party/FatFs/src/ff.o
 .text.get_ldnumber
                0x0000000008006002       0x88 Middlewares/Third_Party/FatFs/src/ff.o
 *fill*         0x000000000800608a        0x2 
 .text.check_fs
                0x000000000800608c       0xac Middlewares/Third_Party/FatFs/src/ff.o
 .text.find_volume
                0x0000000008006138      0x510 Middlewares/Third_Party/FatFs/src/ff.o
 .text.f_mount  0x0000000008006648       0x8c Middlewares/Third_Party/FatFs/src/ff.o
                0x0000000008006648                f_mount
 .text.FATFS_LinkDriverEx
                0x00000000080066d4       0x98 Middlewares/Third_Party/FatFs/src/ff_gen_drv.o
                0x00000000080066d4                FATFS_LinkDriverEx
 .text.FATFS_LinkDriver
                0x000000000800676c       0x1e Middlewares/Third_Party/FatFs/src/ff_gen_drv.o
                0x000000000800676c                FATFS_LinkDriver
 *fill*         0x000000000800678a        0x2 
 .text.__errno  0x000000000800678c        0xc c:/st/stm32cubeide_1.2.0/stm32cubeide/plugins/com.st.stm32cube.ide.mcu.externaltools.gnu-tools-for-stm32.7-2018-q2-update.win32_1.0.0.201904181610/tools/bin/../lib/gcc/arm-none-eabi/7.3.1/../../../../arm-none-eabi/lib/thumb/v7e-m/fpv4-sp/hard\libc_nano.a(lib_a-errno.o)
                0x000000000800678c                __errno
 .text.__libc_init_array
                0x0000000008006798       0x48 c:/st/stm32cubeide_1.2.0/stm32cubeide/plugins/com.st.stm32cube.ide.mcu.externaltools.gnu-tools-for-stm32.7-2018-q2-update.win32_1.0.0.201904181610/tools/bin/../lib/gcc/arm-none-eabi/7.3.1/../../../../arm-none-eabi/lib/thumb/v7e-m/fpv4-sp/hard\libc_nano.a(lib_a-init.o)
                0x0000000008006798                __libc_init_array
 .text.memset   0x00000000080067e0       0x10 c:/st/stm32cubeide_1.2.0/stm32cubeide/plugins/com.st.stm32cube.ide.mcu.externaltools.gnu-tools-for-stm32.7-2018-q2-update.win32_1.0.0.201904181610/tools/bin/../lib/gcc/arm-none-eabi/7.3.1/../../../../arm-none-eabi/lib/thumb/v7e-m/fpv4-sp/hard\libc_nano.a(lib_a-memset.o)
                0x00000000080067e0                memset
 .text.sprintf  0x00000000080067f0       0x40 c:/st/stm32cubeide_1.2.0/stm32cubeide/plugins/com.st.stm32cube.ide.mcu.externaltools.gnu-tools-for-stm32.7-2018-q2-update.win32_1.0.0.201904181610/tools/bin/../lib/gcc/arm-none-eabi/7.3.1/../../../../arm-none-eabi/lib/thumb/v7e-m/fpv4-sp/hard\libc_nano.a(lib_a-sprintf.o)
                0x00000000080067f0                siprintf
                0x00000000080067f0                sprintf
 .text.__ssputs_r
                0x0000000008006830       0xb4 c:/st/stm32cubeide_1.2.0/stm32cubeide/plugins/com.st.stm32cube.ide.mcu.externaltools.gnu-tools-for-stm32.7-2018-q2-update.win32_1.0.0.201904181610/tools/bin/../lib/gcc/arm-none-eabi/7.3.1/../../../../arm-none-eabi/lib/thumb/v7e-m/fpv4-sp/hard\libc_nano.a(lib_a-nano-svfprintf.o)
                0x0000000008006830                __ssputs_r
 .text._svfprintf_r
                0x00000000080068e4      0x1f0 c:/st/stm32cubeide_1.2.0/stm32cubeide/plugins/com.st.stm32cube.ide.mcu.externaltools.gnu-tools-for-stm32.7-2018-q2-update.win32_1.0.0.201904181610/tools/bin/../lib/gcc/arm-none-eabi/7.3.1/../../../../arm-none-eabi/lib/thumb/v7e-m/fpv4-sp/hard\libc_nano.a(lib_a-nano-svfprintf.o)
                0x00000000080068e4                _svfiprintf_r
                0x00000000080068e4                _svfprintf_r
 .text._printf_common
                0x0000000008006ad4       0xea c:/st/stm32cubeide_1.2.0/stm32cubeide/plugins/com.st.stm32cube.ide.mcu.externaltools.gnu-tools-for-stm32.7-2018-q2-update.win32_1.0.0.201904181610/tools/bin/../lib/gcc/arm-none-eabi/7.3.1/../../../../arm-none-eabi/lib/thumb/v7e-m/fpv4-sp/hard\libc_nano.a(lib_a-nano-vfprintf_i.o)
                0x0000000008006ad4                _printf_common
 *fill*         0x0000000008006bbe        0x2 
 .text._printf_i
                0x0000000008006bc0      0x224 c:/st/stm32cubeide_1.2.0/stm32cubeide/plugins/com.st.stm32cube.ide.mcu.externaltools.gnu-tools-for-stm32.7-2018-q2-update.win32_1.0.0.201904181610/tools/bin/../lib/gcc/arm-none-eabi/7.3.1/../../../../arm-none-eabi/lib/thumb/v7e-m/fpv4-sp/hard\libc_nano.a(lib_a-nano-vfprintf_i.o)
                0x0000000008006bc0                _printf_i
 .text.memcpy   0x0000000008006de4       0x16 c:/st/stm32cubeide_1.2.0/stm32cubeide/plugins/com.st.stm32cube.ide.mcu.externaltools.gnu-tools-for-stm32.7-2018-q2-update.win32_1.0.0.201904181610/tools/bin/../lib/gcc/arm-none-eabi/7.3.1/../../../../arm-none-eabi/lib/thumb/v7e-m/fpv4-sp/hard\libc_nano.a(lib_a-memcpy-stub.o)
                0x0000000008006de4                memcpy
 .text.memmove  0x0000000008006dfa       0x32 c:/st/stm32cubeide_1.2.0/stm32cubeide/plugins/com.st.stm32cube.ide.mcu.externaltools.gnu-tools-for-stm32.7-2018-q2-update.win32_1.0.0.201904181610/tools/bin/../lib/gcc/arm-none-eabi/7.3.1/../../../../arm-none-eabi/lib/thumb/v7e-m/fpv4-sp/hard\libc_nano.a(lib_a-memmove.o)
                0x0000000008006dfa                memmove
 .text._free_r  0x0000000008006e2c       0x9c c:/st/stm32cubeide_1.2.0/stm32cubeide/plugins/com.st.stm32cube.ide.mcu.externaltools.gnu-tools-for-stm32.7-2018-q2-update.win32_1.0.0.201904181610/tools/bin/../lib/gcc/arm-none-eabi/7.3.1/../../../../arm-none-eabi/lib/thumb/v7e-m/fpv4-sp/hard\libc_nano.a(lib_a-nano-freer.o)
                0x0000000008006e2c                _free_r
 .text._malloc_r
                0x0000000008006ec8       0xb4 c:/st/stm32cubeide_1.2.0/stm32cubeide/plugins/com.st.stm32cube.ide.mcu.externaltools.gnu-tools-for-stm32.7-2018-q2-update.win32_1.0.0.201904181610/tools/bin/../lib/gcc/arm-none-eabi/7.3.1/../../../../arm-none-eabi/lib/thumb/v7e-m/fpv4-sp/hard\libc_nano.a(lib_a-nano-mallocr.o)
                0x0000000008006ec8                _malloc_r
 .text._realloc_r
                0x0000000008006f7c       0x4c c:/st/stm32cubeide_1.2.0/stm32cubeide/plugins/com.st.stm32cube.ide.mcu.externaltools.gnu-tools-for-stm32.7-2018-q2-update.win32_1.0.0.201904181610/tools/bin/../lib/gcc/arm-none-eabi/7.3.1/../../../../arm-none-eabi/lib/thumb/v7e-m/fpv4-sp/hard\libc_nano.a(lib_a-nano-reallocr.o)
                0x0000000008006f7c                _realloc_r
 .text._sbrk_r  0x0000000008006fc8       0x20 c:/st/stm32cubeide_1.2.0/stm32cubeide/plugins/com.st.stm32cube.ide.mcu.externaltools.gnu-tools-for-stm32.7-2018-q2-update.win32_1.0.0.201904181610/tools/bin/../lib/gcc/arm-none-eabi/7.3.1/../../../../arm-none-eabi/lib/thumb/v7e-m/fpv4-sp/hard\libc_nano.a(lib_a-sbrkr.o)
                0x0000000008006fc8                _sbrk_r
 .text.__malloc_lock
                0x0000000008006fe8        0x2 c:/st/stm32cubeide_1.2.0/stm32cubeide/plugins/com.st.stm32cube.ide.mcu.externaltools.gnu-tools-for-stm32.7-2018-q2-update.win32_1.0.0.201904181610/tools/bin/../lib/gcc/arm-none-eabi/7.3.1/../../../../arm-none-eabi/lib/thumb/v7e-m/fpv4-sp/hard\libc_nano.a(lib_a-mlock.o)
                0x0000000008006fe8                __malloc_lock
 .text.__malloc_unlock
                0x0000000008006fea        0x2 c:/st/stm32cubeide_1.2.0/stm32cubeide/plugins/com.st.stm32cube.ide.mcu.externaltools.gnu-tools-for-stm32.7-2018-q2-update.win32_1.0.0.201904181610/tools/bin/../lib/gcc/arm-none-eabi/7.3.1/../../../../arm-none-eabi/lib/thumb/v7e-m/fpv4-sp/hard\libc_nano.a(lib_a-mlock.o)
                0x0000000008006fea                __malloc_unlock
 .text._malloc_usable_size_r
                0x0000000008006fec       0x10 c:/st/stm32cubeide_1.2.0/stm32cubeide/plugins/com.st.stm32cube.ide.mcu.externaltools.gnu-tools-for-stm32.7-2018-q2-update.win32_1.0.0.201904181610/tools/bin/../lib/gcc/arm-none-eabi/7.3.1/../../../../arm-none-eabi/lib/thumb/v7e-m/fpv4-sp/hard\libc_nano.a(lib_a-nano-msizer.o)
                0x0000000008006fec                _malloc_usable_size_r
 *(.glue_7)
 .glue_7        0x0000000008006ffc        0x0 linker stubs
 *(.glue_7t)
 .glue_7t       0x0000000008006ffc        0x0 linker stubs
 *(.eh_frame)
 .eh_frame      0x0000000008006ffc        0x0 c:/st/stm32cubeide_1.2.0/stm32cubeide/plugins/com.st.stm32cube.ide.mcu.externaltools.gnu-tools-for-stm32.7-2018-q2-update.win32_1.0.0.201904181610/tools/bin/../lib/gcc/arm-none-eabi/7.3.1/thumb/v7e-m/fpv4-sp/hard/crtbegin.o
 *(.init)
 .init          0x0000000008006ffc        0x4 c:/st/stm32cubeide_1.2.0/stm32cubeide/plugins/com.st.stm32cube.ide.mcu.externaltools.gnu-tools-for-stm32.7-2018-q2-update.win32_1.0.0.201904181610/tools/bin/../lib/gcc/arm-none-eabi/7.3.1/thumb/v7e-m/fpv4-sp/hard/crti.o
                0x0000000008006ffc                _init
 .init          0x0000000008007000        0x8 c:/st/stm32cubeide_1.2.0/stm32cubeide/plugins/com.st.stm32cube.ide.mcu.externaltools.gnu-tools-for-stm32.7-2018-q2-update.win32_1.0.0.201904181610/tools/bin/../lib/gcc/arm-none-eabi/7.3.1/thumb/v7e-m/fpv4-sp/hard/crtn.o
 *(.fini)
 .fini          0x0000000008007008        0x4 c:/st/stm32cubeide_1.2.0/stm32cubeide/plugins/com.st.stm32cube.ide.mcu.externaltools.gnu-tools-for-stm32.7-2018-q2-update.win32_1.0.0.201904181610/tools/bin/../lib/gcc/arm-none-eabi/7.3.1/thumb/v7e-m/fpv4-sp/hard/crti.o
                0x0000000008007008                _fini
 .fini          0x000000000800700c        0x8 c:/st/stm32cubeide_1.2.0/stm32cubeide/plugins/com.st.stm32cube.ide.mcu.externaltools.gnu-tools-for-stm32.7-2018-q2-update.win32_1.0.0.201904181610/tools/bin/../lib/gcc/arm-none-eabi/7.3.1/thumb/v7e-m/fpv4-sp/hard/crtn.o
                0x0000000008007014                . = ALIGN (0x4)
                0x0000000008007014                _etext = .

.vfp11_veneer   0x0000000008007014        0x0
 .vfp11_veneer  0x0000000008007014        0x0 linker stubs

.v4_bx          0x0000000008007014        0x0
 .v4_bx         0x0000000008007014        0x0 linker stubs

.iplt           0x0000000008007014        0x0
 .iplt          0x0000000008007014        0x0 c:/st/stm32cubeide_1.2.0/stm32cubeide/plugins/com.st.stm32cube.ide.mcu.externaltools.gnu-tools-for-stm32.7-2018-q2-update.win32_1.0.0.201904181610/tools/bin/../lib/gcc/arm-none-eabi/7.3.1/thumb/v7e-m/fpv4-sp/hard/crtbegin.o

.rodata         0x0000000008007014       0xa8
                0x0000000008007014                . = ALIGN (0x4)
 *(.rodata)
 .rodata        0x0000000008007014       0x5c Core/Src/main.o
 *(.rodata*)
 .rodata.AHBPrescTable
                0x0000000008007070       0x10 Core/Src/system_stm32f4xx.o
                0x0000000008007070                AHBPrescTable
 .rodata.APBPrescTable
                0x0000000008007080        0x8 Core/Src/system_stm32f4xx.o
                0x0000000008007080                APBPrescTable
 .rodata._svfprintf_r.str1.1
                0x0000000008007088       0x11 c:/st/stm32cubeide_1.2.0/stm32cubeide/plugins/com.st.stm32cube.ide.mcu.externaltools.gnu-tools-for-stm32.7-2018-q2-update.win32_1.0.0.201904181610/tools/bin/../lib/gcc/arm-none-eabi/7.3.1/../../../../arm-none-eabi/lib/thumb/v7e-m/fpv4-sp/hard\libc_nano.a(lib_a-nano-svfprintf.o)
 .rodata._printf_i.str1.1
                0x0000000008007099       0x22 c:/st/stm32cubeide_1.2.0/stm32cubeide/plugins/com.st.stm32cube.ide.mcu.externaltools.gnu-tools-for-stm32.7-2018-q2-update.win32_1.0.0.201904181610/tools/bin/../lib/gcc/arm-none-eabi/7.3.1/../../../../arm-none-eabi/lib/thumb/v7e-m/fpv4-sp/hard\libc_nano.a(lib_a-nano-vfprintf_i.o)
                0x00000000080070bc                . = ALIGN (0x4)
 *fill*         0x00000000080070bb        0x1 

.ARM.extab      0x00000000080070bc        0x0
                0x00000000080070bc                . = ALIGN (0x4)
 *(.ARM.extab* .gnu.linkonce.armextab.*)
                0x00000000080070bc                . = ALIGN (0x4)

.ARM            0x00000000080070bc        0x8
                0x00000000080070bc                . = ALIGN (0x4)
                0x00000000080070bc                __exidx_start = .
 *(.ARM.exidx*)
 .ARM.exidx     0x00000000080070bc        0x8 c:/st/stm32cubeide_1.2.0/stm32cubeide/plugins/com.st.stm32cube.ide.mcu.externaltools.gnu-tools-for-stm32.7-2018-q2-update.win32_1.0.0.201904181610/tools/bin/../lib/gcc/arm-none-eabi/7.3.1/thumb/v7e-m/fpv4-sp/hard\libgcc.a(_udivmoddi4.o)
                0x00000000080070c4                __exidx_end = .
                0x00000000080070c4                . = ALIGN (0x4)

.rel.dyn        0x00000000080070c4        0x0
 .rel.iplt      0x00000000080070c4        0x0 c:/st/stm32cubeide_1.2.0/stm32cubeide/plugins/com.st.stm32cube.ide.mcu.externaltools.gnu-tools-for-stm32.7-2018-q2-update.win32_1.0.0.201904181610/tools/bin/../lib/gcc/arm-none-eabi/7.3.1/thumb/v7e-m/fpv4-sp/hard/crtbegin.o

.preinit_array  0x00000000080070c4        0x0
                0x00000000080070c4                . = ALIGN (0x4)
                0x00000000080070c4                PROVIDE (__preinit_array_start = .)
 *(.preinit_array*)
                0x00000000080070c4                PROVIDE (__preinit_array_end = .)
                0x00000000080070c4                . = ALIGN (0x4)

.init_array     0x00000000080070c4        0x4
                0x00000000080070c4                . = ALIGN (0x4)
                0x00000000080070c4                PROVIDE (__init_array_start = .)
 *(SORT_BY_NAME(.init_array.*))
 *(.init_array*)
 .init_array    0x00000000080070c4        0x4 c:/st/stm32cubeide_1.2.0/stm32cubeide/plugins/com.st.stm32cube.ide.mcu.externaltools.gnu-tools-for-stm32.7-2018-q2-update.win32_1.0.0.201904181610/tools/bin/../lib/gcc/arm-none-eabi/7.3.1/thumb/v7e-m/fpv4-sp/hard/crtbegin.o
                0x00000000080070c8                PROVIDE (__init_array_end = .)
                0x00000000080070c8                . = ALIGN (0x4)

.fini_array     0x00000000080070c8        0x4
                0x00000000080070c8                . = ALIGN (0x4)
                [!provide]                        PROVIDE (__fini_array_start = .)
 *(SORT_BY_NAME(.fini_array.*))
 *(.fini_array*)
 .fini_array    0x00000000080070c8        0x4 c:/st/stm32cubeide_1.2.0/stm32cubeide/plugins/com.st.stm32cube.ide.mcu.externaltools.gnu-tools-for-stm32.7-2018-q2-update.win32_1.0.0.201904181610/tools/bin/../lib/gcc/arm-none-eabi/7.3.1/thumb/v7e-m/fpv4-sp/hard/crtbegin.o
                [!provide]                        PROVIDE (__fini_array_end = .)
                0x00000000080070cc                . = ALIGN (0x4)
                0x00000000080070cc                _sidata = LOADADDR (.data)

.data           0x0000000020000000       0x88 load address 0x00000000080070cc
                0x0000000020000000                . = ALIGN (0x4)
                0x0000000020000000                _sdata = .
 *(.data)
 *(.data*)
 .data.Stat     0x0000000020000000        0x1 Core/Src/fatfs_sd.o
 *fill*         0x0000000020000001        0x3 
 .data.SystemCoreClock
                0x0000000020000004        0x4 Core/Src/system_stm32f4xx.o
                0x0000000020000004                SystemCoreClock
 .data.uwTickPrio
                0x0000000020000008        0x4 Drivers/STM32F4xx_HAL_Driver/Src/stm32f4xx_hal.o
                0x0000000020000008                uwTickPrio
 .data.uwTickFreq
                0x000000002000000c        0x1 Drivers/STM32F4xx_HAL_Driver/Src/stm32f4xx_hal.o
                0x000000002000000c                uwTickFreq
 *fill*         0x000000002000000d        0x3 
 .data.USER_Driver
                0x0000000020000010       0x14 FATFS/Target/user_diskio.o
                0x0000000020000010                USER_Driver
 .data._impure_ptr
                0x0000000020000024        0x4 c:/st/stm32cubeide_1.2.0/stm32cubeide/plugins/com.st.stm32cube.ide.mcu.externaltools.gnu-tools-for-stm32.7-2018-q2-update.win32_1.0.0.201904181610/tools/bin/../lib/gcc/arm-none-eabi/7.3.1/../../../../arm-none-eabi/lib/thumb/v7e-m/fpv4-sp/hard\libc_nano.a(lib_a-impure.o)
                0x0000000020000024                _impure_ptr
 .data.impure_data
                0x0000000020000028       0x60 c:/st/stm32cubeide_1.2.0/stm32cubeide/plugins/com.st.stm32cube.ide.mcu.externaltools.gnu-tools-for-stm32.7-2018-q2-update.win32_1.0.0.201904181610/tools/bin/../lib/gcc/arm-none-eabi/7.3.1/../../../../arm-none-eabi/lib/thumb/v7e-m/fpv4-sp/hard\libc_nano.a(lib_a-impure.o)
                0x0000000020000088                . = ALIGN (0x4)
                0x0000000020000088                _edata = .

.igot.plt       0x0000000020000088        0x0 load address 0x0000000008007154
 .igot.plt      0x0000000020000088        0x0 c:/st/stm32cubeide_1.2.0/stm32cubeide/plugins/com.st.stm32cube.ide.mcu.externaltools.gnu-tools-for-stm32.7-2018-q2-update.win32_1.0.0.201904181610/tools/bin/../lib/gcc/arm-none-eabi/7.3.1/thumb/v7e-m/fpv4-sp/hard/crtbegin.o
                0x0000000020000088                . = ALIGN (0x4)

.bss            0x0000000020000088     0x4650 load address 0x0000000008007154
                0x0000000020000088                _sbss = .
                0x0000000020000088                __bss_start__ = _sbss
 *(.bss)
 .bss           0x0000000020000088       0x1c c:/st/stm32cubeide_1.2.0/stm32cubeide/plugins/com.st.stm32cube.ide.mcu.externaltools.gnu-tools-for-stm32.7-2018-q2-update.win32_1.0.0.201904181610/tools/bin/../lib/gcc/arm-none-eabi/7.3.1/thumb/v7e-m/fpv4-sp/hard/crtbegin.o
 *(.bss*)
 .bss.CardType  0x00000000200000a4        0x1 Core/Src/fatfs_sd.o
 .bss.PowerFlag
                0x00000000200000a5        0x1 Core/Src/fatfs_sd.o
 .bss.alarmFlag
                0x00000000200000a6        0x1 Core/Src/main.o
                0x00000000200000a6                alarmFlag
 .bss.FatFsCnt  0x00000000200000a7        0x1 Core/Src/stm32f4xx_it.o
                0x00000000200000a7                FatFsCnt
 .bss.heap_end.6424
                0x00000000200000a8        0x4 Core/Src/sysmem.o
 .bss.FatFs     0x00000000200000ac        0x4 Middlewares/Third_Party/FatFs/src/ff.o
 .bss.Fsid      0x00000000200000b0        0x2 Middlewares/Third_Party/FatFs/src/ff.o
 *fill*         0x00000000200000b2        0x2 
 .bss.Files     0x00000000200000b4       0x20 Middlewares/Third_Party/FatFs/src/ff.o
 .bss.LfnBuf    0x00000000200000d4      0x200 Middlewares/Third_Party/FatFs/src/ff.o
 .bss.disk      0x00000000200002d4        0xc Middlewares/Third_Party/FatFs/src/ff_gen_drv.o
                0x00000000200002d4                disk
 .bss.__malloc_free_list
                0x00000000200002e0        0x4 c:/st/stm32cubeide_1.2.0/stm32cubeide/plugins/com.st.stm32cube.ide.mcu.externaltools.gnu-tools-for-stm32.7-2018-q2-update.win32_1.0.0.201904181610/tools/bin/../lib/gcc/arm-none-eabi/7.3.1/../../../../arm-none-eabi/lib/thumb/v7e-m/fpv4-sp/hard\libc_nano.a(lib_a-nano-mallocr.o)
                0x00000000200002e0                __malloc_free_list
 .bss.__malloc_sbrk_start
                0x00000000200002e4        0x4 c:/st/stm32cubeide_1.2.0/stm32cubeide/plugins/com.st.stm32cube.ide.mcu.externaltools.gnu-tools-for-stm32.7-2018-q2-update.win32_1.0.0.201904181610/tools/bin/../lib/gcc/arm-none-eabi/7.3.1/../../../../arm-none-eabi/lib/thumb/v7e-m/fpv4-sp/hard\libc_nano.a(lib_a-nano-mallocr.o)
                0x00000000200002e4                __malloc_sbrk_start
 *(COMMON)
 COMMON         0x00000000200002e8     0x2374 Core/Src/main.o
                0x00000000200002e8                fre_clust
                0x00000000200002ec                fno
                0x0000000020000404                fs
                0x000000002000143c                hi2c1
                0x0000000020001490                br
                0x0000000020001494                free_space
                0x0000000020001498                huart1
                0x00000000200014d8                buffer
                0x0000000020001558                buttonPinFlag
                0x000000002000155c                hrtc
                0x000000002000157c                time
                0x0000000020001584                bw
                0x0000000020001588                pfs
                0x000000002000158c                fresult
                0x0000000020001590                hspi1
                0x00000000200015e8                huart2
                0x0000000020001628                total
                0x000000002000162c                fil
 COMMON         0x000000002000265c        0x2 Core/Src/stm32f4xx_it.o
                0x000000002000265c                Timer2
                0x000000002000265d                Timer1
 *fill*         0x000000002000265e        0x2 
 COMMON         0x0000000020002660        0x4 Drivers/STM32F4xx_HAL_Driver/Src/stm32f4xx_hal.o
                0x0000000020002660                uwTick
 COMMON         0x0000000020002664     0x2070 FATFS/App/fatfs.o
                0x0000000020002664                USERPath
                0x0000000020002668                retUSER
                0x000000002000266c                USERFile
                0x000000002000369c                USERFatFS
 COMMON         0x00000000200046d4        0x4 c:/st/stm32cubeide_1.2.0/stm32cubeide/plugins/com.st.stm32cube.ide.mcu.externaltools.gnu-tools-for-stm32.7-2018-q2-update.win32_1.0.0.201904181610/tools/bin/../lib/gcc/arm-none-eabi/7.3.1/../../../../arm-none-eabi/lib/thumb/v7e-m/fpv4-sp/hard\libc_nano.a(lib_a-reent.o)
                0x00000000200046d4                errno
                0x00000000200046d8                . = ALIGN (0x4)
                0x00000000200046d8                _ebss = .
                0x00000000200046d8                __bss_end__ = _ebss

._user_heap_stack
                0x00000000200046d8      0x600 load address 0x0000000008007154
                0x00000000200046d8                . = ALIGN (0x8)
                0x00000000200046d8                PROVIDE (end = .)
                [!provide]                        PROVIDE (_end = .)
                0x00000000200048d8                . = (. + _Min_Heap_Size)
 *fill*         0x00000000200046d8      0x200 
                0x0000000020004cd8                . = (. + _Min_Stack_Size)
 *fill*         0x00000000200048d8      0x400 
                0x0000000020004cd8                . = ALIGN (0x8)

/DISCARD/
 libc.a(*)
 libm.a(*)
 libgcc.a(*)

.ARM.attributes
                0x0000000000000000       0x30
 *(.ARM.attributes)
 .ARM.attributes
                0x0000000000000000       0x22 c:/st/stm32cubeide_1.2.0/stm32cubeide/plugins/com.st.stm32cube.ide.mcu.externaltools.gnu-tools-for-stm32.7-2018-q2-update.win32_1.0.0.201904181610/tools/bin/../lib/gcc/arm-none-eabi/7.3.1/thumb/v7e-m/fpv4-sp/hard/crti.o
 .ARM.attributes
                0x0000000000000022       0x34 c:/st/stm32cubeide_1.2.0/stm32cubeide/plugins/com.st.stm32cube.ide.mcu.externaltools.gnu-tools-for-stm32.7-2018-q2-update.win32_1.0.0.201904181610/tools/bin/../lib/gcc/arm-none-eabi/7.3.1/thumb/v7e-m/fpv4-sp/hard/crtbegin.o
 .ARM.attributes
                0x0000000000000056       0x39 Core/Src/fatfs_sd.o
 .ARM.attributes
                0x000000000000008f       0x39 Core/Src/main.o
 .ARM.attributes
                0x00000000000000c8       0x39 Core/Src/stm32f4xx_hal_msp.o
 .ARM.attributes
                0x0000000000000101       0x39 Core/Src/stm32f4xx_it.o
 .ARM.attributes
                0x000000000000013a       0x39 Core/Src/sysmem.o
 .ARM.attributes
                0x0000000000000173       0x39 Core/Src/system_stm32f4xx.o
 .ARM.attributes
                0x00000000000001ac       0x21 Core/Startup/startup_stm32f446retx.o
 .ARM.attributes
                0x00000000000001cd       0x39 Drivers/STM32F4xx_HAL_Driver/Src/stm32f4xx_hal.o
 .ARM.attributes
                0x0000000000000206       0x39 Drivers/STM32F4xx_HAL_Driver/Src/stm32f4xx_hal_cortex.o
 .ARM.attributes
                0x000000000000023f       0x39 Drivers/STM32F4xx_HAL_Driver/Src/stm32f4xx_hal_gpio.o
 .ARM.attributes
                0x0000000000000278       0x39 Drivers/STM32F4xx_HAL_Driver/Src/stm32f4xx_hal_i2c.o
 .ARM.attributes
                0x00000000000002b1       0x39 Drivers/STM32F4xx_HAL_Driver/Src/stm32f4xx_hal_pwr_ex.o
 .ARM.attributes
                0x00000000000002ea       0x39 Drivers/STM32F4xx_HAL_Driver/Src/stm32f4xx_hal_rcc.o
 .ARM.attributes
                0x0000000000000323       0x39 Drivers/STM32F4xx_HAL_Driver/Src/stm32f4xx_hal_rcc_ex.o
 .ARM.attributes
                0x000000000000035c       0x39 Drivers/STM32F4xx_HAL_Driver/Src/stm32f4xx_hal_rtc.o
 .ARM.attributes
                0x0000000000000395       0x39 Drivers/STM32F4xx_HAL_Driver/Src/stm32f4xx_hal_rtc_ex.o
 .ARM.attributes
                0x00000000000003ce       0x39 Drivers/STM32F4xx_HAL_Driver/Src/stm32f4xx_hal_spi.o
 .ARM.attributes
                0x0000000000000407       0x39 Drivers/STM32F4xx_HAL_Driver/Src/stm32f4xx_hal_uart.o
 .ARM.attributes
                0x0000000000000440       0x39 FATFS/App/fatfs.o
 .ARM.attributes
                0x0000000000000479       0x39 FATFS/Target/user_diskio.o
 .ARM.attributes
                0x00000000000004b2       0x39 Middlewares/Third_Party/FatFs/src/diskio.o
 .ARM.attributes
                0x00000000000004eb       0x39 Middlewares/Third_Party/FatFs/src/ff.o
 .ARM.attributes
                0x0000000000000524       0x39 Middlewares/Third_Party/FatFs/src/ff_gen_drv.o
 .ARM.attributes
                0x000000000000055d       0x34 c:/st/stm32cubeide_1.2.0/stm32cubeide/plugins/com.st.stm32cube.ide.mcu.externaltools.gnu-tools-for-stm32.7-2018-q2-update.win32_1.0.0.201904181610/tools/bin/../lib/gcc/arm-none-eabi/7.3.1/../../../../arm-none-eabi/lib/thumb/v7e-m/fpv4-sp/hard\libc_nano.a(lib_a-errno.o)
 .ARM.attributes
                0x0000000000000591       0x34 c:/st/stm32cubeide_1.2.0/stm32cubeide/plugins/com.st.stm32cube.ide.mcu.externaltools.gnu-tools-for-stm32.7-2018-q2-update.win32_1.0.0.201904181610/tools/bin/../lib/gcc/arm-none-eabi/7.3.1/../../../../arm-none-eabi/lib/thumb/v7e-m/fpv4-sp/hard\libc_nano.a(lib_a-impure.o)
 .ARM.attributes
                0x00000000000005c5       0x34 c:/st/stm32cubeide_1.2.0/stm32cubeide/plugins/com.st.stm32cube.ide.mcu.externaltools.gnu-tools-for-stm32.7-2018-q2-update.win32_1.0.0.201904181610/tools/bin/../lib/gcc/arm-none-eabi/7.3.1/../../../../arm-none-eabi/lib/thumb/v7e-m/fpv4-sp/hard\libc_nano.a(lib_a-init.o)
 .ARM.attributes
                0x00000000000005f9       0x34 c:/st/stm32cubeide_1.2.0/stm32cubeide/plugins/com.st.stm32cube.ide.mcu.externaltools.gnu-tools-for-stm32.7-2018-q2-update.win32_1.0.0.201904181610/tools/bin/../lib/gcc/arm-none-eabi/7.3.1/../../../../arm-none-eabi/lib/thumb/v7e-m/fpv4-sp/hard\libc_nano.a(lib_a-memset.o)
 .ARM.attributes
                0x000000000000062d       0x34 c:/st/stm32cubeide_1.2.0/stm32cubeide/plugins/com.st.stm32cube.ide.mcu.externaltools.gnu-tools-for-stm32.7-2018-q2-update.win32_1.0.0.201904181610/tools/bin/../lib/gcc/arm-none-eabi/7.3.1/../../../../arm-none-eabi/lib/thumb/v7e-m/fpv4-sp/hard\libc_nano.a(lib_a-sprintf.o)
 .ARM.attributes
                0x0000000000000661       0x1b c:/st/stm32cubeide_1.2.0/stm32cubeide/plugins/com.st.stm32cube.ide.mcu.externaltools.gnu-tools-for-stm32.7-2018-q2-update.win32_1.0.0.201904181610/tools/bin/../lib/gcc/arm-none-eabi/7.3.1/../../../../arm-none-eabi/lib/thumb/v7e-m/fpv4-sp/hard\libc_nano.a(lib_a-strlen.o)
 .ARM.attributes
                0x000000000000067c       0x34 c:/st/stm32cubeide_1.2.0/stm32cubeide/plugins/com.st.stm32cube.ide.mcu.externaltools.gnu-tools-for-stm32.7-2018-q2-update.win32_1.0.0.201904181610/tools/bin/../lib/gcc/arm-none-eabi/7.3.1/../../../../arm-none-eabi/lib/thumb/v7e-m/fpv4-sp/hard\libc_nano.a(lib_a-nano-svfprintf.o)
 .ARM.attributes
                0x00000000000006b0       0x34 c:/st/stm32cubeide_1.2.0/stm32cubeide/plugins/com.st.stm32cube.ide.mcu.externaltools.gnu-tools-for-stm32.7-2018-q2-update.win32_1.0.0.201904181610/tools/bin/../lib/gcc/arm-none-eabi/7.3.1/../../../../arm-none-eabi/lib/thumb/v7e-m/fpv4-sp/hard\libc_nano.a(lib_a-nano-vfprintf_i.o)
 .ARM.attributes
                0x00000000000006e4       0x20 c:/st/stm32cubeide_1.2.0/stm32cubeide/plugins/com.st.stm32cube.ide.mcu.externaltools.gnu-tools-for-stm32.7-2018-q2-update.win32_1.0.0.201904181610/tools/bin/../lib/gcc/arm-none-eabi/7.3.1/../../../../arm-none-eabi/lib/thumb/v7e-m/fpv4-sp/hard\libc_nano.a(lib_a-memchr.o)
 .ARM.attributes
                0x0000000000000704       0x34 c:/st/stm32cubeide_1.2.0/stm32cubeide/plugins/com.st.stm32cube.ide.mcu.externaltools.gnu-tools-for-stm32.7-2018-q2-update.win32_1.0.0.201904181610/tools/bin/../lib/gcc/arm-none-eabi/7.3.1/../../../../arm-none-eabi/lib/thumb/v7e-m/fpv4-sp/hard\libc_nano.a(lib_a-memcpy-stub.o)
 .ARM.attributes
                0x0000000000000738       0x34 c:/st/stm32cubeide_1.2.0/stm32cubeide/plugins/com.st.stm32cube.ide.mcu.externaltools.gnu-tools-for-stm32.7-2018-q2-update.win32_1.0.0.201904181610/tools/bin/../lib/gcc/arm-none-eabi/7.3.1/../../../../arm-none-eabi/lib/thumb/v7e-m/fpv4-sp/hard\libc_nano.a(lib_a-memmove.o)
 .ARM.attributes
                0x000000000000076c       0x34 c:/st/stm32cubeide_1.2.0/stm32cubeide/plugins/com.st.stm32cube.ide.mcu.externaltools.gnu-tools-for-stm32.7-2018-q2-update.win32_1.0.0.201904181610/tools/bin/../lib/gcc/arm-none-eabi/7.3.1/../../../../arm-none-eabi/lib/thumb/v7e-m/fpv4-sp/hard\libc_nano.a(lib_a-nano-freer.o)
 .ARM.attributes
                0x00000000000007a0       0x34 c:/st/stm32cubeide_1.2.0/stm32cubeide/plugins/com.st.stm32cube.ide.mcu.externaltools.gnu-tools-for-stm32.7-2018-q2-update.win32_1.0.0.201904181610/tools/bin/../lib/gcc/arm-none-eabi/7.3.1/../../../../arm-none-eabi/lib/thumb/v7e-m/fpv4-sp/hard\libc_nano.a(lib_a-nano-mallocr.o)
 .ARM.attributes
                0x00000000000007d4       0x34 c:/st/stm32cubeide_1.2.0/stm32cubeide/plugins/com.st.stm32cube.ide.mcu.externaltools.gnu-tools-for-stm32.7-2018-q2-update.win32_1.0.0.201904181610/tools/bin/../lib/gcc/arm-none-eabi/7.3.1/../../../../arm-none-eabi/lib/thumb/v7e-m/fpv4-sp/hard\libc_nano.a(lib_a-nano-reallocr.o)
 .ARM.attributes
                0x0000000000000808       0x34 c:/st/stm32cubeide_1.2.0/stm32cubeide/plugins/com.st.stm32cube.ide.mcu.externaltools.gnu-tools-for-stm32.7-2018-q2-update.win32_1.0.0.201904181610/tools/bin/../lib/gcc/arm-none-eabi/7.3.1/../../../../arm-none-eabi/lib/thumb/v7e-m/fpv4-sp/hard\libc_nano.a(lib_a-sbrkr.o)
 .ARM.attributes
                0x000000000000083c       0x34 c:/st/stm32cubeide_1.2.0/stm32cubeide/plugins/com.st.stm32cube.ide.mcu.externaltools.gnu-tools-for-stm32.7-2018-q2-update.win32_1.0.0.201904181610/tools/bin/../lib/gcc/arm-none-eabi/7.3.1/../../../../arm-none-eabi/lib/thumb/v7e-m/fpv4-sp/hard\libc_nano.a(lib_a-mlock.o)
 .ARM.attributes
                0x0000000000000870       0x34 c:/st/stm32cubeide_1.2.0/stm32cubeide/plugins/com.st.stm32cube.ide.mcu.externaltools.gnu-tools-for-stm32.7-2018-q2-update.win32_1.0.0.201904181610/tools/bin/../lib/gcc/arm-none-eabi/7.3.1/../../../../arm-none-eabi/lib/thumb/v7e-m/fpv4-sp/hard\libc_nano.a(lib_a-nano-msizer.o)
 .ARM.attributes
                0x00000000000008a4       0x34 c:/st/stm32cubeide_1.2.0/stm32cubeide/plugins/com.st.stm32cube.ide.mcu.externaltools.gnu-tools-for-stm32.7-2018-q2-update.win32_1.0.0.201904181610/tools/bin/../lib/gcc/arm-none-eabi/7.3.1/../../../../arm-none-eabi/lib/thumb/v7e-m/fpv4-sp/hard\libc_nano.a(lib_a-reent.o)
 .ARM.attributes
                0x00000000000008d8       0x22 c:/st/stm32cubeide_1.2.0/stm32cubeide/plugins/com.st.stm32cube.ide.mcu.externaltools.gnu-tools-for-stm32.7-2018-q2-update.win32_1.0.0.201904181610/tools/bin/../lib/gcc/arm-none-eabi/7.3.1/thumb/v7e-m/fpv4-sp/hard\libgcc.a(_aeabi_uldivmod.o)
 .ARM.attributes
                0x00000000000008fa       0x34 c:/st/stm32cubeide_1.2.0/stm32cubeide/plugins/com.st.stm32cube.ide.mcu.externaltools.gnu-tools-for-stm32.7-2018-q2-update.win32_1.0.0.201904181610/tools/bin/../lib/gcc/arm-none-eabi/7.3.1/thumb/v7e-m/fpv4-sp/hard\libgcc.a(_udivmoddi4.o)
 .ARM.attributes
                0x000000000000092e       0x22 c:/st/stm32cubeide_1.2.0/stm32cubeide/plugins/com.st.stm32cube.ide.mcu.externaltools.gnu-tools-for-stm32.7-2018-q2-update.win32_1.0.0.201904181610/tools/bin/../lib/gcc/arm-none-eabi/7.3.1/thumb/v7e-m/fpv4-sp/hard\libgcc.a(_dvmd_tls.o)
 .ARM.attributes
                0x0000000000000950       0x22 c:/st/stm32cubeide_1.2.0/stm32cubeide/plugins/com.st.stm32cube.ide.mcu.externaltools.gnu-tools-for-stm32.7-2018-q2-update.win32_1.0.0.201904181610/tools/bin/../lib/gcc/arm-none-eabi/7.3.1/thumb/v7e-m/fpv4-sp/hard/crtn.o
OUTPUT(sd_card_spi.elf elf32-littlearm)

.debug_info     0x0000000000000000    0x16074
 .debug_info    0x0000000000000000      0xc11 Core/Src/fatfs_sd.o
 .debug_info    0x0000000000000c11     0x27e2 Core/Src/main.o
 .debug_info    0x00000000000033f3     0x157c Core/Src/stm32f4xx_hal_msp.o
 .debug_info    0x000000000000496f      0x591 Core/Src/stm32f4xx_it.o
 .debug_info    0x0000000000004f00      0x91c Core/Src/sysmem.o
 .debug_info    0x000000000000581c      0x588 Core/Src/system_stm32f4xx.o
 .debug_info    0x0000000000005da4       0x22 Core/Startup/startup_stm32f446retx.o
 .debug_info    0x0000000000005dc6      0x997 Drivers/STM32F4xx_HAL_Driver/Src/stm32f4xx_hal.o
 .debug_info    0x000000000000675d      0xe46 Drivers/STM32F4xx_HAL_Driver/Src/stm32f4xx_hal_cortex.o
 .debug_info    0x00000000000075a3      0x803 Drivers/STM32F4xx_HAL_Driver/Src/stm32f4xx_hal_gpio.o
 .debug_info    0x0000000000007da6     0x23c2 Drivers/STM32F4xx_HAL_Driver/Src/stm32f4xx_hal_i2c.o
 .debug_info    0x000000000000a168      0x761 Drivers/STM32F4xx_HAL_Driver/Src/stm32f4xx_hal_pwr_ex.o
 .debug_info    0x000000000000a8c9      0x944 Drivers/STM32F4xx_HAL_Driver/Src/stm32f4xx_hal_rcc.o
 .debug_info    0x000000000000b20d      0x9d5 Drivers/STM32F4xx_HAL_Driver/Src/stm32f4xx_hal_rcc_ex.o
 .debug_info    0x000000000000bbe2      0xbbb Drivers/STM32F4xx_HAL_Driver/Src/stm32f4xx_hal_rtc.o
 .debug_info    0x000000000000c79d      0xef4 Drivers/STM32F4xx_HAL_Driver/Src/stm32f4xx_hal_rtc_ex.o
 .debug_info    0x000000000000d691     0x163a Drivers/STM32F4xx_HAL_Driver/Src/stm32f4xx_hal_spi.o
 .debug_info    0x000000000000eccb     0x124c Drivers/STM32F4xx_HAL_Driver/Src/stm32f4xx_hal_uart.o
 .debug_info    0x000000000000ff17      0xdaa FATFS/App/fatfs.o
 .debug_info    0x0000000000010cc1      0xc29 FATFS/Target/user_diskio.o
 .debug_info    0x00000000000118ea      0xcdc Middlewares/Third_Party/FatFs/src/diskio.o
 .debug_info    0x00000000000125c6     0x2e3a Middlewares/Third_Party/FatFs/src/ff.o
 .debug_info    0x0000000000015400      0xc74 Middlewares/Third_Party/FatFs/src/ff_gen_drv.o

.debug_abbrev   0x0000000000000000     0x2d0a
 .debug_abbrev  0x0000000000000000      0x262 Core/Src/fatfs_sd.o
 .debug_abbrev  0x0000000000000262      0x348 Core/Src/main.o
 .debug_abbrev  0x00000000000005aa      0x1cd Core/Src/stm32f4xx_hal_msp.o
 .debug_abbrev  0x0000000000000777      0x134 Core/Src/stm32f4xx_it.o
 .debug_abbrev  0x00000000000008ab      0x1bb Core/Src/sysmem.o
 .debug_abbrev  0x0000000000000a66      0x12b Core/Src/system_stm32f4xx.o
 .debug_abbrev  0x0000000000000b91       0x12 Core/Startup/startup_stm32f446retx.o
 .debug_abbrev  0x0000000000000ba3      0x1c7 Drivers/STM32F4xx_HAL_Driver/Src/stm32f4xx_hal.o
 .debug_abbrev  0x0000000000000d6a      0x2fa Drivers/STM32F4xx_HAL_Driver/Src/stm32f4xx_hal_cortex.o
 .debug_abbrev  0x0000000000001064      0x1c9 Drivers/STM32F4xx_HAL_Driver/Src/stm32f4xx_hal_gpio.o
 .debug_abbrev  0x000000000000122d      0x254 Drivers/STM32F4xx_HAL_Driver/Src/stm32f4xx_hal_i2c.o
 .debug_abbrev  0x0000000000001481      0x1b8 Drivers/STM32F4xx_HAL_Driver/Src/stm32f4xx_hal_pwr_ex.o
 .debug_abbrev  0x0000000000001639      0x245 Drivers/STM32F4xx_HAL_Driver/Src/stm32f4xx_hal_rcc.o
 .debug_abbrev  0x000000000000187e      0x1bc Drivers/STM32F4xx_HAL_Driver/Src/stm32f4xx_hal_rcc_ex.o
 .debug_abbrev  0x0000000000001a3a      0x1be Drivers/STM32F4xx_HAL_Driver/Src/stm32f4xx_hal_rtc.o
 .debug_abbrev  0x0000000000001bf8      0x1e9 Drivers/STM32F4xx_HAL_Driver/Src/stm32f4xx_hal_rtc_ex.o
 .debug_abbrev  0x0000000000001de1      0x240 Drivers/STM32F4xx_HAL_Driver/Src/stm32f4xx_hal_spi.o
 .debug_abbrev  0x0000000000002021      0x242 Drivers/STM32F4xx_HAL_Driver/Src/stm32f4xx_hal_uart.o
 .debug_abbrev  0x0000000000002263      0x1df FATFS/App/fatfs.o
 .debug_abbrev  0x0000000000002442      0x1f1 FATFS/Target/user_diskio.o
 .debug_abbrev  0x0000000000002633      0x209 Middlewares/Third_Party/FatFs/src/diskio.o
 .debug_abbrev  0x000000000000283c      0x298 Middlewares/Third_Party/FatFs/src/ff.o
 .debug_abbrev  0x0000000000002ad4      0x236 Middlewares/Third_Party/FatFs/src/ff_gen_drv.o

.debug_aranges  0x0000000000000000     0x1198
 .debug_aranges
                0x0000000000000000       0xa0 Core/Src/fatfs_sd.o
 .debug_aranges
                0x00000000000000a0       0xb8 Core/Src/main.o
 .debug_aranges
                0x0000000000000158       0x60 Core/Src/stm32f4xx_hal_msp.o
 .debug_aranges
                0x00000000000001b8       0x70 Core/Src/stm32f4xx_it.o
 .debug_aranges
                0x0000000000000228       0x20 Core/Src/sysmem.o
 .debug_aranges
                0x0000000000000248       0x28 Core/Src/system_stm32f4xx.o
 .debug_aranges
                0x0000000000000270       0x28 Core/Startup/startup_stm32f446retx.o
 .debug_aranges
                0x0000000000000298       0xf0 Drivers/STM32F4xx_HAL_Driver/Src/stm32f4xx_hal.o
 .debug_aranges
                0x0000000000000388      0x118 Drivers/STM32F4xx_HAL_Driver/Src/stm32f4xx_hal_cortex.o
 .debug_aranges
                0x00000000000004a0       0x58 Drivers/STM32F4xx_HAL_Driver/Src/stm32f4xx_hal_gpio.o
 .debug_aranges
                0x00000000000004f8      0x298 Drivers/STM32F4xx_HAL_Driver/Src/stm32f4xx_hal_i2c.o
 .debug_aranges
                0x0000000000000790       0x60 Drivers/STM32F4xx_HAL_Driver/Src/stm32f4xx_hal_pwr_ex.o
 .debug_aranges
                0x00000000000007f0       0x88 Drivers/STM32F4xx_HAL_Driver/Src/stm32f4xx_hal_rcc.o
 .debug_aranges
                0x0000000000000878       0x78 Drivers/STM32F4xx_HAL_Driver/Src/stm32f4xx_hal_rcc_ex.o
 .debug_aranges
                0x00000000000008f0       0xb8 Drivers/STM32F4xx_HAL_Driver/Src/stm32f4xx_hal_rtc.o
 .debug_aranges
                0x00000000000009a8      0x130 Drivers/STM32F4xx_HAL_Driver/Src/stm32f4xx_hal_rtc_ex.o
 .debug_aranges
                0x0000000000000ad8      0x1d0 Drivers/STM32F4xx_HAL_Driver/Src/stm32f4xx_hal_spi.o
 .debug_aranges
                0x0000000000000ca8      0x1d0 Drivers/STM32F4xx_HAL_Driver/Src/stm32f4xx_hal_uart.o
 .debug_aranges
                0x0000000000000e78       0x28 FATFS/App/fatfs.o
 .debug_aranges
                0x0000000000000ea0       0x40 FATFS/Target/user_diskio.o
 .debug_aranges
                0x0000000000000ee0       0x48 Middlewares/Third_Party/FatFs/src/diskio.o
 .debug_aranges
                0x0000000000000f28      0x230 Middlewares/Third_Party/FatFs/src/ff.o
 .debug_aranges
                0x0000000000001158       0x40 Middlewares/Third_Party/FatFs/src/ff_gen_drv.o

.debug_ranges   0x0000000000000000     0x1050
 .debug_ranges  0x0000000000000000       0x90 Core/Src/fatfs_sd.o
 .debug_ranges  0x0000000000000090       0xa8 Core/Src/main.o
 .debug_ranges  0x0000000000000138       0x50 Core/Src/stm32f4xx_hal_msp.o
 .debug_ranges  0x0000000000000188       0x60 Core/Src/stm32f4xx_it.o
 .debug_ranges  0x00000000000001e8       0x10 Core/Src/sysmem.o
 .debug_ranges  0x00000000000001f8       0x18 Core/Src/system_stm32f4xx.o
 .debug_ranges  0x0000000000000210       0x20 Core/Startup/startup_stm32f446retx.o
 .debug_ranges  0x0000000000000230       0xe0 Drivers/STM32F4xx_HAL_Driver/Src/stm32f4xx_hal.o
 .debug_ranges  0x0000000000000310      0x108 Drivers/STM32F4xx_HAL_Driver/Src/stm32f4xx_hal_cortex.o
 .debug_ranges  0x0000000000000418       0x48 Drivers/STM32F4xx_HAL_Driver/Src/stm32f4xx_hal_gpio.o
 .debug_ranges  0x0000000000000460      0x2a8 Drivers/STM32F4xx_HAL_Driver/Src/stm32f4xx_hal_i2c.o
 .debug_ranges  0x0000000000000708       0x50 Drivers/STM32F4xx_HAL_Driver/Src/stm32f4xx_hal_pwr_ex.o
 .debug_ranges  0x0000000000000758       0x78 Drivers/STM32F4xx_HAL_Driver/Src/stm32f4xx_hal_rcc.o
 .debug_ranges  0x00000000000007d0       0x68 Drivers/STM32F4xx_HAL_Driver/Src/stm32f4xx_hal_rcc_ex.o
 .debug_ranges  0x0000000000000838       0xa8 Drivers/STM32F4xx_HAL_Driver/Src/stm32f4xx_hal_rtc.o
 .debug_ranges  0x00000000000008e0      0x120 Drivers/STM32F4xx_HAL_Driver/Src/stm32f4xx_hal_rtc_ex.o
 .debug_ranges  0x0000000000000a00      0x1c0 Drivers/STM32F4xx_HAL_Driver/Src/stm32f4xx_hal_spi.o
 .debug_ranges  0x0000000000000bc0      0x1c0 Drivers/STM32F4xx_HAL_Driver/Src/stm32f4xx_hal_uart.o
 .debug_ranges  0x0000000000000d80       0x18 FATFS/App/fatfs.o
 .debug_ranges  0x0000000000000d98       0x30 FATFS/Target/user_diskio.o
 .debug_ranges  0x0000000000000dc8       0x38 Middlewares/Third_Party/FatFs/src/diskio.o
 .debug_ranges  0x0000000000000e00      0x220 Middlewares/Third_Party/FatFs/src/ff.o
 .debug_ranges  0x0000000000001020       0x30 Middlewares/Third_Party/FatFs/src/ff_gen_drv.o

.debug_macro    0x0000000000000000    0x24546
 .debug_macro   0x0000000000000000      0x235 Core/Src/fatfs_sd.o
 .debug_macro   0x0000000000000235      0xa5a Core/Src/fatfs_sd.o
 .debug_macro   0x0000000000000c8f      0x196 Core/Src/fatfs_sd.o
 .debug_macro   0x0000000000000e25       0x2e Core/Src/fatfs_sd.o
 .debug_macro   0x0000000000000e53       0x28 Core/Src/fatfs_sd.o
 .debug_macro   0x0000000000000e7b       0x22 Core/Src/fatfs_sd.o
 .debug_macro   0x0000000000000e9d       0x8e Core/Src/fatfs_sd.o
 .debug_macro   0x0000000000000f2b       0x51 Core/Src/fatfs_sd.o
 .debug_macro   0x0000000000000f7c       0xef Core/Src/fatfs_sd.o
 .debug_macro   0x000000000000106b       0x6a Core/Src/fatfs_sd.o
 .debug_macro   0x00000000000010d5      0x1df Core/Src/fatfs_sd.o
 .debug_macro   0x00000000000012b4       0x1c Core/Src/fatfs_sd.o
 .debug_macro   0x00000000000012d0       0x22 Core/Src/fatfs_sd.o
 .debug_macro   0x00000000000012f2       0xdf Core/Src/fatfs_sd.o
 .debug_macro   0x00000000000013d1     0x102d Core/Src/fatfs_sd.o
 .debug_macro   0x00000000000023fe      0x11f Core/Src/fatfs_sd.o
 .debug_macro   0x000000000000251d    0x1672d Core/Src/fatfs_sd.o
 .debug_macro   0x0000000000018c4a       0x43 Core/Src/fatfs_sd.o
 .debug_macro   0x0000000000018c8d     0x3659 Core/Src/fatfs_sd.o
 .debug_macro   0x000000000001c2e6      0x174 Core/Src/fatfs_sd.o
 .debug_macro   0x000000000001c45a       0x5a Core/Src/fatfs_sd.o
 .debug_macro   0x000000000001c4b4      0xc90 Core/Src/fatfs_sd.o
 .debug_macro   0x000000000001d144      0x9fe Core/Src/fatfs_sd.o
 .debug_macro   0x000000000001db42      0x16d Core/Src/fatfs_sd.o
 .debug_macro   0x000000000001dcaf      0x117 Core/Src/fatfs_sd.o
 .debug_macro   0x000000000001ddc6      0x1a0 Core/Src/fatfs_sd.o
 .debug_macro   0x000000000001df66       0x27 Core/Src/fatfs_sd.o
 .debug_macro   0x000000000001df8d      0x287 Core/Src/fatfs_sd.o
 .debug_macro   0x000000000001e214       0x5f Core/Src/fatfs_sd.o
 .debug_macro   0x000000000001e273      0x236 Core/Src/fatfs_sd.o
 .debug_macro   0x000000000001e4a9      0x132 Core/Src/fatfs_sd.o
 .debug_macro   0x000000000001e5db      0x29c Core/Src/fatfs_sd.o
 .debug_macro   0x000000000001e877       0x2e Core/Src/fatfs_sd.o
 .debug_macro   0x000000000001e8a5      0x1b5 Core/Src/fatfs_sd.o
 .debug_macro   0x000000000001ea5a       0x22 Core/Src/fatfs_sd.o
 .debug_macro   0x000000000001ea7c       0xd6 Core/Src/fatfs_sd.o
 .debug_macro   0x000000000001eb52      0x11a Core/Src/fatfs_sd.o
 .debug_macro   0x000000000001ec6c       0xe8 Core/Src/fatfs_sd.o
 .debug_macro   0x000000000001ed54       0x89 Core/Src/fatfs_sd.o
 .debug_macro   0x000000000001eddd      0x31a Core/Src/fatfs_sd.o
 .debug_macro   0x000000000001f0f7      0x405 Core/Src/fatfs_sd.o
 .debug_macro   0x000000000001f4fc       0xe4 Core/Src/fatfs_sd.o
 .debug_macro   0x000000000001f5e0      0x225 Core/Src/fatfs_sd.o
 .debug_macro   0x000000000001f805      0x287 Core/Src/fatfs_sd.o
 .debug_macro   0x000000000001fa8c      0x126 Core/Src/fatfs_sd.o
 .debug_macro   0x000000000001fbb2       0x16 Core/Src/fatfs_sd.o
 .debug_macro   0x000000000001fbc8       0x7c Core/Src/fatfs_sd.o
 .debug_macro   0x000000000001fc44       0x6a Core/Src/fatfs_sd.o
 .debug_macro   0x000000000001fcae      0x421 Core/Src/main.o
 .debug_macro   0x00000000000200cf       0x4c Core/Src/main.o
 .debug_macro   0x000000000002011b       0xeb Core/Src/main.o
 .debug_macro   0x0000000000020206       0x18 Core/Src/main.o
 .debug_macro   0x000000000002021e       0x46 Core/Src/main.o
 .debug_macro   0x0000000000020264       0x3c Core/Src/main.o
 .debug_macro   0x00000000000202a0       0x34 Core/Src/main.o
 .debug_macro   0x00000000000202d4       0x16 Core/Src/main.o
 .debug_macro   0x00000000000202ea       0x35 Core/Src/main.o
 .debug_macro   0x000000000002031f       0x52 Core/Src/main.o
 .debug_macro   0x0000000000020371       0x1f Core/Src/main.o
 .debug_macro   0x0000000000020390       0x43 Core/Src/main.o
 .debug_macro   0x00000000000203d3       0x20 Core/Src/main.o
 .debug_macro   0x00000000000203f3      0x1a3 Core/Src/main.o
 .debug_macro   0x0000000000020596      0x32a Core/Src/main.o
 .debug_macro   0x00000000000208c0       0x16 Core/Src/main.o
 .debug_macro   0x00000000000208d6       0x29 Core/Src/main.o
 .debug_macro   0x00000000000208ff       0x12 Core/Src/main.o
 .debug_macro   0x0000000000020911       0xe2 Core/Src/main.o
 .debug_macro   0x00000000000209f3       0x8e Core/Src/main.o
 .debug_macro   0x0000000000020a81       0x1c Core/Src/main.o
 .debug_macro   0x0000000000020a9d       0x10 Core/Src/main.o
 .debug_macro   0x0000000000020aad       0x10 Core/Src/main.o
 .debug_macro   0x0000000000020abd       0x1c Core/Src/main.o
 .debug_macro   0x0000000000020ad9       0x52 Core/Src/main.o
 .debug_macro   0x0000000000020b2b       0x40 Core/Src/main.o
 .debug_macro   0x0000000000020b6b       0x10 Core/Src/main.o
 .debug_macro   0x0000000000020b7b       0x40 Core/Src/main.o
 .debug_macro   0x0000000000020bbb       0xd7 Core/Src/main.o
 .debug_macro   0x0000000000020c92       0x1c Core/Src/main.o
 .debug_macro   0x0000000000020cae       0x3d Core/Src/main.o
 .debug_macro   0x0000000000020ceb       0x16 Core/Src/main.o
 .debug_macro   0x0000000000020d01      0x145 Core/Src/main.o
 .debug_macro   0x0000000000020e46       0x16 Core/Src/main.o
 .debug_macro   0x0000000000020e5c       0x20 Core/Src/main.o
 .debug_macro   0x0000000000020e7c      0x205 Core/Src/stm32f4xx_hal_msp.o
 .debug_macro   0x0000000000021081      0x20f Core/Src/stm32f4xx_it.o
 .debug_macro   0x0000000000021290      0x1ae Core/Src/sysmem.o
 .debug_macro   0x000000000002143e      0x23b Core/Src/sysmem.o
 .debug_macro   0x0000000000021679       0x16 Core/Src/sysmem.o
 .debug_macro   0x000000000002168f      0x1fc Core/Src/system_stm32f4xx.o
 .debug_macro   0x000000000002188b      0x256 Drivers/STM32F4xx_HAL_Driver/Src/stm32f4xx_hal.o
 .debug_macro   0x0000000000021ae1      0x1f6 Drivers/STM32F4xx_HAL_Driver/Src/stm32f4xx_hal_cortex.o
 .debug_macro   0x0000000000021cd7      0x22c Drivers/STM32F4xx_HAL_Driver/Src/stm32f4xx_hal_gpio.o
 .debug_macro   0x0000000000021f03      0x236 Drivers/STM32F4xx_HAL_Driver/Src/stm32f4xx_hal_i2c.o
 .debug_macro   0x0000000000022139      0x20e Drivers/STM32F4xx_HAL_Driver/Src/stm32f4xx_hal_pwr_ex.o
 .debug_macro   0x0000000000022347      0x21a Drivers/STM32F4xx_HAL_Driver/Src/stm32f4xx_hal_rcc.o
 .debug_macro   0x0000000000022561      0x1f6 Drivers/STM32F4xx_HAL_Driver/Src/stm32f4xx_hal_rcc_ex.o
 .debug_macro   0x0000000000022757      0x1f7 Drivers/STM32F4xx_HAL_Driver/Src/stm32f4xx_hal_rtc.o
 .debug_macro   0x000000000002294e      0x1f6 Drivers/STM32F4xx_HAL_Driver/Src/stm32f4xx_hal_rtc_ex.o
 .debug_macro   0x0000000000022b44      0x205 Drivers/STM32F4xx_HAL_Driver/Src/stm32f4xx_hal_spi.o
 .debug_macro   0x0000000000022d49      0x1f7 Drivers/STM32F4xx_HAL_Driver/Src/stm32f4xx_hal_uart.o
 .debug_macro   0x0000000000022f40      0x31d FATFS/App/fatfs.o
 .debug_macro   0x000000000002325d       0xe5 FATFS/App/fatfs.o
 .debug_macro   0x0000000000023342      0x343 FATFS/Target/user_diskio.o
 .debug_macro   0x0000000000023685       0x10 FATFS/Target/user_diskio.o
 .debug_macro   0x0000000000023695       0xd9 FATFS/Target/user_diskio.o
 .debug_macro   0x000000000002376e       0x54 FATFS/Target/user_diskio.o
 .debug_macro   0x00000000000237c2      0x30a Middlewares/Third_Party/FatFs/src/diskio.o
 .debug_macro   0x0000000000023acc      0x718 Middlewares/Third_Party/FatFs/src/ff.o
 .debug_macro   0x00000000000241e4       0x58 Middlewares/Third_Party/FatFs/src/ff.o
 .debug_macro   0x000000000002423c      0x30a Middlewares/Third_Party/FatFs/src/ff_gen_drv.o

.debug_line     0x0000000000000000    0x10481
 .debug_line    0x0000000000000000      0xa6a Core/Src/fatfs_sd.o
 .debug_line    0x0000000000000a6a      0xc12 Core/Src/main.o
 .debug_line    0x000000000000167c      0x7de Core/Src/stm32f4xx_hal_msp.o
 .debug_line    0x0000000000001e5a      0x7d7 Core/Src/stm32f4xx_it.o
 .debug_line    0x0000000000002631      0x55e Core/Src/sysmem.o
 .debug_line    0x0000000000002b8f      0x724 Core/Src/system_stm32f4xx.o
 .debug_line    0x00000000000032b3       0x85 Core/Startup/startup_stm32f446retx.o
 .debug_line    0x0000000000003338      0x90e Drivers/STM32F4xx_HAL_Driver/Src/stm32f4xx_hal.o
 .debug_line    0x0000000000003c46      0xa32 Drivers/STM32F4xx_HAL_Driver/Src/stm32f4xx_hal_cortex.o
 .debug_line    0x0000000000004678      0x8d9 Drivers/STM32F4xx_HAL_Driver/Src/stm32f4xx_hal_gpio.o
 .debug_line    0x0000000000004f51     0x1b48 Drivers/STM32F4xx_HAL_Driver/Src/stm32f4xx_hal_i2c.o
 .debug_line    0x0000000000006a99      0x800 Drivers/STM32F4xx_HAL_Driver/Src/stm32f4xx_hal_pwr_ex.o
 .debug_line    0x0000000000007299      0x966 Drivers/STM32F4xx_HAL_Driver/Src/stm32f4xx_hal_rcc.o
 .debug_line    0x0000000000007bff      0xaf7 Drivers/STM32F4xx_HAL_Driver/Src/stm32f4xx_hal_rcc_ex.o
 .debug_line    0x00000000000086f6      0xa9e Drivers/STM32F4xx_HAL_Driver/Src/stm32f4xx_hal_rtc.o
 .debug_line    0x0000000000009194      0xddb Drivers/STM32F4xx_HAL_Driver/Src/stm32f4xx_hal_rtc_ex.o
 .debug_line    0x0000000000009f6f     0x10ca Drivers/STM32F4xx_HAL_Driver/Src/stm32f4xx_hal_spi.o
 .debug_line    0x000000000000b039     0x101c Drivers/STM32F4xx_HAL_Driver/Src/stm32f4xx_hal_uart.o
 .debug_line    0x000000000000c055      0x8e1 FATFS/App/fatfs.o
 .debug_line    0x000000000000c936      0x936 FATFS/Target/user_diskio.o
 .debug_line    0x000000000000d26c      0x909 Middlewares/Third_Party/FatFs/src/diskio.o
 .debug_line    0x000000000000db75     0x2003 Middlewares/Third_Party/FatFs/src/ff.o
 .debug_line    0x000000000000fb78      0x909 Middlewares/Third_Party/FatFs/src/ff_gen_drv.o

.debug_str      0x0000000000000000    0xd3b50
 .debug_str     0x0000000000000000    0xc9a77 Core/Src/fatfs_sd.o
                                      0xc9da1 (size before relaxing)
 .debug_str     0x00000000000c9a77     0x561f Core/Src/main.o
                                      0xcf3da (size before relaxing)
 .debug_str     0x00000000000cf096      0x5c8 Core/Src/stm32f4xx_hal_msp.o
                                      0xca737 (size before relaxing)
 .debug_str     0x00000000000cf65e       0xeb Core/Src/stm32f4xx_it.o
                                      0xc98b9 (size before relaxing)
 .debug_str     0x00000000000cf749      0x4d1 Core/Src/sysmem.o
                                       0x7ae8 (size before relaxing)
 .debug_str     0x00000000000cfc1a       0xc4 Core/Src/system_stm32f4xx.o
                                      0xc968b (size before relaxing)
 .debug_str     0x00000000000cfcde       0x36 Core/Startup/startup_stm32f446retx.o
                                         0x6a (size before relaxing)
 .debug_str     0x00000000000cfd14      0x58d Drivers/STM32F4xx_HAL_Driver/Src/stm32f4xx_hal.o
                                      0xca199 (size before relaxing)
 .debug_str     0x00000000000d02a1      0x399 Drivers/STM32F4xx_HAL_Driver/Src/stm32f4xx_hal_cortex.o
                                      0xc9f63 (size before relaxing)
 .debug_str     0x00000000000d063a      0x20c Drivers/STM32F4xx_HAL_Driver/Src/stm32f4xx_hal_gpio.o
                                      0xc98ca (size before relaxing)
 .debug_str     0x00000000000d0846      0xa86 Drivers/STM32F4xx_HAL_Driver/Src/stm32f4xx_hal_i2c.o
                                      0xca5b4 (size before relaxing)
 .debug_str     0x00000000000d12cc      0x135 Drivers/STM32F4xx_HAL_Driver/Src/stm32f4xx_hal_pwr_ex.o
                                      0xc986e (size before relaxing)
 .debug_str     0x00000000000d1401      0x24e Drivers/STM32F4xx_HAL_Driver/Src/stm32f4xx_hal_rcc.o
                                      0xc9a7d (size before relaxing)
 .debug_str     0x00000000000d164f      0x1af Drivers/STM32F4xx_HAL_Driver/Src/stm32f4xx_hal_rcc_ex.o
                                      0xc9acf (size before relaxing)
 .debug_str     0x00000000000d17fe      0x190 Drivers/STM32F4xx_HAL_Driver/Src/stm32f4xx_hal_rtc.o
                                      0xc9a13 (size before relaxing)
 .debug_str     0x00000000000d198e      0x577 Drivers/STM32F4xx_HAL_Driver/Src/stm32f4xx_hal_rtc_ex.o
                                      0xc9d59 (size before relaxing)
 .debug_str     0x00000000000d1f05      0x545 Drivers/STM32F4xx_HAL_Driver/Src/stm32f4xx_hal_spi.o
                                      0xc9ed4 (size before relaxing)
 .debug_str     0x00000000000d244a      0x50d Drivers/STM32F4xx_HAL_Driver/Src/stm32f4xx_hal_uart.o
                                      0xc9eb2 (size before relaxing)
 .debug_str     0x00000000000d2957       0x2f FATFS/App/fatfs.o
                                      0xccdac (size before relaxing)
 .debug_str     0x00000000000d2986       0x5a FATFS/Target/user_diskio.o
                                      0xcce3b (size before relaxing)
 .debug_str     0x00000000000d29e0       0x52 Middlewares/Third_Party/FatFs/src/diskio.o
                                      0xcccb9 (size before relaxing)
 .debug_str     0x00000000000d2a32     0x107c Middlewares/Third_Party/FatFs/src/ff.o
                                      0xcdf6b (size before relaxing)
 .debug_str     0x00000000000d3aae       0xa2 Middlewares/Third_Party/FatFs/src/ff_gen_drv.o
                                      0xccd0a (size before relaxing)

.comment        0x0000000000000000       0x7b
 .comment       0x0000000000000000       0x7b Core/Src/fatfs_sd.o
                                         0x7c (size before relaxing)
 .comment       0x000000000000007b       0x7c Core/Src/main.o
 .comment       0x000000000000007b       0x7c Core/Src/stm32f4xx_hal_msp.o
 .comment       0x000000000000007b       0x7c Core/Src/stm32f4xx_it.o
 .comment       0x000000000000007b       0x7c Core/Src/sysmem.o
 .comment       0x000000000000007b       0x7c Core/Src/system_stm32f4xx.o
 .comment       0x000000000000007b       0x7c Drivers/STM32F4xx_HAL_Driver/Src/stm32f4xx_hal.o
 .comment       0x000000000000007b       0x7c Drivers/STM32F4xx_HAL_Driver/Src/stm32f4xx_hal_cortex.o
 .comment       0x000000000000007b       0x7c Drivers/STM32F4xx_HAL_Driver/Src/stm32f4xx_hal_gpio.o
 .comment       0x000000000000007b       0x7c Drivers/STM32F4xx_HAL_Driver/Src/stm32f4xx_hal_i2c.o
 .comment       0x000000000000007b       0x7c Drivers/STM32F4xx_HAL_Driver/Src/stm32f4xx_hal_pwr_ex.o
 .comment       0x000000000000007b       0x7c Drivers/STM32F4xx_HAL_Driver/Src/stm32f4xx_hal_rcc.o
 .comment       0x000000000000007b       0x7c Drivers/STM32F4xx_HAL_Driver/Src/stm32f4xx_hal_rcc_ex.o
 .comment       0x000000000000007b       0x7c Drivers/STM32F4xx_HAL_Driver/Src/stm32f4xx_hal_rtc.o
 .comment       0x000000000000007b       0x7c Drivers/STM32F4xx_HAL_Driver/Src/stm32f4xx_hal_rtc_ex.o
 .comment       0x000000000000007b       0x7c Drivers/STM32F4xx_HAL_Driver/Src/stm32f4xx_hal_spi.o
 .comment       0x000000000000007b       0x7c Drivers/STM32F4xx_HAL_Driver/Src/stm32f4xx_hal_uart.o
 .comment       0x000000000000007b       0x7c FATFS/App/fatfs.o
 .comment       0x000000000000007b       0x7c FATFS/Target/user_diskio.o
 .comment       0x000000000000007b       0x7c Middlewares/Third_Party/FatFs/src/diskio.o
 .comment       0x000000000000007b       0x7c Middlewares/Third_Party/FatFs/src/ff.o
 .comment       0x000000000000007b       0x7c Middlewares/Third_Party/FatFs/src/ff_gen_drv.o

.debug_frame    0x0000000000000000     0x4c8c
 .debug_frame   0x0000000000000000      0x268 Core/Src/fatfs_sd.o
 .debug_frame   0x0000000000000268      0x2d8 Core/Src/main.o
 .debug_frame   0x0000000000000540      0x154 Core/Src/stm32f4xx_hal_msp.o
 .debug_frame   0x0000000000000694      0x148 Core/Src/stm32f4xx_it.o
 .debug_frame   0x00000000000007dc       0x34 Core/Src/sysmem.o
 .debug_frame   0x0000000000000810       0x58 Core/Src/system_stm32f4xx.o
 .debug_frame   0x0000000000000868      0x374 Drivers/STM32F4xx_HAL_Driver/Src/stm32f4xx_hal.o
 .debug_frame   0x0000000000000bdc      0x498 Drivers/STM32F4xx_HAL_Driver/Src/stm32f4xx_hal_cortex.o
 .debug_frame   0x0000000000001074      0x14c Drivers/STM32F4xx_HAL_Driver/Src/stm32f4xx_hal_gpio.o
 .debug_frame   0x00000000000011c0      0xc38 Drivers/STM32F4xx_HAL_Driver/Src/stm32f4xx_hal_i2c.o
 .debug_frame   0x0000000000001df8      0x14c Drivers/STM32F4xx_HAL_Driver/Src/stm32f4xx_hal_pwr_ex.o
 .debug_frame   0x0000000000001f44      0x1f0 Drivers/STM32F4xx_HAL_Driver/Src/stm32f4xx_hal_rcc.o
 .debug_frame   0x0000000000002134      0x1e0 Drivers/STM32F4xx_HAL_Driver/Src/stm32f4xx_hal_rcc_ex.o
 .debug_frame   0x0000000000002314      0x308 Drivers/STM32F4xx_HAL_Driver/Src/stm32f4xx_hal_rtc.o
 .debug_frame   0x000000000000261c      0x548 Drivers/STM32F4xx_HAL_Driver/Src/stm32f4xx_hal_rtc_ex.o
 .debug_frame   0x0000000000002b64      0x824 Drivers/STM32F4xx_HAL_Driver/Src/stm32f4xx_hal_spi.o
 .debug_frame   0x0000000000003388      0x844 Drivers/STM32F4xx_HAL_Driver/Src/stm32f4xx_hal_uart.o
 .debug_frame   0x0000000000003bcc       0x4c FATFS/App/fatfs.o
 .debug_frame   0x0000000000003c18       0xc4 FATFS/Target/user_diskio.o
 .debug_frame   0x0000000000003cdc       0xec Middlewares/Third_Party/FatFs/src/diskio.o
 .debug_frame   0x0000000000003dc8      0xa0c Middlewares/Third_Party/FatFs/src/ff.o
 .debug_frame   0x00000000000047d4       0xc8 Middlewares/Third_Party/FatFs/src/ff_gen_drv.o
 .debug_frame   0x000000000000489c       0x20 c:/st/stm32cubeide_1.2.0/stm32cubeide/plugins/com.st.stm32cube.ide.mcu.externaltools.gnu-tools-for-stm32.7-2018-q2-update.win32_1.0.0.201904181610/tools/bin/../lib/gcc/arm-none-eabi/7.3.1/../../../../arm-none-eabi/lib/thumb/v7e-m/fpv4-sp/hard\libc_nano.a(lib_a-errno.o)
 .debug_frame   0x00000000000048bc       0x2c c:/st/stm32cubeide_1.2.0/stm32cubeide/plugins/com.st.stm32cube.ide.mcu.externaltools.gnu-tools-for-stm32.7-2018-q2-update.win32_1.0.0.201904181610/tools/bin/../lib/gcc/arm-none-eabi/7.3.1/../../../../arm-none-eabi/lib/thumb/v7e-m/fpv4-sp/hard\libc_nano.a(lib_a-init.o)
 .debug_frame   0x00000000000048e8       0x20 c:/st/stm32cubeide_1.2.0/stm32cubeide/plugins/com.st.stm32cube.ide.mcu.externaltools.gnu-tools-for-stm32.7-2018-q2-update.win32_1.0.0.201904181610/tools/bin/../lib/gcc/arm-none-eabi/7.3.1/../../../../arm-none-eabi/lib/thumb/v7e-m/fpv4-sp/hard\libc_nano.a(lib_a-memset.o)
 .debug_frame   0x0000000000004908       0x6c c:/st/stm32cubeide_1.2.0/stm32cubeide/plugins/com.st.stm32cube.ide.mcu.externaltools.gnu-tools-for-stm32.7-2018-q2-update.win32_1.0.0.201904181610/tools/bin/../lib/gcc/arm-none-eabi/7.3.1/../../../../arm-none-eabi/lib/thumb/v7e-m/fpv4-sp/hard\libc_nano.a(lib_a-sprintf.o)
 .debug_frame   0x0000000000004974       0x90 c:/st/stm32cubeide_1.2.0/stm32cubeide/plugins/com.st.stm32cube.ide.mcu.externaltools.gnu-tools-for-stm32.7-2018-q2-update.win32_1.0.0.201904181610/tools/bin/../lib/gcc/arm-none-eabi/7.3.1/../../../../arm-none-eabi/lib/thumb/v7e-m/fpv4-sp/hard\libc_nano.a(lib_a-nano-svfprintf.o)
 .debug_frame   0x0000000000004a04       0x60 c:/st/stm32cubeide_1.2.0/stm32cubeide/plugins/com.st.stm32cube.ide.mcu.externaltools.gnu-tools-for-stm32.7-2018-q2-update.win32_1.0.0.201904181610/tools/bin/../lib/gcc/arm-none-eabi/7.3.1/../../../../arm-none-eabi/lib/thumb/v7e-m/fpv4-sp/hard\libc_nano.a(lib_a-nano-vfprintf_i.o)
 .debug_frame   0x0000000000004a64       0x28 c:/st/stm32cubeide_1.2.0/stm32cubeide/plugins/com.st.stm32cube.ide.mcu.externaltools.gnu-tools-for-stm32.7-2018-q2-update.win32_1.0.0.201904181610/tools/bin/../lib/gcc/arm-none-eabi/7.3.1/../../../../arm-none-eabi/lib/thumb/v7e-m/fpv4-sp/hard\libc_nano.a(lib_a-memcpy-stub.o)
 .debug_frame   0x0000000000004a8c       0x28 c:/st/stm32cubeide_1.2.0/stm32cubeide/plugins/com.st.stm32cube.ide.mcu.externaltools.gnu-tools-for-stm32.7-2018-q2-update.win32_1.0.0.201904181610/tools/bin/../lib/gcc/arm-none-eabi/7.3.1/../../../../arm-none-eabi/lib/thumb/v7e-m/fpv4-sp/hard\libc_nano.a(lib_a-memmove.o)
 .debug_frame   0x0000000000004ab4       0x38 c:/st/stm32cubeide_1.2.0/stm32cubeide/plugins/com.st.stm32cube.ide.mcu.externaltools.gnu-tools-for-stm32.7-2018-q2-update.win32_1.0.0.201904181610/tools/bin/../lib/gcc/arm-none-eabi/7.3.1/../../../../arm-none-eabi/lib/thumb/v7e-m/fpv4-sp/hard\libc_nano.a(lib_a-nano-freer.o)
 .debug_frame   0x0000000000004aec       0x2c c:/st/stm32cubeide_1.2.0/stm32cubeide/plugins/com.st.stm32cube.ide.mcu.externaltools.gnu-tools-for-stm32.7-2018-q2-update.win32_1.0.0.201904181610/tools/bin/../lib/gcc/arm-none-eabi/7.3.1/../../../../arm-none-eabi/lib/thumb/v7e-m/fpv4-sp/hard\libc_nano.a(lib_a-nano-mallocr.o)