main.c:101:6:HAL_GPIO_EXTI_Callback	16	static
main.c:108:5:bufsize	24	static
main.c:117:6:clear_buffer	16	static
main.c:124:6:send_uart	24	static
main.c:134:13:Set_Time	16	static
main.c:154:13:Set_Date	16	static
main.c:174:13:Set_Alarm	16	static
main.c:195:6:HAL_RTC_AlarmAEventCallback	56	static
main.c:218:5:main	88	static
main.c:435:6:SystemClock_Config	88	static
main.c:481:13:MX_ADC1_Init	24	static
main.c:526:13:MX_RTC_Init	8	static
main.c:583:13:MX_SPI1_Init	8	static
main.c:621:13:MX_USART1_UART_Init	8	static
main.c:654:13:MX_GPIO_Init	40	static
main.c:709:6:Error_Handler	4	static
